<html>
<body>
<pre>
<h1>µVision Build Log</h1>
<h2>Project:</h2>
U:\bglasner\My Documents\pics_before_chicks\FARMER\UVFrameworkTemplate.uvprojx
Project File Date:  05/21/2017

<h2>Output:</h2>
Build target 'BaseFrameworkTarget'
compiling FarmerRXSM.c...
.\Headers\FarmerTXSM.h(43): warning:  #1-D: last line of file ends without a newline
                                                        
Source\FarmerRXSM.c: 1 warning, 0 errors
linking...
Program Size: Code=15532 RO-data=1196 RW-data=124 ZI-data=2668  
After Build - User command #1: fromelf --bin --output .\Outputs\BaseTarget.bin .\Outputs\BaseTarget.axf
".\Outputs\BaseTarget.axf" - 0 Error(s), 1 Warning(s).
Load "U:\\bglasner\\My Documents\\pics_before_chicks\\FARMER\\Outputs\\BaseTarget.axf" 
Connecting: Mode=JTAG, Speed=1000000Hz
Erase Done.
Programming Done.
Verify OK.
                                        
Source\FarmerRXSM.c: 1 warning, 0 errors
compiling FarmerTXSM.c...
.\Headers\FarmerTXSM.h(43): warning:  #1-D: last line of file ends without a newline
                                                        
Source\FarmerTXSM.c(766): warning:  #1-D: last line of file ends without a newline
  }
Source\FarmerTXSM.c(481): warning:  #177-D: function "ClearMessageArray" was declared but never referenced
  static void ClearMessageArray( void )
Source\FarmerTXSM.c(492): warning:  #177-D: function "GenCheckSum" was declared but never referenced
  static void GenCheckSum ( void )
Source\FarmerTXSM.c(697): warning:  #177-D: function "setDriveCtrl" was declared but never referenced
  static void setDriveCtrl(void)
Source\FarmerTXSM.c(719): warning:  #177-D: function "setSteeringCtrl" was declared but never referenced
  static void setSteeringCtrl(void)
Source\FarmerTXSM.c(73): warning:  #177-D: variable "PacketLength" was declared but never referenced
  static uint8_t PacketLength;
Source\FarmerTXSM.c(77): warning:  #550-D: variable "TransEnable" was set but never used
  static bool   TransEnable;
Source\FarmerTXSM.c(747): warning:  #177-D: function "setDigitalCtrl" was declared but never referenced
  static void setDigitalCtrl(void)
Source\FarmerTXSM.c: 9 warnings, 0 errors
compiling I2C_Service.c...
compiling FarmerMasterSM.c...
.\Headers\FarmerTXSM.h(43): warning:  #1-D: last line of file ends without a newline
                                                        
Source\FarmerMasterSM.c(387): warning:  #1-D: last line of file ends without a newline
  }
Source\FarmerMasterSM.c(375): warning:  #177-D: function "LED_Setter" was declared but never referenced
  static void LED_Setter(void)
Source\FarmerMasterSM.c: 3 warnings, 0 errors
assembling startup_rvmdk.S...
compiling ES_CheckEvents.c...
compiling ES_DeferRecall.c...
compiling ES_Framework.c...
.\Headers\FarmerTXSM.h(43): warning:  #1-D: last line of file ends without a newline
                                                        
Source\ES_Framework.c: 1 warning, 0 errors
compiling ES_LookupTables.c...
compiling ES_Port.c...
compiling ES_PostList.c...
.\Headers\FarmerTXSM.h(43): warning:  #1-D: last line of file ends without a newline
                                                        
Source\ES_PostList.c(27): warning:  #177-D: function "PostToList" was declared but never referenced
  static bool PostToList(  PostFunc_t *const*FuncList, uint8_t ListSize, ES_Event NewEvent);
Source\ES_PostList.c: 2 warnings, 0 errors
compiling ES_Queue.c...
compiling ES_Timers.c...
.\Headers\FarmerTXSM.h(43): warning:  #1-D: last line of file ends without a newline
                                                        
Source\ES_Timers.c: 1 warning, 0 errors
compiling retarget.c...
compiling termio.c...
compiling uartstdio.c...
linking...
Program Size: Code=15508 RO-data=1196 RW-data=124 ZI-data=2668  
After Build - User command #1: fromelf --bin --output .\Outputs\BaseTarget.bin .\Outputs\BaseTarget.axf
".\Outputs\BaseTarget.axf" - 0 Error(s), 18 Warning(s).
Load "U:\\bglasner\\My Documents\\pics_before_chicks\\FARMER\\Outputs\\BaseTarget.axf" 
Connecting: Mode=JTAG, Speed=1000000Hz
Erase Done.
Programming Done.
Verify OK.
s\\pics_before_chicks\\FARMER\\Outputs\\BaseTarget.axf" 
Connecting: Mode=JTAG, Speed=1000000Hz
Erase Done.
Programming Done.
Verify OK.
Load "U:\\bglasner\\My Documents\\pics_before_chicks\\FARMER\\Outputs\\BaseTarget.axf" 
Connecting: Mode=JTAG, Speed=1000000Hz
Erase Done.
Programming Done.
Verify OK.
