<html>
<body>
<pre>
<h1>µVision Build Log</h1>
<h2>Project:</h2>
U:\dvlaming\My Documents\C\Code\Project\pics_before_chicks\FARMER\UVFrameworkTemplate.uvprojx
Project File Date:  05/24/2017

<h2>Output:</h2>
Build target 'BaseFrameworkTarget'
compiling I2C_Service.c...
linking...
Program Size: Code=15792 RO-data=1412 RW-data=144 ZI-data=3096  
After Build - User command #1: fromelf --bin --output .\Outputs\BaseTarget.bin .\Outputs\BaseTarget.axf
".\Outputs\BaseTarget.axf" - 0 Error(s), 0 Warning(s).
Load "U:\\dvlaming\\My Documents\\C\\Code\\Project\\pics_before_chicks\\FARMER\\Outputs\\BaseTarget.axf" 
Connecting: Mode=JTAG, Speed=1000000Hz
Erase Done.
Programming Done.
Verify OK.
Load "U:\\dvlaming\\My Documents\\C\\Code\\Project\\pics_before_chicks\\FARMER\\Outputs\\BaseTarget.axf" 
Connecting: Mode=JTAG, Speed=1000000Hz
Erase Done.
Programming Done.
Verify OK.
31): warning:  #177-D: function "InterpretStatus" was declared but never referenced
  static void InterpretStatus(void)
Source\FarmerRXSM.c(67): warning:  #550-D: variable "paired" was set but never used
  static bool paired;
Source\FarmerRXSM.c: 4 warnings, 0 errors
compiling FarmerTXSM.c...
Source\FarmerTXSM.c(509): warning:  #177-D: function "ClearMessageArray" was declared but never referenced
  static void ClearMessageArray( void )
Source\FarmerTXSM.c(46): warning:  #177-D: function "GenCheckSum" was declared but never referenced
  static void GenCheckSum( void );
Source\FarmerTXSM.c(719): warning:  #177-D: function "setDriveCtrl" was declared but never referenced
  static void setDriveCtrl(void)
Source\FarmerTXSM.c(741): warning:  #177-D: function "setSteeringCtrl" was declared but never referenced
  static void setSteeringCtrl(void)
Source\FarmerTXSM.c(73): warning:  #177-D: variable "PacketLength" was declared but never referenced
  static uint8_t PacketLength;
Source\FarmerTXSM.c(77): warning:  #550-D: variable "TransEnable" was set but never used
  static bool   TransEnable;
Source\FarmerTXSM.c(769): warning:  #177-D: function "setDigitalCtrl" was declared but never referenced
  static void setDigitalCtrl(void)
Source\FarmerTXSM.c: 7 warnings, 0 errors
compiling I2C_Service.c...
compiling FarmerMasterSM.c...
Source\FarmerMasterSM.c(461): warning:  #177-D: function "LED_Setter" was declared but never referenced
  static void LED_Setter(void)
Source\FarmerMasterSM.c(55): warning:  #177-D: variable "DogSelect" was declared but never referenced
  static uint8_t DogSelect;
Source\FarmerMasterSM.c: 2 warnings, 0 errors
assembling startup_rvmdk.S...
compiling ES_CheckEvents.c...
compiling ES_DeferRecall.c...
compiling ES_Framework.c...
compiling ES_LookupTables.c...
compiling ES_Port.c...
compiling ES_PostList.c...
Source\ES_PostList.c(27): warning:  #177-D: function "PostToList" was declared but never referenced
  static bool PostToList(  PostFunc_t *const*FuncList, uint8_t ListSize, ES_Event NewEvent);
Source\ES_PostList.c: 1 warning, 0 errors
compiling ES_Queue.c...
compiling ES_Timers.c...
compiling retarget.c...
compiling termio.c...
compiling uartstdio.c...
linking...
Program Size: Code=15768 RO-data=1412 RW-data=144 ZI-data=3096  
After Build - User command #1: fromelf --bin --output .\Outputs\BaseTarget.bin .\Outputs\BaseTarget.axf
".\Outputs\BaseTarget.axf" - 0 Error(s), 14 Warning(s).
Load "U:\\dvlaming\\My Documents\\C\\Code\\Project\\pics_before_chicks\\FARMER\\Outputs\\BaseTarget.axf" 
Connecting: Mode=JTAG, Speed=1000000Hz
Connection failed!, error code=&d
Error: Flash Download failed  -  Target DLL has been cancelled
Load "U:\\dvlaming\\My Documents\\C\\Code\\Project\\pics_before_chicks\\FARMER\\Outputs\\BaseTarget.axf" 
Connecting: Mode=JTAG, Speed=1000000Hz
Erase Done.
Programming Done.
Verify OK.
6: cannot open file
Error: Flash Download failed  -  Could not load file 'U:\dvlaming\My Documents\C\Code\Project\pics_before_chicks\FARMER\Outputs\BaseTarget.axf'
Load "U:\\dvlaming\\My Documents\\C\\Code\\Project\\pics_before_chicks\\FARMER\\Outputs\\BaseTarget.axf" 
_____^
*** error 56: cannot open file
Error: Flash Download failed  -  Could not load file 'U:\dvlaming\My Documents\C\Code\Project\pics_before_chicks\FARMER\Outputs\BaseTarget.axf'
