Product: MDK-ARM Professional 5.10
Component: ARM Compiler 5.04 update 1 (build 49)
Tool: armlink [5040049]

==============================================================================

Section Cross References

    main.o(i.main) refers to _printf_percent.o(.ARM.Collect$$_printf_percent$$00000000) for _printf_percent
    main.o(i.main) refers to _printf_s.o(.ARM.Collect$$_printf_percent$$00000014) for _printf_s
    main.o(i.main) refers to _printf_str.o(.text) for _printf_str
    main.o(i.main) refers to enablepa25_pb23_pd7_pf0.o(i.PortFunctionInit) for PortFunctionInit
    main.o(i.main) refers to sysctl.o(i.SysCtlClockSet) for SysCtlClockSet
    main.o(i.main) refers to termio.o(i.TERMIO_Init) for TERMIO_Init
    main.o(i.main) refers to noretval__2printf.o(.text) for __2printf
    main.o(i.main) refers to puts.o(.text) for puts
    main.o(i.main) refers to hardware.o(i.Hardware_Init) for Hardware_Init
    main.o(i.main) refers to es_framework.o(i.ES_Initialize) for ES_Initialize
    main.o(i.main) refers to es_framework.o(i.ES_Run) for ES_Run
    eventcheckers.o(i.Check4BadCheckSum) refers to noretval__2printf.o(.text) for __2printf
    eventcheckers.o(i.Check4BadCheckSum) refers to eventcheckers.o(.data) for .data
    eventcheckers.o(i.Check4Keystroke) refers to _printf_percent.o(.ARM.Collect$$_printf_percent$$00000000) for _printf_percent
    eventcheckers.o(i.Check4Keystroke) refers to _printf_c.o(.ARM.Collect$$_printf_percent$$00000013) for _printf_c
    eventcheckers.o(i.Check4Keystroke) refers to _printf_str.o(.text) for _printf_str
    eventcheckers.o(i.Check4Keystroke) refers to termio.o(i.kbhit) for kbhit
    eventcheckers.o(i.Check4Keystroke) refers to getc.o(.text) for getc
    eventcheckers.o(i.Check4Keystroke) refers to noretval__2printf.o(.text) for __2printf
    eventcheckers.o(i.Check4Keystroke) refers to farmerrxsm.o(i.PostFarmerRXSM) for PostFarmerRXSM
    eventcheckers.o(i.Check4Keystroke) refers to farmerrxsm.o(i.setPair) for setPair
    eventcheckers.o(i.Check4Keystroke) refers to farmerrxsm.o(i.setUnpair) for setUnpair
    eventcheckers.o(i.Check4Keystroke) refers to farmermastersm.o(i.PostFarmerMasterSM) for PostFarmerMasterSM
    eventcheckers.o(i.Check4Keystroke) refers to farmertxsm.o(i.setFarmerDataHeader) for setFarmerDataHeader
    eventcheckers.o(i.Check4Keystroke) refers to farmertxsm.o(i.PostFarmerTXSM) for PostFarmerTXSM
    eventcheckers.o(i.Check4Keystroke) refers to retarget.o(.data) for __stdin
    eventcheckers.o(i.CheckButton) refers to r_buttondebounce.o(i.PostR_ButtonDebounce) for PostR_ButtonDebounce
    eventcheckers.o(i.CheckButton) refers to l_buttondebounce.o(i.PostL_ButtonDebounce) for PostL_ButtonDebounce
    eventcheckers.o(i.CheckButton) refers to reverse_buttondebounce.o(i.PostREV_ButtonDebounce) for PostREV_ButtonDebounce
    eventcheckers.o(i.CheckButton) refers to peripheral_buttondebounce.o(i.PostP_ButtonDebounce) for PostP_ButtonDebounce
    eventcheckers.o(i.CheckButton) refers to eventcheckers.o(.data) for .data
    eventcheckers.o(i.CheckSound) refers to admulti.o(i.ADC_MultiRead) for ADC_MultiRead
    eventcheckers.o(i.CheckSound) refers to farmermastersm.o(i.PostFarmerMasterSM) for PostFarmerMasterSM
    eventcheckers.o(i.CheckSound) refers to noretval__2printf.o(.text) for __2printf
    eventcheckers.o(i.CheckSound) refers to eventcheckers.o(.data) for .data
    eventcheckers.o(i.SetBadCheckSum) refers to eventcheckers.o(.data) for .data
    templatefsm.o(i.InitTemplateFSM) refers to es_framework.o(i.ES_PostToService) for ES_PostToService
    templatefsm.o(i.InitTemplateFSM) refers to templatefsm.o(.data) for .data
    templatefsm.o(i.PostTemplateFSM) refers to es_framework.o(i.ES_PostToService) for ES_PostToService
    templatefsm.o(i.PostTemplateFSM) refers to templatefsm.o(.data) for .data
    templatefsm.o(i.QueryTemplateFSM) refers to templatefsm.o(.data) for .data
    templatefsm.o(i.RunTemplateFSM) refers to templatefsm.o(.data) for .data
    es_shorttimer.o(i.ES_ShortTimerInit) refers to sysctl.o(i.SysCtlPeripheralEnable) for SysCtlPeripheralEnable
    es_shorttimer.o(i.ES_ShortTimerInit) refers to timer.o(i.TimerConfigure) for TimerConfigure
    es_shorttimer.o(i.ES_ShortTimerInit) refers to timer.o(i.TimerPrescaleSet) for TimerPrescaleSet
    es_shorttimer.o(i.ES_ShortTimerInit) refers to es_shorttimer.o(.data) for .data
    es_shorttimer.o(i.ES_ShortTimerStart) refers to es_shorttimer.o(i.ShortTimerBHandler) for ShortTimerBHandler
    es_shorttimer.o(i.ES_ShortTimerStart) refers to timer.o(i.TimerLoadSet) for TimerLoadSet
    es_shorttimer.o(i.ES_ShortTimerStart) refers to timer.o(i.TimerIntEnable) for TimerIntEnable
    es_shorttimer.o(i.ES_ShortTimerStart) refers to interrupt.o(i.IntEnable) for IntEnable
    es_shorttimer.o(i.ES_ShortTimerStart) refers to timer.o(i.TimerEnable) for TimerEnable
    es_shorttimer.o(i.ES_ShortTimerStart) refers to es_shorttimer.o(i.ShortTimerAHandler) for ShortTimerAHandler
[...]
    i.BuildPacket                            0x00000b00   Section        0  farmertxsm.o(i.BuildPacket)
    BuildPacket                              0x00000b01   Thumb Code   108  farmertxsm.o(i.BuildPacket)
    i.BuildReq2PairPacket                    0x00000c3c   Section        0  farmertxsm.o(i.BuildReq2PairPacket)
    BuildReq2PairPacket                      0x00000c3d   Thumb Code    36  farmertxsm.o(i.BuildReq2PairPacket)
    i.CPUgetPRIMASK_cpsid                    0x00000c9c   Section        0  es_port.o(i.CPUgetPRIMASK_cpsid)
    i.CPUsetPRIMASK                          0x00000ca4   Section        0  es_port.o(i.CPUsetPRIMASK)
    i.Check4BadCheckSum                      0x00000cac   Section        0  eventcheckers.o(i.Check4BadCheckSum)
    i.Check4Keystroke                        0x00000cec   Section        0  eventcheckers.o(i.Check4Keystroke)
    i.CheckButton                            0x00000eb8   Section        0  eventcheckers.o(i.CheckButton)
    i.CheckSound                             0x00000f88   Section        0  eventcheckers.o(i.CheckSound)
    i.DisableLeftBrake                       0x00000fdc   Section        0  farmertxsm.o(i.DisableLeftBrake)
    i.DisableReverse                         0x00000fe8   Section        0  farmertxsm.o(i.DisableReverse)
    i.DisableRightBrake                      0x00000ff4   Section        0  farmertxsm.o(i.DisableRightBrake)
    i.ES_CheckUserEvents                     0x00001000   Section        0  es_checkevents.o(i.ES_CheckUserEvents)
    i.ES_DeQueue                             0x00001028   Section        0  es_queue.o(i.ES_DeQueue)
    i.ES_EnQueueFIFO                         0x0000107c   Section        0  es_queue.o(i.ES_EnQueueFIFO)
    i.ES_GetMSBitSet                         0x000010c4   Section        0  es_lookuptables.o(i.ES_GetMSBitSet)
    i.ES_InitQueue                           0x000010f8   Section        0  es_queue.o(i.ES_InitQueue)
    i.ES_Initialize                          0x00001108   Section        0  es_framework.o(i.ES_Initialize)
    i.ES_PostToService                       0x00001154   Section        0  es_framework.o(i.ES_PostToService)
    i.ES_Run                                 0x0000118c   Section        0  es_framework.o(i.ES_Run)
    i.ES_Timer_Init                          0x000011ec   Section        0  es_timers.o(i.ES_Timer_Init)
    i.ES_Timer_InitTimer                     0x000011f0   Section        0  es_timers.o(i.ES_Timer_InitTimer)
    i.ES_Timer_Tick_Resp                     0x0000122c   Section        0  es_timers.o(i.ES_Timer_Tick_Resp)
    i.EnableLeftBrake                        0x00001298   Section        0  farmertxsm.o(i.EnableLeftBrake)
    i.EnableReverse                          0x000012a4   Section        0  farmertxsm.o(i.EnableReverse)
    i.EnableRightBrake                       0x000012b0   Section        0  farmertxsm.o(i.EnableRightBrake)
    i.FarmerRX_ISR                           0x000012bc   Section        0  farmerrxsm.o(i.FarmerRX_ISR)
    i.FarmerTX_ISR                           0x0000144c   Section        0  farmertxsm.o(i.FarmerTX_ISR)
    i.GPIODirModeSet                         0x000014bc   Section        0  gpio.o(i.GPIODirModeSet)
    i.GPIOPadConfigSet                       0x000014e4   Section        0  gpio.o(i.GPIOPadConfigSet)
    i.GPIOPinConfigure                       0x00001620   Section        0  gpio.o(i.GPIOPinConfigure)
    i.GPIOPinTypeGPIOInput                   0x00001668   Section        0  gpio.o(i.GPIOPinTypeGPIOInput)
    i.GPIOPinTypeUART                        0x00001684   Section        0  gpio.o(i.GPIOPinTypeUART)
    i.Hardware_Init                          0x000016a0   Section        0  hardware.o(i.Hardware_Init)
    i.I2C_ISR                                0x000016f4   Section        0  i2c_service.o(i.I2C_ISR)
    i.I2C_Init                               0x00001834   Section        0  hardware.o(i.I2C_Init)
    I2C_Init                                 0x00001835   Thumb Code   154  hardware.o(i.I2C_Init)
    i.IO_Init                                0x000018e0   Section        0  hardware.o(i.IO_Init)
    IO_Init                                  0x000018e1   Thumb Code    96  hardware.o(i.IO_Init)
    i.InitFarmerMasterSM                     0x00001958   Section        0  farmermastersm.o(i.InitFarmerMasterSM)
    i.InitFarmerRXSM                         0x0000197c   Section        0  farmerrxsm.o(i.InitFarmerRXSM)
    i.InitFarmerTXSM                         0x000019c8   Section        0  farmertxsm.o(i.InitFarmerTXSM)
    i.InitL_ButtonDebounce                   0x000019f4   Section        0  l_buttondebounce.o(i.InitL_ButtonDebounce)
    i.InitP_ButtonDebounce                   0x00001a1c   Section        0  peripheral_buttondebounce.o(i.InitP_ButtonDebounce)
    i.InitREV_ButtonDebounce                 0x00001a44   Section        0  reverse_buttondebounce.o(i.InitREV_ButtonDebounce)
    i.InitR_ButtonDebounce                   0x00001a6c   Section        0  r_buttondebounce.o(i.InitR_ButtonDebounce)
    i.Init_I2C                               0x00001a94   Section        0  i2c_service.o(i.Init_I2C)
    i.IntMasterEnable                        0x00001aac   Section        0  interrupt.o(i.IntMasterEnable)
    i.PWM_Init                               0x00001abc   Section        0  hardware.o(i.PWM_Init)
    PWM_Init                                 0x00001abd   Thumb Code   148  hardware.o(i.PWM_Init)
    i.PortFunctionInit                       0x00001b68   Section        0  enablepa25_pb23_pd7_pf0.o(i.PortFunctionInit)
    i.PostFarmerMasterSM                     0x00001c08   Section        0  farmermastersm.o(i.PostFarmerMasterSM)
    i.PostFarmerRXSM                         0x00001c18   Section        0  farmerrxsm.o(i.PostFarmerRXSM)
    i.PostFarmerTXSM                         0x00001c28   Section        0  farmertxsm.o(i.PostFarmerTXSM)
    i.PostL_ButtonDebounce                   0x00001c38   Section        0  l_buttondebounce.o(i.PostL_ButtonDebounce)
    i.PostP_ButtonDebounce                   0x00001c48   Section        0  peripheral_buttondebounce.o(i.PostP_ButtonDebounce)
    i.PostREV_ButtonDebounce                 0x00001c58   Section        0  reverse_buttondebounce.o(i.PostREV_ButtonDebounce)
    i.PostR_ButtonDebounce                   0x00001c68   Section        0  r_buttondebounce.o(i.PostR_ButtonDebounce)
    i.Post_I2C                               0x00001c78   Section        0  i2c_service.o(i.Post_I2C)
    i.RXTX_ISR                               0x00001c88   Section        0  farmerrxsm.o(i.RXTX_ISR)
    i.RunFarmerMasterSM                      0x00001cc0   Section        0  farmermastersm.o(i.RunFarmerMasterSM)
    i.RunFarmerRXSM                          0x0000227c   Section        0  farmerrxsm.o(i.RunFarmerRXSM)
    i.RunFarmerTXSM                          0x00002318   Section        0  farmertxsm.o(i.RunFarmerTXSM)
    i.RunL_ButtonDebounce                    0x00002468   Section        0  l_buttondebounce.o(i.RunL_ButtonDebounce)
    i.RunP_ButtonDebounce                    0x000024f8   Section        0  peripheral_buttondebounce.o(i.RunP_ButtonDebounce)
    i.RunREV_ButtonDebounce                  0x00002588   Section        0  reverse_buttondebounce.o(i.RunREV_ButtonDebounce)
    i.RunR_ButtonDebounce                    0x0000261c   Section        0  r_buttondebounce.o(i.RunR_ButtonDebounce)
    i.Run_I2C                                0x000026ac   Section        0  i2c_service.o(i.Run_I2C)
    i.SetBadCheckSum                         0x00002890   Section        0  eventcheckers.o(i.SetBadCheckSum)
    i.ShortTimerAHandler                     0x0000289c   Section        0  es_shorttimer.o(i.ShortTimerAHandler)
    i.ShortTimerBHandler                     0x000028d0   Section        0  es_shorttimer.o(i.ShortTimerBHandler)
    i.SysCtlClockSet                         0x00002908   Section        0  sysctl.o(i.SysCtlClockSet)
    i.SysCtlPeripheralEnable                 0x00002a28   Section        0  sysctl.o(i.SysCtlPeripheralEnable)
    i.SysTickEnable                          0x00002a50   Section        0  systick.o(i.SysTickEnable)
    i.SysTickIntEnable                       0x00002a5e   Section        0  systick.o(i.SysTickIntEnable)
    i.SysTickIntHandler                      0x00002a6c   Section        0  es_port.o(i.SysTickIntHandler)
    i.SysTickPeriodSet                       0x00002a80   Section        0  systick.o(i.SysTickPeriodSet)
    i.TERMIO_GetChar                         0x00002a8a   Section        0  termio.o(i.TERMIO_GetChar)
    i.TERMIO_Init                            0x00002a90   Section        0  termio.o(i.TERMIO_Init)
    i.TERMIO_PutChar                         0x00002ae0   Section        0  termio.o(i.TERMIO_PutChar)
    i.TimerIntClear                          0x00002aec   Section        0  timer.o(i.TimerIntClear)
    i.TogglePeripheral                       0x00002af0   Section        0  farmertxsm.o(i.TogglePeripheral)
    i.UARTCharPut                            0x00002b00   Section        0  uart.o(i.UARTCharPut)
    i.UARTClockSourceSet                     0x00002b0c   Section        0  uart.o(i.UARTClockSourceSet)
    i.UARTStdioConfig                        0x00002b14   Section        0  uartstdio.o(i.UARTStdioConfig)
    i.UART_Init                              0x00002b70   Section        0  hardware.o(i.UART_Init)
    UART_Init                                0x00002b71   Thumb Code   176  hardware.o(i.UART_Init)
    i.UARTgetc                               0x00002c5c   Section        0  uartstdio.o(i.UARTgetc)
    i._HW_Process_Pending_Ints               0x00002c74   Section        0  es_port.o(i._HW_Process_Pending_Ints)
    i._HW_Timer_Init                         0x00002c94   Section        0  es_port.o(i._HW_Timer_Init)
    i.__ARM_fpclassify                       0x00002caa   Section        0  fpclassify.o(i.__ARM_fpclassify)
    i.__hardfp_atan                          0x00002ce0   Section        0  atan.o(i.__hardfp_atan)
    i.__hardfp_atan2                         0x00002fc0   Section        0  atan2.o(i.__hardfp_atan2)
    i.__kernel_poly                          0x000031b0   Section        0  poly.o(i.__kernel_poly)
    i.__mathlib_dbl_underflow                0x000032a8   Section        0  dunder.o(i.__mathlib_dbl_underflow)
    i._is_digit                              0x000032c8   Section        0  __printf_wp.o(i._is_digit)
    i._sys_exit                              0x000032d6   Section        0  retarget.o(i._sys_exit)
    i.atan                                   0x000032d8   Section        0  atan.o(i.atan)
    i.calculateChecksum                      0x000032e8   Section        0  farmertxsm.o(i.calculateChecksum)
    calculateChecksum                        0x000032e9   Thumb Code    42  farmertxsm.o(i.calculateChecksum)
    i.clearControls                          0x0000331c   Section        0  farmertxsm.o(i.clearControls)
    i.fabs                                   0x00003330   Section        0  fabs.o(i.fabs)
    i.ferror                                 0x00003348   Section        0  retarget.o(i.ferror)
    i.fgetc                                  0x0000334e   Section        0  retarget.o(i.fgetc)
    i.fputc                                  0x00003352   Section        0  retarget.o(i.fputc)
    i.getDestAddrLSB                         0x00003360   Section        0  farmertxsm.o(i.getDestAddrLSB)
    i.getDestAddrMSB                         0x0000336c   Section        0  farmertxsm.o(i.getDestAddrMSB)
    i.getDogAddrLSB                          0x00003378   Section        0  farmerrxsm.o(i.getDogAddrLSB)
    i.getDogAddrMSB                          0x00003384   Section        0  farmerrxsm.o(i.getDogAddrMSB)
    i.getEncryptionKeyIndex                  0x00003390   Section        0  farmertxsm.o(i.getEncryptionKeyIndex)
    i.getHeader                              0x0000339c   Section        0  farmerrxsm.o(i.getHeader)
    i.kbhit                                  0x000033a8   Section        0  termio.o(i.kbhit)
    i.main                                   0x000033bc   Section        0  main.o(i.main)
    i.resetEncryptionIndex                   0x00003594   Section        0  farmertxsm.o(i.resetEncryptionIndex)
    i.setDestDogAddress                      0x000035a0   Section        0  farmertxsm.o(i.setDestDogAddress)
    i.setDigitalCtrl                         0x000035e4   Section        0  farmertxsm.o(i.setDigitalCtrl)
    setDigitalCtrl                           0x000035e5   Thumb Code    46  farmertxsm.o(i.setDigitalCtrl)
    i.setDogTag                              0x00003618   Section        0  farmertxsm.o(i.setDogTag)
    i.setFarmerDataHeader                    0x00003624   Section        0  farmertxsm.o(i.setFarmerDataHeader)
    i.setPair                                0x00003718   Section        0  farmerrxsm.o(i.setPair)
    i.setUnpair                              0x00003724   Section        0  farmerrxsm.o(i.setUnpair)
    x$fpl$basic                              0x00003730   Section       24  basic.o(x$fpl$basic)
    $v0                                      0x00003730   Number         0  basic.o(x$fpl$basic)
    x$fpl$dadd                               0x00003748   Section      336  daddsub_clz.o(x$fpl$dadd)
    $v0                                      0x00003748   Number         0  daddsub_clz.o(x$fpl$dadd)
    _dadd1                                   0x00003759   Thumb Code     0  daddsub_clz.o(x$fpl$dadd)
    x$fpl$ddiv                               0x00003898   Section      688  ddiv.o(x$fpl$ddiv)
    $v0                                      0x00003898   Number         0  ddiv.o(x$fpl$ddiv)
    ddiv_entry                               0x0000389f   Thumb Code     0  ddiv.o(x$fpl$ddiv)
    x$fpl$dmul                               0x00003b48   Section      340  dmul.o(x$fpl$dmul)
    $v0                                      0x00003b48   Number         0  dmul.o(x$fpl$dmul)
    x$fpl$dnaninf                            0x00003c9c   Section      156  dnaninf.o(x$fpl$dnaninf)
    $v0                                      0x00003c9c   Number         0  dnaninf.o(x$fpl$dnaninf)
    x$fpl$dretinf                            0x00003d38   Section       12  dretinf.o(x$fpl$dretinf)
    $v0                                      0x00003d38   Number         0  dretinf.o(x$fpl$dretinf)
    x$fpl$drsb                               0x00003d44   Section       22  daddsub_clz.o(x$fpl$drsb)
    $v0                                      0x00003d44   Number         0  daddsub_clz.o(x$fpl$drsb)
    x$fpl$dsub                               0x00003d5c   Section      468  daddsub_clz.o(x$fpl$dsub)
    $v0                                      0x00003d5c   Number         0  daddsub_clz.o(x$fpl$dsub)
    _dsub1                                   0x00003d6d   Thumb Code     0  daddsub_clz.o(x$fpl$dsub)
    x$fpl$f2d                                0x00003f30   Section       86  f2d.o(x$fpl$f2d)
    $v0                                      0x00003f30   Number         0  f2d.o(x$fpl$f2d)
    x$fpl$fnaninf                            0x00003f86   Section      140  fnaninf.o(x$fpl$fnaninf)
    $v0                                      0x00003f86   Number         0  fnaninf.o(x$fpl$fnaninf)
    x$fpl$fpinit                             0x00004012   Section       10  fpinit.o(x$fpl$fpinit)
    $v0                                      0x00004012   Number         0  fpinit.o(x$fpl$fpinit)
    .constdata                               0x0000401c   Section       48  admulti.o(.constdata)
    x$fpl$usenofp                            0x0000401c   Section        0  usenofp.o(x$fpl$usenofp)
    HowMany2Mask                             0x0000401c   Data          16  admulti.o(.constdata)
    HowMany2Mux                              0x0000402c   Data          16  admulti.o(.constdata)
    HowMany2CTL                              0x0000403c   Data          16  admulti.o(.constdata)
    .constdata                               0x0000404c   Section       16  es_checkevents.o(.constdata)
    ES_EventList                             0x0000404c   Data          16  es_checkevents.o(.constdata)
    .constdata                               0x0000405c   Section      128  es_framework.o(.constdata)
    ServDescList                             0x0000405c   Data          64  es_framework.o(.constdata)
    EventQueues                              0x0000409c   Data          64  es_framework.o(.constdata)
    .constdata                               0x000040dc   Section       32  es_lookuptables.o(.constdata)
    .constdata                               0x000040fc   Section       15  es_lookuptables.o(.constdata)
    .constdata                               0x0000410c   Section       64  es_timers.o(.constdata)
    Timer2PostFunc                           0x0000410c   Data          64  es_timers.o(.constdata)
    .constdata                               0x0000414c   Section       28  uartstdio.o(.constdata)
    g_pcHex                                  0x0000414c   Data           4  uartstdio.o(.constdata)
    g_ui32UARTBase                           0x00004150   Data          12  uartstdio.o(.constdata)
    g_ui32UARTPeriph                         0x0000415c   Data          12  uartstdio.o(.constdata)
    .constdata                               0x00004168   Section      528  gpio.o(.constdata)
    g_ppui32GPIOIntMapBlizzard               0x00004168   Data         192  gpio.o(.constdata)
    g_ppui32GPIOIntMapSnowflake              0x00004228   Data         192  gpio.o(.constdata)
    g_pui32GPIOBaseAddrs                     0x000042e8   Data         144  gpio.o(.constdata)
    .constdata                               0x00004378   Section       40  _printf_hex_int.o(.constdata)
    uc_hextab                                0x00004378   Data          20  _printf_hex_int.o(.constdata)
    lc_hextab                                0x0000438c   Data          20  _printf_hex_int.o(.constdata)
    .constdata                               0x000043a0   Section       17  __printf_flags_wp.o(.constdata)
    maptable                                 0x000043a0   Data          17  __printf_flags_wp.o(.constdata)
    .constdata                               0x000043b8   Section      152  atan.o(.constdata)
    atanhi                                   0x000043b8   Data          32  atan.o(.constdata)
    atanlo                                   0x000043d8   Data          32  atan.o(.constdata)
    aTodd                                    0x000043f8   Data          40  atan.o(.constdata)
    aTeven                                   0x00004420   Data          48  atan.o(.constdata)
    .constdata                               0x00004450   Section        8  qnan.o(.constdata)
    .conststring                             0x00004458   Section       66  farmertxsm.o(.conststring)
    .conststring                             0x0000449c   Section      210  farmermastersm.o(.conststring)
    .conststring                             0x00004570   Section       17  uartstdio.o(.conststring)
    .data                                    0x20000000   Section        8  eventcheckers.o(.data)
    BadCheckSum                              0x20000000   Data           1  eventcheckers.o(.data)
    R_Button_Last                            0x20000001   Data           1  eventcheckers.o(.data)
    L_Button_Last                            0x20000002   Data           1  eventcheckers.o(.data)
    REV_Button_Last                          0x20000003   Data           1  eventcheckers.o(.data)
    P_Button_Last                            0x20000004   Data           1  eventcheckers.o(.data)
    LastVolume                               0x20000006   Data           2  eventcheckers.o(.data)
    .data                                    0x20000008   Section        2  es_shorttimer.o(.data)
    Timer_A_Priority                         0x20000008   Data           1  es_shorttimer.o(.data)
    Timer_B_Priority                         0x20000009   Data           1  es_shorttimer.o(.data)
    .data                                    0x2000000a   Section        1  admulti.o(.data)
    NumChannelsConverting                    0x2000000a   Data           1  admulti.o(.data)
    .data                                    0x2000000b   Section        2  r_buttondebounce.o(.data)
    MyPriority                               0x2000000b   Data           1  r_buttondebounce.o(.data)
    CurrentState                             0x2000000c   Data           1  r_buttondebounce.o(.data)
    .data                                    0x2000000d   Section        2  l_buttondebounce.o(.data)
    MyPriority                               0x2000000d   Data           1  l_buttondebounce.o(.data)
    CurrentState                             0x2000000e   Data           1  l_buttondebounce.o(.data)
    .data                                    0x2000000f   Section        2  peripheral_buttondebounce.o(.data)
    MyPriority                               0x2000000f   Data           1  peripheral_buttondebounce.o(.data)
    CurrentState                             0x20000010   Data           1  peripheral_buttondebounce.o(.data)
    .data                                    0x20000011   Section        2  reverse_buttondebounce.o(.data)
    MyPriority                               0x20000011   Data           1  reverse_buttondebounce.o(.data)
    CurrentState                             0x20000012   Data           1  reverse_buttondebounce.o(.data)
    .data                                    0x20000014   Section       12  farmerrxsm.o(.data)
    CurrentState                             0x20000014   Data           1  farmerrxsm.o(.data)
    ISRState                                 0x20000015   Data           1  farmerrxsm.o(.data)
    MyPriority                               0x20000016   Data           1  farmerrxsm.o(.data)
    memCnt                                   0x20000017   Data           1  farmerrxsm.o(.data)
    paired                                   0x20000018   Data           1  farmerrxsm.o(.data)
    CheckSum                                 0x20000019   Data           1  farmerrxsm.o(.data)
    BytesLeft                                0x2000001a   Data           2  farmerrxsm.o(.data)
    DataLength                               0x2000001c   Data           2  farmerrxsm.o(.data)
    TotalBytes                               0x2000001e   Data           2  farmerrxsm.o(.data)
    .data                                    0x20000020   Section       20  farmertxsm.o(.data)
    CurrentState                             0x20000020   Data           1  farmertxsm.o(.data)
    MyPriority                               0x20000021   Data           1  farmertxsm.o(.data)
    MessIndex                                0x20000022   Data           1  farmertxsm.o(.data)
    BytesRemaining                           0x20000023   Data           1  farmertxsm.o(.data)
    DogTag                                   0x20000024   Data           1  farmertxsm.o(.data)
    DriveCtrl                                0x20000025   Data           1  farmertxsm.o(.data)
    SteeringCtrl                             0x20000026   Data           1  farmertxsm.o(.data)
    DigitalCtrl                              0x20000027   Data           1  farmertxsm.o(.data)
    DataHeader                               0x20000028   Data           1  farmertxsm.o(.data)
    DestAddrMSB                              0x20000029   Data           1  farmertxsm.o(.data)
    DestAddrLSB                              0x2000002a   Data           1  farmertxsm.o(.data)
    DataLength                               0x2000002b   Data           1  farmertxsm.o(.data)
    DataIndex                                0x2000002c   Data           1  farmertxsm.o(.data)
    Checksum                                 0x2000002d   Data           1  farmertxsm.o(.data)
    TransEnable                              0x2000002e   Data           1  farmertxsm.o(.data)
    ReverseActive                            0x2000002f   Data           1  farmertxsm.o(.data)
    LeftBrakeActive                          0x20000030   Data           1  farmertxsm.o(.data)
    RightBrakeActive                         0x20000031   Data           1  farmertxsm.o(.data)
    PeripheralActive                         0x20000032   Data           1  farmertxsm.o(.data)
    EncryptionKeyIndex                       0x20000033   Data           1  farmertxsm.o(.data)
    .data                                    0x20000034   Section       46  i2c_service.o(.data)
    CurrentState                             0x20000034   Data           1  i2c_service.o(.data)
    read                                     0x20000035   Data           1  i2c_service.o(.data)
    Send_Registers                           0x20000036   Data           1  i2c_service.o(.data)
    Send_Data                                0x20000037   Data           1  i2c_service.o(.data)
    Read_Index                               0x20000038   Data           1  i2c_service.o(.data)
    Send_Index                               0x20000039   Data           1  i2c_service.o(.data)
    Sends_Left                               0x2000003a   Data           1  i2c_service.o(.data)
    Reads_Left                               0x2000003b   Data           1  i2c_service.o(.data)
    MyPriority                               0x2000003c   Data           1  i2c_service.o(.data)
    Accel_X                                  0x2000003e   Data           2  i2c_service.o(.data)
    Accel_Y                                  0x20000040   Data           2  i2c_service.o(.data)
    Accel_Z                                  0x20000042   Data           2  i2c_service.o(.data)
    Gyro_X                                   0x20000044   Data           2  i2c_service.o(.data)
    Gyro_Y                                   0x20000046   Data           2  i2c_service.o(.data)
    Gyro_Z                                   0x20000048   Data           2  i2c_service.o(.data)
    Accel_X_OFF                              0x2000004a   Data           2  i2c_service.o(.data)
    Accel_Y_OFF                              0x2000004c   Data           2  i2c_service.o(.data)
    Accel_Z_OFF                              0x2000004e   Data           2  i2c_service.o(.data)
    Gyro_X_OFF                               0x20000050   Data           2  i2c_service.o(.data)
    Gyro_Y_OFF                               0x20000052   Data           2  i2c_service.o(.data)
    Gyro_Z_OFF                               0x20000054   Data           2  i2c_service.o(.data)
    Receive_Registers                        0x20000056   Data          12  i2c_service.o(.data)
    .data                                    0x20000062   Section        2  farmermastersm.o(.data)
    CurrentState                             0x20000062   Data           1  farmermastersm.o(.data)
    MyPriority                               0x20000063   Data           1  farmermastersm.o(.data)
    .data                                    0x20000064   Section        6  es_framework.o(.data)
    ThisEvent                                0x20000066   Data           4  es_framework.o(.data)
    .data                                    0x2000006a   Section        4  es_port.o(.data)
    TickCount                                0x2000006a   Data           1  es_port.o(.data)
    SysTickCounter                           0x2000006c   Data           2  es_port.o(.data)
    .data                                    0x20000070   Section        4  es_queue.o(.data)
    .data                                    0x20000074   Section       10  es_timers.o(.data)
    NextTimer2Process                        0x20000074   Data           1  es_timers.o(.data)
    NeedsProcessing                          0x20000076   Data           2  es_timers.o(.data)
    TMR_ActiveFlags                          0x20000078   Data           2  es_timers.o(.data)
    NewEvent                                 0x2000007a   Data           4  es_timers.o(.data)
    .data                                    0x20000080   Section        4  retarget.o(.data)
    .data                                    0x20000084   Section        4  retarget.o(.data)
    .data                                    0x20000088   Section        8  uartstdio.o(.data)
    bLastWasCR                               0x20000088   Data           1  uartstdio.o(.data)
    g_ui32Base                               0x2000008c   Data           4  uartstdio.o(.data)
    .bss                                     0x20000090   Section       86  farmerrxsm.o(.bss)
    Data                                     0x20000090   Data          43  farmerrxsm.o(.bss)
    DataBuffer                               0x200000bb   Data          43  farmerrxsm.o(.bss)
    .bss                                     0x200000e6   Section       75  farmertxsm.o(.bss)
    Message                                  0x200000e6   Data          43  farmertxsm.o(.bss)
    EncryptionKey                            0x20000111   Data          32  farmertxsm.o(.bss)
    .bss                                     0x20000132   Section       24  i2c_service.o(.bss)
    Receive_Data                             0x20000132   Data          24  i2c_service.o(.bss)
    .bss                                     0x2000014a   Section       16  es_framework.o(.bss)
    Queue0                                   0x2000014a   Data          16  es_framework.o(.bss)
    .bss                                     0x2000015a   Section       16  es_framework.o(.bss)
    Queue1                                   0x2000015a   Data          16  es_framework.o(.bss)
    .bss                                     0x2000016a   Section       16  es_framework.o(.bss)
    Queue2                                   0x2000016a   Data          16  es_framework.o(.bss)
    .bss                                     0x2000017a   Section       16  es_framework.o(.bss)
    Queue3                                   0x2000017a   Data          16  es_framework.o(.bss)
    .bss                                     0x2000018a   Section      204  es_framework.o(.bss)
    Queue4                                   0x2000018a   Data         204  es_framework.o(.bss)
    .bss                                     0x20000256   Section      204  es_framework.o(.bss)
    Queue5                                   0x20000256   Data         204  es_framework.o(.bss)
    .bss                                     0x20000322   Section       16  es_framework.o(.bss)
    Queue6                                   0x20000322   Data          16  es_framework.o(.bss)
    .bss                                     0x20000332   Section       16  es_framework.o(.bss)
    Queue7                                   0x20000332   Data          16  es_framework.o(.bss)
    .bss                                     0x20000342   Section       32  es_timers.o(.bss)
    TMR_TimerArray                           0x20000342   Data          32  es_timers.o(.bss)
    .bss                                     0x20000364   Section      228  rand.o(.bss)
    .bss                                     0x20000448   Section       96  libspace.o(.bss)
    HEAP                                     0x200004a8   Section        0  startup_rvmdk.o(HEAP)
    STACK                                    0x200004a8   Section     2048  startup_rvmdk.o(STACK)
    HeapMem                                  0x200004a8   Data           0  startup_rvmdk.o(HEAP)
    StackMem                                 0x200004a8   Data           0  startup_rvmdk.o(STACK)

    Global Symbols

    Symbol Name                              Value     Ov Type        Size  Object(Section)

    BuildAttributes$$THM_ISAv4$E$P$D$K$B$S$7EM$VFPi3$EXTD16$VFPS$VFMA$PE$A:L22UL41UL21$X:L11$S22US41US21$IEEE1$IW$USESV6$~STKCKD$USESV7$~SHL$OTIME$ROPI$IEEEX$EBA8$UX$STANDARDLIB$REQ8$PRES8$EABIv2 0x00000000   Number         0  anon$$obj.o ABSOLUTE
    __ARM_use_no_argv                        0x00000000   Number         0  main.o ABSOLUTE
    __Vectors                                0x00000000   Data           0  startup_rvmdk.o(RESET)
    _printf_flags                            0x00000000   Number         0  printf_stubs.o ABSOLUTE
    _printf_return_value                     0x00000000   Number         0  printf_stubs.o ABSOLUTE
    _printf_sizespec                         0x00000000   Number         0  printf_stubs.o ABSOLUTE
    _printf_widthprec                        0x00000000   Number         0  printf_stubs.o ABSOLUTE
    __ARM_exceptions_init                     - Undefined Weak Reference
    __alloca_initialize                       - Undefined Weak Reference
    __cpp_initialize__aeabi_                  - Undefined Weak Reference
    __cxa_finalize                            - Undefined Weak Reference
    __rt_locale                               - Undefined Weak Reference
    __sigvec_lookup                           - Undefined Weak Reference
    _atexit_init                              - Undefined Weak Reference
    _call_atexit_fns                          - Undefined Weak Reference
    _clock_init                               - Undefined Weak Reference
    _fp_trap_init                             - Undefined Weak Reference
    _fp_trap_shutdown                         - Undefined Weak Reference
    _get_lc_collate                           - Undefined Weak Reference
    _get_lc_ctype                             - Undefined Weak Reference
    _get_lc_monetary                          - Undefined Weak Reference
    _get_lc_numeric                           - Undefined Weak Reference
    _get_lc_time                              - Undefined Weak Reference
    _getenv_init                              - Undefined Weak Reference
    _handle_redirection                       - Undefined Weak Reference
    _init_alloc                               - Undefined Weak Reference
    _init_user_alloc                          - Undefined Weak Reference
    _initio                                   - Undefined Weak Reference
    _printf_mbtowc                            - Undefined Weak Reference
    _printf_truncate_signed                   - Undefined Weak Reference
    _printf_truncate_unsigned                 - Undefined Weak Reference
    _signal_finish                            - Undefined Weak Reference
    _signal_init                              - Undefined Weak Reference
    _terminate_alloc                          - Undefined Weak Reference
    _terminate_user_alloc                     - Undefined Weak Reference
    _terminateio                              - Undefined Weak Reference
    Reset_Handler                            0x0000026d   Thumb Code     0  startup_rvmdk.o(RESET)
    __main                                   0x00000289   Thumb Code     8  __main.o(!!!main)
    __scatterload                            0x00000291   Thumb Code     0  __scatter.o(!!!scatter)
    __scatterload_rt2                        0x00000291   Thumb Code    44  __scatter.o(!!!scatter)
    __scatterload_rt2_thumb_only             0x00000291   Thumb Code     0  __scatter.o(!!!scatter)
    __scatterload_null                       0x0000029f   Thumb Code     0  __scatter.o(!!!scatter)
    __scatterload_copy                       0x000002c5   Thumb Code    26  __scatter_copy.o(!!handler_copy)
    __scatterload_zeroinit                   0x000002e1   Thumb Code    28  __scatter_zi.o(!!handler_zi)
    _printf_i                                0x000002fd   Thumb Code     0  _printf_i.o(.ARM.Collect$$_printf_percent$$00000008)
    _printf_percent                          0x000002fd   Thumb Code     0  _printf_percent.o(.ARM.Collect$$_printf_percent$$00000000)
    _printf_x                                0x00000303   Thumb Code     0  _printf_x.o(.ARM.Collect$$_printf_percent$$0000000C)
    _printf_c                                0x00000309   Thumb Code     0  _printf_c.o(.ARM.Collect$$_printf_percent$$00000013)
    _printf_s                                0x0000030f   Thumb Code     0  _printf_s.o(.ARM.Collect$$_printf_percent$$00000014)
    _printf_percent_end                      0x00000315   Thumb Code     0  _printf_percent_end.o(.ARM.Collect$$_printf_percent$$00000017)
    __rt_lib_init                            0x00000319   Thumb Code     0  libinit.o(.ARM.Collect$$libinit$$00000000)
    __rt_lib_init_fp_1                       0x0000031b   Thumb Code     0  libinit2.o(.ARM.Collect$$libinit$$00000001)
    __rt_lib_init_heap_1                     0x0000031f   Thumb Code     0  libinit2.o(.ARM.Collect$$libinit$$00000008)
    __rt_lib_init_rand_2                     0x0000031f   Thumb Code     0  libinit2.o(.ARM.Collect$$libinit$$0000000B)
    __rt_lib_init_user_alloc_1               0x0000031f   Thumb Code     0  libinit2.o(.ARM.Collect$$libinit$$0000000A)
    __rt_lib_init_alloca_1                   0x00000323   Thumb Code     0  libinit2.o(.ARM.Collect$$libinit$$0000002C)
    __rt_lib_init_argv_1                     0x00000323   Thumb Code     0  libinit2.o(.ARM.Collect$$libinit$$0000002A)
    __rt_lib_init_atexit_1                   0x00000323   Thumb Code     0  libinit2.o(.ARM.Collect$$libinit$$00000019)
    __rt_lib_init_clock_1                    0x00000323   Thumb Code     0  libinit2.o(.ARM.Collect$$libinit$$0000001F)
    __rt_lib_init_cpp_1                      0x00000323   Thumb Code     0  libinit2.o(.ARM.Collect$$libinit$$00000030)
    __rt_lib_init_exceptions_1               0x00000323   Thumb Code     0  libinit2.o(.ARM.Collect$$libinit$$0000002E)
    __rt_lib_init_fp_trap_1                  0x00000323   Thumb Code     0  libinit2.o(.ARM.Collect$$libinit$$0000001D)
    __rt_lib_init_getenv_1                   0x00000323   Thumb Code     0  libinit2.o(.ARM.Collect$$libinit$$00000021)
    __rt_lib_init_lc_collate_1               0x00000323   Thumb Code     0  libinit2.o(.ARM.Collect$$libinit$$0000000F)
    __rt_lib_init_lc_ctype_1                 0x00000323   Thumb Code     0  libinit2.o(.ARM.Collect$$libinit$$00000011)
    __rt_lib_init_lc_monetary_1              0x00000323   Thumb Code     0  libinit2.o(.ARM.Collect$$libinit$$00000013)
    __rt_lib_init_lc_numeric_1               0x00000323   Thumb Code     0  libinit2.o(.ARM.Collect$$libinit$$00000015)
    __rt_lib_init_lc_time_1                  0x00000323   Thumb Code     0  libinit2.o(.ARM.Collect$$libinit$$00000017)
    __rt_lib_init_rand_1                     0x00000323   Thumb Code     0  libinit2.o(.ARM.Collect$$libinit$$0000000C)
    __rt_lib_init_return                     0x00000323   Thumb Code     0  libinit2.o(.ARM.Collect$$libinit$$00000031)
    __rt_lib_init_signal_1                   0x00000323   Thumb Code     0  libinit2.o(.ARM.Collect$$libinit$$0000001B)
    __rt_lib_init_stdio_1                    0x00000323   Thumb Code     0  libinit2.o(.ARM.Collect$$libinit$$00000023)
    __rt_lib_shutdown                        0x00000325   Thumb Code     0  libshutdown.o(.ARM.Collect$$libshutdown$$00000000)
    __rt_lib_shutdown_fp_trap_1              0x00000327   Thumb Code     0  libshutdown2.o(.ARM.Collect$$libshutdown$$00000006)
    __rt_lib_shutdown_heap_1                 0x00000327   Thumb Code     0  libshutdown2.o(.ARM.Collect$$libshutdown$$0000000E)
    __rt_lib_shutdown_return                 0x00000327   Thumb Code     0  libshutdown2.o(.ARM.Collect$$libshutdown$$0000000F)
    __rt_lib_shutdown_signal_1               0x00000327   Thumb Code     0  libshutdown2.o(.ARM.Collect$$libshutdown$$00000009)
    __rt_lib_shutdown_stdio_1                0x00000327   Thumb Code     0  libshutdown2.o(.ARM.Collect$$libshutdown$$00000003)
    __rt_lib_shutdown_user_alloc_1           0x00000327   Thumb Code     0  libshutdown2.o(.ARM.Collect$$libshutdown$$0000000B)
    __rt_entry                               0x00000329   Thumb Code     0  rtentry.o(.ARM.Collect$$rtentry$$00000000)
    __rt_entry_presh_1                       0x00000329   Thumb Code     0  rtentry2.o(.ARM.Collect$$rtentry$$00000002)
    __rt_entry_sh                            0x00000329   Thumb Code     0  rtentry4.o(.ARM.Collect$$rtentry$$00000004)
    __rt_entry_li                            0x0000032f   Thumb Code     0  rtentry2.o(.ARM.Collect$$rtentry$$0000000A)
    __rt_entry_postsh_1                      0x0000032f   Thumb Code     0  rtentry2.o(.ARM.Collect$$rtentry$$00000009)
    __rt_entry_main                          0x00000333   Thumb Code     0  rtentry2.o(.ARM.Collect$$rtentry$$0000000D)
    __rt_entry_postli_1                      0x00000333   Thumb Code     0  rtentry2.o(.ARM.Collect$$rtentry$$0000000C)
    __rt_exit                                0x0000033b   Thumb Code     0  rtexit.o(.ARM.Collect$$rtexit$$00000000)
    __rt_exit_ls                             0x0000033d   Thumb Code     0  rtexit2.o(.ARM.Collect$$rtexit$$00000003)
    __rt_exit_prels_1                        0x0000033d   Thumb Code     0  rtexit2.o(.ARM.Collect$$rtexit$$00000002)
    __rt_exit_exit                           0x00000341   Thumb Code     0  rtexit2.o(.ARM.Collect$$rtexit$$00000004)
    SysCtlDelay                              0x00000349   Thumb Code     6  sysctl.o(.emb_text)
    CPUcpsid                                 0x00000351   Thumb Code     8  cpu.o(.emb_text)
    CPUprimask                               0x00000359   Thumb Code     6  cpu.o(.emb_text)
    CPUcpsie                                 0x0000035f   Thumb Code     8  cpu.o(.emb_text)
    CPUwfi                                   0x00000367   Thumb Code     4  cpu.o(.emb_text)
    CPUbasepriSet                            0x0000036b   Thumb Code     6  cpu.o(.emb_text)
    CPUbasepriGet                            0x00000371   Thumb Code     6  cpu.o(.emb_text)
    rand                                     0x00000379   Thumb Code    48  rand.o(.emb_text)
    __user_initial_stackheap                 0x000003ad   Thumb Code     0  startup_rvmdk.o(.text)
    __I$use$semihosting                      0x000003c5   Thumb Code     0  use_no_semi.o(.text)
    __use_no_semihosting_swi                 0x000003c5   Thumb Code     2  use_no_semi.o(.text)
    __2printf                                0x000003c9   Thumb Code    20  noretval__2printf.o(.text)
    _printf_pre_padding                      0x000003e1   Thumb Code    44  _printf_pad.o(.text)
    _printf_post_padding                     0x0000040d   Thumb Code    34  _printf_pad.o(.text)
    _printf_str                              0x0000042f   Thumb Code    82  _printf_str.o(.text)
    _printf_int_dec                          0x00000481   Thumb Code   100  _printf_dec.o(.text)
    _printf_int_hex                          0x000004f5   Thumb Code    84  _printf_hex_int.o(.text)
    _printf_longlong_hex                     0x000004f5   Thumb Code     0  _printf_hex_int.o(.text)
    __printf                                 0x0000054d   Thumb Code   308  __printf_flags_wp.o(.text)
    getc                                     0x00000685   Thumb Code     4  getc.o(.text)
    puts                                     0x00000689   Thumb Code    40  puts.o(.text)
    srand                                    0x000006b5   Thumb Code    42  rand.o(.text)
    _rand_init                               0x000006df   Thumb Code     4  rand.o(.text)
    __use_two_region_memory                  0x000006f1   Thumb Code     2  heapauxi.o(.text)
    __rt_heap_escrow$2region                 0x000006f3   Thumb Code     2  heapauxi.o(.text)
    __rt_heap_expand$2region                 0x000006f5   Thumb Code     2  heapauxi.o(.text)
    _printf_int_common                       0x000006f7   Thumb Code   178  _printf_intcommon.o(.text)
    _printf_cs_common                        0x000007a9   Thumb Code    20  _printf_char.o(.text)
    _printf_char                             0x000007bd   Thumb Code    16  _printf_char.o(.text)
    _printf_string                           0x000007cd   Thumb Code     8  _printf_char.o(.text)
    _printf_char_file                        0x000007d5   Thumb Code    32  _printf_char_file.o(.text)
    _printf_char_common                      0x00000803   Thumb Code    32  _printf_char_common.o(.text)
    __user_libspace                          0x00000829   Thumb Code     8  libspace.o(.text)
    __user_perproc_libspace                  0x00000829   Thumb Code     0  libspace.o(.text)
    __user_perthread_libspace                0x00000829   Thumb Code     0  libspace.o(.text)
    __user_setup_stackheap                   0x00000831   Thumb Code    74  sys_stackheap_outer.o(.text)
    exit                                     0x0000087b   Thumb Code    12  exit.o(.text)
    ADC_MultiInit                            0x00000889   Thumb Code   170  admulti.o(i.ADC_MultiInit)
    ADC_MultiRead                            0x00000951   Thumb Code    46  admulti.o(i.ADC_MultiRead)
    CPUgetPRIMASK_cpsid                      0x00000c9d   Thumb Code     8  es_port.o(i.CPUgetPRIMASK_cpsid)
    CPUsetPRIMASK                            0x00000ca5   Thumb Code     6  es_port.o(i.CPUsetPRIMASK)
    Check4BadCheckSum                        0x00000cad   Thumb Code    26  eventcheckers.o(i.Check4BadCheckSum)
    Check4Keystroke                          0x00000ced   Thumb Code   230  eventcheckers.o(i.Check4Keystroke)
    CheckButton                              0x00000eb9   Thumb Code   194  eventcheckers.o(i.CheckButton)
    CheckSound                               0x00000f89   Thumb Code    54  eventcheckers.o(i.CheckSound)
    DisableLeftBrake                         0x00000fdd   Thumb Code     8  farmertxsm.o(i.DisableLeftBrake)
    DisableReverse                           0x00000fe9   Thumb Code     8  farmertxsm.o(i.DisableReverse)
    DisableRightBrake                        0x00000ff5   Thumb Code     8  farmertxsm.o(i.DisableRightBrake)
    ES_CheckUserEvents                       0x00001001   Thumb Code    34  es_checkevents.o(i.ES_CheckUserEvents)
    ES_DeQueue                               0x00001029   Thumb Code    80  es_queue.o(i.ES_DeQueue)
    ES_EnQueueFIFO                           0x0000107d   Thumb Code    66  es_queue.o(i.ES_EnQueueFIFO)
    ES_GetMSBitSet                           0x000010c5   Thumb Code    48  es_lookuptables.o(i.ES_GetMSBitSet)
    ES_InitQueue                             0x000010f9   Thumb Code    16  es_queue.o(i.ES_InitQueue)
    ES_Initialize                            0x00001109   Thumb Code    72  es_framework.o(i.ES_Initialize)
    ES_PostToService                         0x00001155   Thumb Code    42  es_framework.o(i.ES_PostToService)
    ES_Run                                   0x0000118d   Thumb Code    84  es_framework.o(i.ES_Run)
    ES_Timer_Init                            0x000011ed   Thumb Code     4  es_timers.o(i.ES_Timer_Init)
    ES_Timer_InitTimer                       0x000011f1   Thumb Code    44  es_timers.o(i.ES_Timer_InitTimer)
    ES_Timer_Tick_Resp                       0x0000122d   Thumb Code    90  es_timers.o(i.ES_Timer_Tick_Resp)
    EnableLeftBrake                          0x00001299   Thumb Code     8  farmertxsm.o(i.EnableLeftBrake)
    EnableReverse                            0x000012a5   Thumb Code     8  farmertxsm.o(i.EnableReverse)
    EnableRightBrake                         0x000012b1   Thumb Code     8  farmertxsm.o(i.EnableRightBrake)
    FarmerRX_ISR                             0x000012bd   Thumb Code   270  farmerrxsm.o(i.FarmerRX_ISR)
    FarmerTX_ISR                             0x0000144d   Thumb Code    66  farmertxsm.o(i.FarmerTX_ISR)
    GPIODirModeSet                           0x000014bd   Thumb Code    40  gpio.o(i.GPIODirModeSet)
    GPIOPadConfigSet                         0x000014e5   Thumb Code   314  gpio.o(i.GPIOPadConfigSet)
    GPIOPinConfigure                         0x00001621   Thumb Code    64  gpio.o(i.GPIOPinConfigure)
    GPIOPinTypeGPIOInput                     0x00001669   Thumb Code    28  gpio.o(i.GPIOPinTypeGPIOInput)
    GPIOPinTypeUART                          0x00001685   Thumb Code    28  gpio.o(i.GPIOPinTypeUART)
    Hardware_Init                            0x000016a1   Thumb Code    66  hardware.o(i.Hardware_Init)
    I2C_ISR                                  0x000016f5   Thumb Code   306  i2c_service.o(i.I2C_ISR)
    InitFarmerMasterSM                       0x00001959   Thumb Code    30  farmermastersm.o(i.InitFarmerMasterSM)
    InitFarmerRXSM                           0x0000197d   Thumb Code    42  farmerrxsm.o(i.InitFarmerRXSM)
    InitFarmerTXSM                           0x000019c9   Thumb Code    38  farmertxsm.o(i.InitFarmerTXSM)
    InitL_ButtonDebounce                     0x000019f5   Thumb Code    36  l_buttondebounce.o(i.InitL_ButtonDebounce)
    InitP_ButtonDebounce                     0x00001a1d   Thumb Code    36  peripheral_buttondebounce.o(i.InitP_ButtonDebounce)
    InitREV_ButtonDebounce                   0x00001a45   Thumb Code    36  reverse_buttondebounce.o(i.InitREV_ButtonDebounce)
    InitR_ButtonDebounce                     0x00001a6d   Thumb Code    34  r_buttondebounce.o(i.InitR_ButtonDebounce)
    Init_I2C                                 0x00001a95   Thumb Code    20  i2c_service.o(i.Init_I2C)
    IntMasterEnable                          0x00001aad   Thumb Code    14  interrupt.o(i.IntMasterEnable)
    PortFunctionInit                         0x00001b69   Thumb Code   132  enablepa25_pb23_pd7_pf0.o(i.PortFunctionInit)
    PostFarmerMasterSM                       0x00001c09   Thumb Code    10  farmermastersm.o(i.PostFarmerMasterSM)
    PostFarmerRXSM                           0x00001c19   Thumb Code    10  farmerrxsm.o(i.PostFarmerRXSM)
    PostFarmerTXSM                           0x00001c29   Thumb Code    10  farmertxsm.o(i.PostFarmerTXSM)
    PostL_ButtonDebounce                     0x00001c39   Thumb Code    10  l_buttondebounce.o(i.PostL_ButtonDebounce)
    PostP_ButtonDebounce                     0x00001c49   Thumb Code    10  peripheral_buttondebounce.o(i.PostP_ButtonDebounce)
    PostREV_ButtonDebounce                   0x00001c59   Thumb Code    10  reverse_buttondebounce.o(i.PostREV_ButtonDebounce)
    PostR_ButtonDebounce                     0x00001c69   Thumb Code    10  r_buttondebounce.o(i.PostR_ButtonDebounce)
    Post_I2C                                 0x00001c79   Thumb Code    10  i2c_service.o(i.Post_I2C)
    RXTX_ISR                                 0x00001c89   Thumb Code    52  farmerrxsm.o(i.RXTX_ISR)
    RunFarmerMasterSM                        0x00001cc1   Thumb Code   690  farmermastersm.o(i.RunFarmerMasterSM)
    RunFarmerRXSM                            0x0000227d   Thumb Code   132  farmerrxsm.o(i.RunFarmerRXSM)
    RunFarmerTXSM                            0x00002319   Thumb Code   158  farmertxsm.o(i.RunFarmerTXSM)
    RunL_ButtonDebounce                      0x00002469   Thumb Code   106  l_buttondebounce.o(i.RunL_ButtonDebounce)
    RunP_ButtonDebounce                      0x000024f9   Thumb Code   108  peripheral_buttondebounce.o(i.RunP_ButtonDebounce)
    RunREV_ButtonDebounce                    0x00002589   Thumb Code   108  reverse_buttondebounce.o(i.RunREV_ButtonDebounce)
    RunR_ButtonDebounce                      0x0000261d   Thumb Code   106  r_buttondebounce.o(i.RunR_ButtonDebounce)
    Run_I2C                                  0x000026ad   Thumb Code   418  i2c_service.o(i.Run_I2C)
    SetBadCheckSum                           0x00002891   Thumb Code     8  eventcheckers.o(i.SetBadCheckSum)
    ShortTimerAHandler                       0x0000289d   Thumb Code    42  es_shorttimer.o(i.ShortTimerAHandler)
    ShortTimerBHandler                       0x000028d1   Thumb Code    46  es_shorttimer.o(i.ShortTimerBHandler)
    SysCtlClockSet                           0x00002909   Thumb Code   270  sysctl.o(i.SysCtlClockSet)
    SysCtlPeripheralEnable                   0x00002a29   Thumb Code    36  sysctl.o(i.SysCtlPeripheralEnable)
    SysTickEnable                            0x00002a51   Thumb Code    14  systick.o(i.SysTickEnable)
    SysTickIntEnable                         0x00002a5f   Thumb Code    14  systick.o(i.SysTickIntEnable)
    SysTickIntHandler                        0x00002a6d   Thumb Code    16  es_port.o(i.SysTickIntHandler)
    SysTickPeriodSet                         0x00002a81   Thumb Code    10  systick.o(i.SysTickPeriodSet)
    TERMIO_GetChar                           0x00002a8b   Thumb Code     4  termio.o(i.TERMIO_GetChar)
    TERMIO_Init                              0x00002a91   Thumb Code    62  termio.o(i.TERMIO_Init)
    TERMIO_PutChar                           0x00002ae1   Thumb Code     8  termio.o(i.TERMIO_PutChar)
    TimerIntClear                            0x00002aed   Thumb Code     4  timer.o(i.TimerIntClear)
    TogglePeripheral                         0x00002af1   Thumb Code    12  farmertxsm.o(i.TogglePeripheral)
    UARTCharPut                              0x00002b01   Thumb Code    12  uart.o(i.UARTCharPut)
    UARTClockSourceSet                       0x00002b0d   Thumb Code     6  uart.o(i.UARTClockSourceSet)
    UARTStdioConfig                          0x00002b15   Thumb Code    82  uartstdio.o(i.UARTStdioConfig)
    UARTgetc                                 0x00002c5d   Thumb Code    20  uartstdio.o(i.UARTgetc)
    _HW_Process_Pending_Ints                 0x00002c75   Thumb Code    26  es_port.o(i._HW_Process_Pending_Ints)
    _HW_Timer_Init                           0x00002c95   Thumb Code    22  es_port.o(i._HW_Timer_Init)
    __ARM_fpclassify                         0x00002cab   Thumb Code    48  fpclassify.o(i.__ARM_fpclassify)
    __hardfp_atan                            0x00002ce1   Thumb Code   632  atan.o(i.__hardfp_atan)
    __hardfp_atan2                           0x00002fc1   Thumb Code   426  atan2.o(i.__hardfp_atan2)
    __kernel_poly                            0x000031b1   Thumb Code   248  poly.o(i.__kernel_poly)
    __mathlib_dbl_underflow                  0x000032a9   Thumb Code    24  dunder.o(i.__mathlib_dbl_underflow)
    _is_digit                                0x000032c9   Thumb Code    14  __printf_wp.o(i._is_digit)
    _sys_exit                                0x000032d7   Thumb Code     2  retarget.o(i._sys_exit)
    atan                                     0x000032d9   Thumb Code    16  atan.o(i.atan)
    clearControls                            0x0000331d   Thumb Code    14  farmertxsm.o(i.clearControls)
    fabs                                     0x00003331   Thumb Code    24  fabs.o(i.fabs)
    ferror                                   0x00003349   Thumb Code     6  retarget.o(i.ferror)
    fgetc                                    0x0000334f   Thumb Code     4  retarget.o(i.fgetc)
    fputc                                    0x00003353   Thumb Code    14  retarget.o(i.fputc)
    getDestAddrLSB                           0x00003361   Thumb Code     6  farmertxsm.o(i.getDestAddrLSB)
    getDestAddrMSB                           0x0000336d   Thumb Code     6  farmertxsm.o(i.getDestAddrMSB)
    getDogAddrLSB                            0x00003379   Thumb Code     6  farmerrxsm.o(i.getDogAddrLSB)
    getDogAddrMSB                            0x00003385   Thumb Code     6  farmerrxsm.o(i.getDogAddrMSB)
    getEncryptionKeyIndex                    0x00003391   Thumb Code     6  farmertxsm.o(i.getEncryptionKeyIndex)
    getHeader                                0x0000339d   Thumb Code     6  farmerrxsm.o(i.getHeader)
    kbhit                                    0x000033a9   Thumb Code    16  termio.o(i.kbhit)
    main                                     0x000033bd   Thumb Code   116  main.o(i.main)
    resetEncryptionIndex                     0x00003595   Thumb Code     8  farmertxsm.o(i.resetEncryptionIndex)
    setDestDogAddress                        0x000035a1   Thumb Code    20  farmertxsm.o(i.setDestDogAddress)
    setDogTag                                0x00003619   Thumb Code     6  farmertxsm.o(i.setDogTag)
    setFarmerDataHeader                      0x00003625   Thumb Code    60  farmertxsm.o(i.setFarmerDataHeader)
    setPair                                  0x00003719   Thumb Code     8  farmerrxsm.o(i.setPair)
    setUnpair                                0x00003725   Thumb Code     8  farmerrxsm.o(i.setUnpair)
    __aeabi_dneg                             0x00003731   Thumb Code     0  basic.o(x$fpl$basic)
    _dneg                                    0x00003731   Thumb Code     6  basic.o(x$fpl$basic)
    __aeabi_fneg                             0x00003737   Thumb Code     0  basic.o(x$fpl$basic)
    _fneg                                    0x00003737   Thumb Code     6  basic.o(x$fpl$basic)
    _dabs                                    0x0000373d   Thumb Code     6  basic.o(x$fpl$basic)
    _fabs                                    0x00003743   Thumb Code     6  basic.o(x$fpl$basic)
    __aeabi_dadd                             0x00003749   Thumb Code     0  daddsub_clz.o(x$fpl$dadd)
    _dadd                                    0x00003749   Thumb Code   332  daddsub_clz.o(x$fpl$dadd)
    __aeabi_ddiv                             0x00003899   Thumb Code     0  ddiv.o(x$fpl$ddiv)
    _ddiv                                    0x00003899   Thumb Code   552  ddiv.o(x$fpl$ddiv)
    __aeabi_dmul                             0x00003b49   Thumb Code     0  dmul.o(x$fpl$dmul)
    _dmul                                    0x00003b49   Thumb Code   332  dmul.o(x$fpl$dmul)
    __fpl_dnaninf                            0x00003c9d   Thumb Code   156  dnaninf.o(x$fpl$dnaninf)
    __fpl_dretinf                            0x00003d39   Thumb Code    12  dretinf.o(x$fpl$dretinf)
    __aeabi_drsub                            0x00003d45   Thumb Code     0  daddsub_clz.o(x$fpl$drsb)
    _drsb                                    0x00003d45   Thumb Code    22  daddsub_clz.o(x$fpl$drsb)
    __aeabi_dsub                             0x00003d5d   Thumb Code     0  daddsub_clz.o(x$fpl$dsub)
    _dsub                                    0x00003d5d   Thumb Code   464  daddsub_clz.o(x$fpl$dsub)
    __aeabi_f2d                              0x00003f31   Thumb Code     0  f2d.o(x$fpl$f2d)
    _f2d                                     0x00003f31   Thumb Code    86  f2d.o(x$fpl$f2d)
    __fpl_fnaninf                            0x00003f87   Thumb Code   140  fnaninf.o(x$fpl$fnaninf)
    _fp_init                                 0x00004013   Thumb Code    10  fpinit.o(x$fpl$fpinit)
    __fplib_config_fpu_vfp                   0x0000401b   Thumb Code     0  fpinit.o(x$fpl$fpinit)
    __fplib_config_pureend_doubles           0x0000401b   Thumb Code     0  fpinit.o(x$fpl$fpinit)
    __I$use$fp                               0x0000401c   Number         0  usenofp.o(x$fpl$usenofp)
    BitNum2SetMask                           0x000040dc   Data          32  es_lookuptables.o(.constdata)
    Nybble2MSBitNum                          0x000040fc   Data          15  es_lookuptables.o(.constdata)
    __mathlib_zero                           0x00004450   Data           8  qnan.o(.constdata)
    Region$$Table$$Base                      0x00004584   Number         0  anon$$obj.o(Region$$Table)
    Region$$Table$$Limit                     0x000045a4   Number         0  anon$$obj.o(Region$$Table)
    Ready                                    0x20000064   Data           2  es_framework.o(.data)
    _PRIMASK_temp                            0x20000070   Data           4  es_queue.o(.data)
    __stdout                                 0x20000080   Data           4  retarget.o(.data)
    __stdin                                  0x20000084   Data           4  retarget.o(.data)
    _random_number_data                      0x20000364   Data         228  rand.o(.bss)
    __libspace_start                         0x20000448   Data          96  libspace.o(.bss)
    __temporary_stack_top$libspace           0x200004a8   Data           0  libspace.o(.bss)



==============================================================================

Memory Map of the image

  Image Entry point : 0x0000026d

  Load Region LR_IROM1 (Base: 0x00000000, Size: 0x00004634, Max: 0x00040000, ABSOLUTE)

    Execution Region ER_IROM1 (Base: 0x00000000, Size: 0x000045a4, Max: 0x00040000, ABSOLUTE)

    Base Addr    Size         Type   Attr      Idx    E Section Name        Object

    0x00000000   0x00000288   Code   RO          793  * RESET               startup_rvmdk.o
    0x00000288   0x00000008   Code   RO         2651  * !!!main             c_w.l(__main.o)
    0x00000290   0x00000034   Code   RO         2879    !!!scatter          c_w.l(__scatter.o)
    0x000002c4   0x0000001a   Code   RO         2881    !!handler_copy      c_w.l(__scatter_copy.o)
    0x000002de   0x00000002   PAD
    0x000002e0   0x0000001c   Code   RO         2883    !!handler_zi        c_w.l(__scatter_zi.o)
    0x000002fc   0x00000000   Code   RO         2639    .ARM.Collect$$_printf_percent$$00000000  c_w.l(_printf_percent.o)
    0x000002fc   0x00000006   Code   RO         2638    .ARM.Collect$$_printf_percent$$00000008  c_w.l(_printf_i.o)
    0x00000302   0x00000006   Code   RO         2637    .ARM.Collect$$_printf_percent$$0000000C  c_w.l(_printf_x.o)
    0x00000308   0x00000006   Code   RO         2635    .ARM.Collect$$_printf_percent$$00000013  c_w.l(_printf_c.o)
    0x0000030e   0x00000006   Code   RO         2636    .ARM.Collect$$_printf_percent$$00000014  c_w.l(_printf_s.o)
    0x00000314   0x00000004   Code   RO         2676    .ARM.Collect$$_printf_percent$$00000017  c_w.l(_printf_percent_end.o)
    0x00000318   0x00000002   Code   RO         2812    .ARM.Collect$$libinit$$00000000  c_w.l(libinit.o)
    0x0000031a   0x00000004   Code   RO         2677    .ARM.Collect$$libinit$$00000001  c_w.l(libinit2.o)
    0x0000031e   0x00000000   Code   RO         2681    .ARM.Collect$$libinit$$00000008  c_w.l(libinit2.o)
    0x0000031e   0x00000000   Code   RO         2683    .ARM.Collect$$libinit$$0000000A  c_w.l(libinit2.o)
    0x0000031e   0x00000004   Code   RO         2684    .ARM.Collect$$libinit$$0000000B  c_w.l(libinit2.o)
    0x00000322   0x00000000   Code   RO         2685    .ARM.Collect$$libinit$$0000000C  c_w.l(libinit2.o)
    0x00000322   0x00000000   Code   RO         2688    .ARM.Collect$$libinit$$0000000F  c_w.l(libinit2.o)
    0x00000322   0x00000000   Code   RO         2690    .ARM.Collect$$libinit$$00000011  c_w.l(libinit2.o)
    0x00000322   0x00000000   Code   RO         2692    .ARM.Collect$$libinit$$00000013  c_w.l(libinit2.o)
    0x00000322   0x00000000   Code   RO         2694    .ARM.Collect$$libinit$$00000015  c_w.l(libinit2.o)
    0x00000322   0x00000000   Code   RO         2696    .ARM.Collect$$libinit$$00000017  c_w.l(libinit2.o)
    0x00000322   0x00000000   Code   RO         2698    .ARM.Collect$$libinit$$00000019  c_w.l(libinit2.o)
    0x00000322   0x00000000   Code   RO         2700    .ARM.Collect$$libinit$$0000001B  c_w.l(libinit2.o)
    0x00000322   0x00000000   Code   RO         2702    .ARM.Collect$$libinit$$0000001D  c_w.l(libinit2.o)
    0x00000322   0x00000000   Code   RO         2704    .ARM.Collect$$libinit$$0000001F  c_w.l(libinit2.o)
    0x00000322   0x00000000   Code   RO         2706    .ARM.Collect$$libinit$$00000021  c_w.l(libinit2.o)
    0x00000322   0x00000000   Code   RO         2708    .ARM.Collect$$libinit$$00000023  c_w.l(libinit2.o)
    0x00000322   0x00000000   Code   RO         2712    .ARM.Collect$$libinit$$0000002A  c_w.l(libinit2.o)
    0x00000322   0x00000000   Code   RO         2714    .ARM.Collect$$libinit$$0000002C  c_w.l(libinit2.o)
    0x00000322   0x00000000   Code   RO         2716    .ARM.Collect$$libinit$$0000002E  c_w.l(libinit2.o)
    0x00000322   0x00000000   Code   RO         2718    .ARM.Collect$$libinit$$00000030  c_w.l(libinit2.o)
    0x00000322   0x00000002   Code   RO         2719    .ARM.Collect$$libinit$$00000031  c_w.l(libinit2.o)
    0x00000324   0x00000002   Code   RO         2843    .ARM.Collect$$libshutdown$$00000000  c_w.l(libshutdown.o)
    0x00000326   0x00000000   Code   RO         2848    .ARM.Collect$$libshutdown$$00000003  c_w.l(libshutdown2.o)
    0x00000326   0x00000000   Code   RO         2851    .ARM.Collect$$libshutdown$$00000006  c_w.l(libshutdown2.o)
    0x00000326   0x00000000   Code   RO         2854    .ARM.Collect$$libshutdown$$00000009  c_w.l(libshutdown2.o)
    0x00000326   0x00000000   Code   RO         2856    .ARM.Collect$$libshutdown$$0000000B  c_w.l(libshutdown2.o)
    0x00000326   0x00000000   Code   RO         2859    .ARM.Collect$$libshutdown$$0000000E  c_w.l(libshutdown2.o)
    0x00000326   0x00000002   Code   RO         2860    .ARM.Collect$$libshutdown$$0000000F  c_w.l(libshutdown2.o)
    0x00000328   0x00000000   Code   RO         2667    .ARM.Collect$$rtentry$$00000000  c_w.l(rtentry.o)
    0x00000328   0x00000000   Code   RO         2759    .ARM.Collect$$rtentry$$00000002  c_w.l(rtentry2.o)
    0x00000328   0x00000006   Code   RO         2771    .ARM.Collect$$rtentry$$00000004  c_w.l(rtentry4.o)
    0x0000032e   0x00000000   Code   RO         2761    .ARM.Collect$$rtentry$$00000009  c_w.l(rtentry2.o)
    0x0000032e   0x00000004   Code   RO         2762    .ARM.Collect$$rtentry$$0000000A  c_w.l(rtentry2.o)
    0x00000332   0x00000000   Code   RO         2764    .ARM.Collect$$rtentry$$0000000C  c_w.l(rtentry2.o)
    0x00000332   0x00000008   Code   RO         2765    .ARM.Collect$$rtentry$$0000000D  c_w.l(rtentry2.o)
    0x0000033a   0x00000002   Code   RO         2815    .ARM.Collect$$rtexit$$00000000  c_w.l(rtexit.o)
    0x0000033c   0x00000000   Code   RO         2825    .ARM.Collect$$rtexit$$00000002  c_w.l(rtexit2.o)
    0x0000033c   0x00000004   Code   RO         2826    .ARM.Collect$$rtexit$$00000003  c_w.l(rtexit2.o)
    0x00000340   0x00000006   Code   RO         2827    .ARM.Collect$$rtexit$$00000004  c_w.l(rtexit2.o)
    0x00000346   0x00000002   PAD
    0x00000348   0x00000006   Code   RO         1632    .emb_text           driverlib.lib(sysctl.o)
    0x0000034e   0x00000002   PAD
    0x00000350   0x00000026   Code   RO         2568    .emb_text           driverlib.lib(cpu.o)
    0x00000376   0x00000002   PAD
    0x00000378   0x00000034   Code   RO         2644    .emb_text           c_w.l(rand.o)
    0x000003ac   0x00000018   Code   RO          794    .text               startup_rvmdk.o
    0x000003c4   0x00000002   Code   RO         2580    .text               c_w.l(use_no_semi.o)
    0x000003c6   0x00000002   PAD
    0x000003c8   0x00000018   Code   RO         2584    .text               c_w.l(noretval__2printf.o)
    0x000003e0   0x0000004e   Code   RO         2588    .text               c_w.l(_printf_pad.o)
    0x0000042e   0x00000052   Code   RO         2590    .text               c_w.l(_printf_str.o)
    0x00000480   0x00000074   Code   RO         2592    .text               c_w.l(_printf_dec.o)
    0x000004f4   0x00000058   Code   RO         2597    .text               c_w.l(_printf_hex_int.o)
    0x0000054c   0x00000138   Code   RO         2627    .text               c_w.l(__printf_flags_wp.o)
    0x00000684   0x00000004   Code   RO         2640    .text               c_w.l(getc.o)
    0x00000688   0x0000002c   Code   RO         2642    .text               c_w.l(puts.o)
    0x000006b4   0x0000003c   Code   RO         2645    .text               c_w.l(rand.o)
    0x000006f0   0x00000006   Code   RO         2649    .text               c_w.l(heapauxi.o)
    0x000006f6   0x000000b2   Code   RO         2670    .text               c_w.l(_printf_intcommon.o)
    0x000007a8   0x0000002c   Code   RO         2672    .text               c_w.l(_printf_char.o)
    0x000007d4   0x00000024   Code   RO         2674    .text               c_w.l(_printf_char_file.o)
    0x000007f8   0x00000030   Code   RO         2778    .text               c_w.l(_printf_char_common.o)
    0x00000828   0x00000008   Code   RO         2794    .text               c_w.l(libspace.o)
    0x00000830   0x0000004a   Code   RO         2797    .text               c_w.l(sys_stackheap_outer.o)
    0x0000087a   0x0000000c   Code   RO         2801    .text               c_w.l(exit.o)
    0x00000886   0x00000002   PAD
    0x00000888   0x000000c8   Code   RO          325    i.ADC_MultiInit     admulti.o
    0x00000950   0x00000038   Code   RO          326    i.ADC_MultiRead     admulti.o
    0x00000988   0x000000e8   Code   RO          540    i.BuildCtrlPacket   farmertxsm.o
    0x00000a70   0x00000090   Code   RO          541    i.BuildEncrKeyPacket  farmertxsm.o
    0x00000b00   0x0000013c   Code   RO          542    i.BuildPacket       farmertxsm.o
    0x00000c3c   0x00000060   Code   RO          543    i.BuildReq2PairPacket  farmertxsm.o
    0x00000c9c   0x00000008   Code   RO          929    i.CPUgetPRIMASK_cpsid  es_port.o
    0x00000ca4   0x00000006   Code   RO          935    i.CPUsetPRIMASK     es_port.o
    0x00000caa   0x00000002   PAD
    0x00000cac   0x00000040   Code   RO           95    i.Check4BadCheckSum  eventcheckers.o
    0x00000cec   0x000001cc   Code   RO           96    i.Check4Keystroke   eventcheckers.o
    0x00000eb8   0x000000d0   Code   RO           97    i.CheckButton       eventcheckers.o
    0x00000f88   0x00000054   Code   RO           98    i.CheckSound        eventcheckers.o
    0x00000fdc   0x0000000c   Code   RO          544    i.DisableLeftBrake  farmertxsm.o
    0x00000fe8   0x0000000c   Code   RO          545    i.DisableReverse    farmertxsm.o
    0x00000ff4   0x0000000c   Code   RO          546    i.DisableRightBrake  farmertxsm.o
    0x00001000   0x00000028   Code   RO          800    i.ES_CheckUserEvents  es_checkevents.o
    0x00001028   0x00000054   Code   RO          954    i.ES_DeQueue        es_queue.o
    0x0000107c   0x00000048   Code   RO          955    i.ES_EnQueueFIFO    es_queue.o
    0x000010c4   0x00000034   Code   RO          878    i.ES_GetMSBitSet    es_lookuptables.o
    0x000010f8   0x00000010   Code   RO          957    i.ES_InitQueue      es_queue.o
    0x00001108   0x0000004c   Code   RO          826    i.ES_Initialize     es_framework.o
    0x00001154   0x00000038   Code   RO          828    i.ES_PostToService  es_framework.o
    0x0000118c   0x00000060   Code   RO          830    i.ES_Run            es_framework.o
    0x000011ec   0x00000004   Code   RO          997    i.ES_Timer_Init     es_timers.o
    0x000011f0   0x0000003c   Code   RO          998    i.ES_Timer_InitTimer  es_timers.o
    0x0000122c   0x0000006c   Code   RO         1002    i.ES_Timer_Tick_Resp  es_timers.o
    0x00001298   0x0000000c   Code   RO          547    i.EnableLeftBrake   farmertxsm.o
    0x000012a4   0x0000000c   Code   RO          548    i.EnableReverse     farmertxsm.o
    0x000012b0   0x0000000c   Code   RO          549    i.EnableRightBrake  farmertxsm.o
    0x000012bc   0x00000190   Code   RO          453    i.FarmerRX_ISR      farmerrxsm.o
    0x0000144c   0x00000070   Code   RO          550    i.FarmerTX_ISR      farmertxsm.o
    0x000014bc   0x00000028   Code   RO         1195    i.GPIODirModeSet    driverlib.lib(gpio.o)
    0x000014e4   0x0000013a   Code   RO         1205    i.GPIOPadConfigSet  driverlib.lib(gpio.o)
    0x0000161e   0x00000002   PAD
    0x00001620   0x00000048   Code   RO         1206    i.GPIOPinConfigure  driverlib.lib(gpio.o)
    0x00001668   0x0000001c   Code   RO         1215    i.GPIOPinTypeGPIOInput  driverlib.lib(gpio.o)
    0x00001684   0x0000001c   Code   RO         1231    i.GPIOPinTypeUART   driverlib.lib(gpio.o)
    0x000016a0   0x00000054   Code   RO          265    i.Hardware_Init     hardware.o
    0x000016f4   0x00000140   Code   RO          712    i.I2C_ISR           i2c_service.o
    0x00001834   0x000000ac   Code   RO          266    i.I2C_Init          hardware.o
    0x000018e0   0x00000078   Code   RO          267    i.IO_Init           hardware.o
    0x00001958   0x00000024   Code   RO          752    i.InitFarmerMasterSM  farmermastersm.o
    0x0000197c   0x0000004c   Code   RO          454    i.InitFarmerRXSM    farmerrxsm.o
    0x000019c8   0x0000002c   Code   RO          551    i.InitFarmerTXSM    farmertxsm.o
    0x000019f4   0x00000028   Code   RO          375    i.InitL_ButtonDebounce  l_buttondebounce.o
    0x00001a1c   0x00000028   Code   RO          401    i.InitP_ButtonDebounce  peripheral_buttondebounce.o
    0x00001a44   0x00000028   Code   RO          427    i.InitREV_ButtonDebounce  reverse_buttondebounce.o
    0x00001a6c   0x00000028   Code   RO          349    i.InitR_ButtonDebounce  r_buttondebounce.o
    0x00001a94   0x00000018   Code   RO          713    i.Init_I2C          i2c_service.o
    0x00001aac   0x0000000e   Code   RO         1520    i.IntMasterEnable   driverlib.lib(interrupt.o)
    0x00001aba   0x00000002   PAD
    0x00001abc   0x000000ac   Code   RO          268    i.PWM_Init          hardware.o
    0x00001b68   0x000000a0   Code   RO          779    i.PortFunctionInit  enablepa25_pb23_pd7_pf0.o
    0x00001c08   0x00000010   Code   RO          753    i.PostFarmerMasterSM  farmermastersm.o
    0x00001c18   0x00000010   Code   RO          455    i.PostFarmerRXSM    farmerrxsm.o
    0x00001c28   0x00000010   Code   RO          552    i.PostFarmerTXSM    farmertxsm.o
    0x00001c38   0x00000010   Code   RO          376    i.PostL_ButtonDebounce  l_buttondebounce.o
    0x00001c48   0x00000010   Code   RO          402    i.PostP_ButtonDebounce  peripheral_buttondebounce.o
    0x00001c58   0x00000010   Code   RO          428    i.PostREV_ButtonDebounce  reverse_buttondebounce.o
    0x00001c68   0x00000010   Code   RO          350    i.PostR_ButtonDebounce  r_buttondebounce.o
    0x00001c78   0x00000010   Code   RO          714    i.Post_I2C          i2c_service.o
    0x00001c88   0x00000038   Code   RO          457    i.RXTX_ISR          farmerrxsm.o
    0x00001cc0   0x000005bc   Code   RO          754    i.RunFarmerMasterSM  farmermastersm.o
    0x0000227c   0x0000009c   Code   RO          458    i.RunFarmerRXSM     farmerrxsm.o
    0x00002318   0x00000150   Code   RO          554    i.RunFarmerTXSM     farmertxsm.o
    0x00002468   0x00000090   Code   RO          377    i.RunL_ButtonDebounce  l_buttondebounce.o
    0x000024f8   0x00000090   Code   RO          403    i.RunP_ButtonDebounce  peripheral_buttondebounce.o
    0x00002588   0x00000094   Code   RO          429    i.RunREV_ButtonDebounce  reverse_buttondebounce.o
    0x0000261c   0x00000090   Code   RO          351    i.RunR_ButtonDebounce  r_buttondebounce.o
    0x000026ac   0x000001e4   Code   RO          715    i.Run_I2C           i2c_service.o
    0x00002890   0x0000000c   Code   RO           99    i.SetBadCheckSum    eventcheckers.o
    0x0000289c   0x00000034   Code   RO          227    i.ShortTimerAHandler  es_shorttimer.o
    0x000028d0   0x00000038   Code   RO          228    i.ShortTimerBHandler  es_shorttimer.o
    0x00002908   0x00000120   Code   RO         1637    i.SysCtlClockSet    driverlib.lib(sysctl.o)
    0x00002a28   0x00000028   Code   RO         1666    i.SysCtlPeripheralEnable  driverlib.lib(sysctl.o)
    0x00002a50   0x0000000e   Code   RO         1975    i.SysTickEnable     driverlib.lib(systick.o)
    0x00002a5e   0x0000000e   Code   RO         1977    i.SysTickIntEnable  driverlib.lib(systick.o)
    0x00002a6c   0x00000014   Code   RO          895    i.SysTickIntHandler  es_port.o
    0x00002a80   0x0000000a   Code   RO         1981    i.SysTickPeriodSet  driverlib.lib(systick.o)
    0x00002a8a   0x00000004   Code   RO         1098    i.TERMIO_GetChar    termio.o
    0x00002a8e   0x00000002   PAD
    0x00002a90   0x00000050   Code   RO         1099    i.TERMIO_Init       termio.o
    0x00002ae0   0x0000000c   Code   RO         1100    i.TERMIO_PutChar    termio.o
    0x00002aec   0x00000004   Code   RO         2051    i.TimerIntClear     driverlib.lib(timer.o)
    0x00002af0   0x00000010   Code   RO          555    i.TogglePeripheral  farmertxsm.o
    0x00002b00   0x0000000c   Code   RO         2287    i.UARTCharPut       driverlib.lib(uart.o)
    0x00002b0c   0x00000006   Code   RO         2291    i.UARTClockSourceSet  driverlib.lib(uart.o)
    0x00002b12   0x00000002   PAD
    0x00002b14   0x0000005c   Code   RO         1138    i.UARTStdioConfig   uartstdio.o
    0x00002b70   0x000000ec   Code   RO          271    i.UART_Init         hardware.o
    0x00002c5c   0x00000018   Code   RO         1139    i.UARTgetc          uartstdio.o
    0x00002c74   0x00000020   Code   RO          897    i._HW_Process_Pending_Ints  es_port.o
    0x00002c94   0x00000016   Code   RO          898    i._HW_Timer_Init    es_port.o
    0x00002caa   0x00000030   Code   RO         2790    i.__ARM_fpclassify  m_wm.l(fpclassify.o)
    0x00002cda   0x00000006   PAD
    0x00002ce0   0x000002e0   Code   RO         2737    i.__hardfp_atan     m_wm.l(atan.o)
    0x00002fc0   0x000001f0   Code   RO         2655    i.__hardfp_atan2    m_wm.l(atan2.o)
    0x000031b0   0x000000f8   Code   RO         2792    i.__kernel_poly     m_wm.l(poly.o)
    0x000032a8   0x00000020   Code   RO         2788    i.__mathlib_dbl_underflow  m_wm.l(dunder.o)
    0x000032c8   0x0000000e   Code   RO         2625    i._is_digit         c_w.l(__printf_wp.o)
    0x000032d6   0x00000002   Code   RO         1048    i._sys_exit         retarget.o
    0x000032d8   0x00000010   Code   RO         2739    i.atan              m_wm.l(atan.o)
    0x000032e8   0x00000034   Code   RO          556    i.calculateChecksum  farmertxsm.o
    0x0000331c   0x00000014   Code   RO          557    i.clearControls     farmertxsm.o
    0x00003330   0x00000018   Code   RO         2753    i.fabs              m_wm.l(fabs.o)
    0x00003348   0x00000006   Code   RO         1050    i.ferror            retarget.o
    0x0000334e   0x00000004   Code   RO         1051    i.fgetc             retarget.o
    0x00003352   0x0000000e   Code   RO         1052    i.fputc             retarget.o
    0x00003360   0x0000000c   Code   RO          560    i.getDestAddrLSB    farmertxsm.o
    0x0000336c   0x0000000c   Code   RO          561    i.getDestAddrMSB    farmertxsm.o
    0x00003378   0x0000000c   Code   RO          461    i.getDogAddrLSB     farmerrxsm.o
    0x00003384   0x0000000c   Code   RO          462    i.getDogAddrMSB     farmerrxsm.o
    0x00003390   0x0000000c   Code   RO          562    i.getEncryptionKeyIndex  farmertxsm.o
    0x0000339c   0x0000000c   Code   RO          463    i.getHeader         farmerrxsm.o
    0x000033a8   0x00000014   Code   RO         1101    i.kbhit             termio.o
    0x000033bc   0x000001d8   Code   RO            1    i.main              main.o
    0x00003594   0x0000000c   Code   RO          563    i.resetEncryptionIndex  farmertxsm.o
    0x000035a0   0x00000044   Code   RO          564    i.setDestDogAddress  farmertxsm.o
    0x000035e4   0x00000034   Code   RO          565    i.setDigitalCtrl    farmertxsm.o
    0x00003618   0x0000000c   Code   RO          566    i.setDogTag         farmertxsm.o
    0x00003624   0x000000f4   Code   RO          567    i.setFarmerDataHeader  farmertxsm.o
    0x00003718   0x0000000c   Code   RO          464    i.setPair           farmerrxsm.o
    0x00003724   0x0000000c   Code   RO          465    i.setUnpair         farmerrxsm.o
    0x00003730   0x00000018   Code   RO         2720    x$fpl$basic         fz_wm.l(basic.o)
    0x00003748   0x00000150   Code   RO         2722    x$fpl$dadd          fz_wm.l(daddsub_clz.o)
    0x00003898   0x000002b0   Code   RO         2729    x$fpl$ddiv          fz_wm.l(ddiv.o)
    0x00003b48   0x00000154   Code   RO         2782    x$fpl$dmul          fz_wm.l(dmul.o)
    0x00003c9c   0x0000009c   Code   RO         2784    x$fpl$dnaninf       fz_wm.l(dnaninf.o)
    0x00003d38   0x0000000c   Code   RO         2732    x$fpl$dretinf       fz_wm.l(dretinf.o)
    0x00003d44   0x00000016   Code   RO         2723    x$fpl$drsb          fz_wm.l(daddsub_clz.o)
    0x00003d5a   0x00000002   PAD
    0x00003d5c   0x000001d4   Code   RO         2724    x$fpl$dsub          fz_wm.l(daddsub_clz.o)
    0x00003f30   0x00000056   Code   RO         2653    x$fpl$f2d           fz_wm.l(f2d.o)
    0x00003f86   0x0000008c   Code   RO         2734    x$fpl$fnaninf       fz_wm.l(fnaninf.o)
    0x00004012   0x0000000a   Code   RO         2786    x$fpl$fpinit        fz_wm.l(fpinit.o)
    0x0000401c   0x00000000   Code   RO         2736    x$fpl$usenofp       fz_wm.l(usenofp.o)
    0x0000401c   0x00000030   Data   RO          327    .constdata          admulti.o
    0x0000404c   0x00000010   Data   RO          801    .constdata          es_checkevents.o
    0x0000405c   0x00000080   Data   RO          839    .constdata          es_framework.o
    0x000040dc   0x00000020   Data   RO          879    .constdata          es_lookuptables.o
    0x000040fc   0x0000000f   Data   RO          880    .constdata          es_lookuptables.o
    0x0000410b   0x00000001   PAD
    0x0000410c   0x00000040   Data   RO         1004    .constdata          es_timers.o
    0x0000414c   0x0000001c   Data   RO         1144    .constdata          uartstdio.o
    0x00004168   0x00000210   Data   RO         1238    .constdata          driverlib.lib(gpio.o)
    0x00004378   0x00000028   Data   RO         2598    .constdata          c_w.l(_printf_hex_int.o)
    0x000043a0   0x00000011   Data   RO         2628    .constdata          c_w.l(__printf_flags_wp.o)
    0x000043b1   0x00000007   PAD
    0x000043b8   0x00000098   Data   RO         2740    .constdata          m_wm.l(atan.o)
    0x00004450   0x00000008   Data   RO         2757    .constdata          m_wm.l(qnan.o)
    0x00004458   0x00000042   Data   RO          569    .conststring        farmertxsm.o
    0x0000449a   0x00000002   PAD
    0x0000449c   0x000000d2   Data   RO          755    .conststring        farmermastersm.o
    0x0000456e   0x00000002   PAD
    0x00004570   0x00000011   Data   RO         1145    .conststring        uartstdio.o
    0x00004581   0x00000003   PAD
    0x00004584   0x00000020   Data   RO         2877    Region$$Table       anon$$obj.o


    Execution Region RW_IRAM1 (Base: 0x20000000, Size: 0x00000ca8, Max: 0x00008000, ABSOLUTE)

    Base Addr    Size         Type   Attr      Idx    E Section Name        Object

    0x20000000   0x00000008   Data   RW          100    .data               eventcheckers.o
    0x20000008   0x00000002   Data   RW          229    .data               es_shorttimer.o
    0x2000000a   0x00000001   Data   RW          328    .data               admulti.o
    0x2000000b   0x00000002   Data   RW          352    .data               r_buttondebounce.o
    0x2000000d   0x00000002   Data   RW          378    .data               l_buttondebounce.o
    0x2000000f   0x00000002   Data   RW          404    .data               peripheral_buttondebounce.o
    0x20000011   0x00000002   Data   RW          430    .data               reverse_buttondebounce.o
    0x20000013   0x00000001   PAD
    0x20000014   0x0000000c   Data   RW          467    .data               farmerrxsm.o
    0x20000020   0x00000014   Data   RW          570    .data               farmertxsm.o
    0x20000034   0x0000002e   Data   RW          717    .data               i2c_service.o
    0x20000062   0x00000002   Data   RW          756    .data               farmermastersm.o
    0x20000064   0x00000006   Data   RW          840    .data               es_framework.o
    0x2000006a   0x00000004   Data   RW          899    .data               es_port.o
    0x2000006e   0x00000002   PAD
    0x20000070   0x00000004   Data   RW          959    .data               es_queue.o
    0x20000074   0x0000000a   Data   RW         1005    .data               es_timers.o
    0x2000007e   0x00000002   PAD
    0x20000080   0x00000004   Data   RW         1053    .data               retarget.o
    0x20000084   0x00000004   Data   RW         1054    .data               retarget.o
    0x20000088   0x00000008   Data   RW         1146    .data               uartstdio.o
    0x20000090   0x00000056   Zero   RW          466    .bss                farmerrxsm.o
    0x200000e6   0x0000004b   Zero   RW          568    .bss                farmertxsm.o
    0x20000131   0x00000001   PAD
    0x20000132   0x00000018   Zero   RW          716    .bss                i2c_service.o
    0x2000014a   0x00000010   Zero   RW          831    .bss                es_framework.o
    0x2000015a   0x00000010   Zero   RW          832    .bss                es_framework.o
    0x2000016a   0x00000010   Zero   RW          833    .bss                es_framework.o
    0x2000017a   0x00000010   Zero   RW          834    .bss                es_framework.o
    0x2000018a   0x000000cc   Zero   RW          835    .bss                es_framework.o
    0x20000256   0x000000cc   Zero   RW          836    .bss                es_framework.o
    0x20000322   0x00000010   Zero   RW          837    .bss                es_framework.o
    0x20000332   0x00000010   Zero   RW          838    .bss                es_framework.o
    0x20000342   0x00000020   Zero   RW         1003    .bss                es_timers.o
    0x20000362   0x00000002   PAD
    0x20000364   0x000000e4   Zero   RW         2646    .bss                c_w.l(rand.o)
    0x20000448   0x00000060   Zero   RW         2795    .bss                c_w.l(libspace.o)
    0x200004a8   0x00000000   Zero   RW          792    HEAP                startup_rvmdk.o
    0x200004a8   0x00000800   Zero   RW          791    STACK               startup_rvmdk.o


==============================================================================

Image component sizes


      Code (inc. data)   RO Data    RW Data    ZI Data      Debug   Object Name

       256         40         48          1          0       1884   admulti.o
       160         28          0          0          0        587   enablepa25_pb23_pd7_pf0.o
        40          6         16          0          0       1177   es_checkevents.o
       228         30        128          6        504       3072   es_framework.o
        52          4         47          0          0       1286   es_lookuptables.o
        88         10          0          4          0       3574   es_port.o
       172         10          0          4          0       2437   es_queue.o
       108         20          0          2          0       2096   es_shorttimer.o
       172         34         64         10         32       2394   es_timers.o
       828        316          0          8          0       6698   eventcheckers.o
      1520        790        210          2          0       3638   farmermastersm.o
       764        224          0         12         86       7026   farmerrxsm.o
      1880        882         66         20         75      14696   farmertxsm.o
       784        144          0          0          0       3248   hardware.o
       844         90          0         46         24       4246   i2c_service.o
       200         48          0          2          0       2064   l_buttondebounce.o
       472        356          0          0          0      10475   main.o
       200         46          0          2          0       2124   peripheral_buttondebounce.o
       200         50          0          2          0       2060   r_buttondebounce.o
        26          0          0          8          0       3659   retarget.o
       204         50          0          2          0       2114   reverse_buttondebounce.o
       672        636          0          0       2048        556   startup_rvmdk.o
       116         26          0          0          0       1960   termio.o
       116         14         45          8          0       2728   uartstdio.o

    ----------------------------------------------------------------------
     10106       3854        664        144       2772      85799   Object Totals
         0          0         32          0          0          0   (incl. Generated)
         4          0          8          5          3          0   (incl. Padding)

    ----------------------------------------------------------------------

      Code (inc. data)   RO Data    RW Data    ZI Data      Debug   Library Member Name

         8          0          0          0          0         68   __main.o
       312          4         17          0          0         92   __printf_flags_wp.o
        14          0          0          0          0         68   __printf_wp.o
        52          8          0          0          0          0   __scatter.o
        26          0          0          0          0          0   __scatter_copy.o
        28          0          0          0          0          0   __scatter_zi.o
         6          0          0          0          0          0   _printf_c.o
        44          0          0          0          0        108   _printf_char.o
        48          6          0          0          0         96   _printf_char_common.o
        36          4          0          0          0         80   _printf_char_file.o
       116         16          0          0          0         92   _printf_dec.o
        88          4         40          0          0         88   _printf_hex_int.o
         6          0          0          0          0          0   _printf_i.o
       178          0          0          0          0         88   _printf_intcommon.o
        78          0          0          0          0        108   _printf_pad.o
         0          0          0          0          0          0   _printf_percent.o
         4          0          0          0          0          0   _printf_percent_end.o
         6          0          0          0          0          0   _printf_s.o
        82          0          0          0          0         80   _printf_str.o
         6          0          0          0          0          0   _printf_x.o
        12          0          0          0          0         72   exit.o
         4          0          0          0          0         68   getc.o
         6          0          0          0          0        152   heapauxi.o
         2          0          0          0          0          0   libinit.o
        10          0          0          0          0          0   libinit2.o
         2          0          0          0          0          0   libshutdown.o
         2          0          0          0          0          0   libshutdown2.o
         8          4          0          0         96         68   libspace.o
        24          4          0          0          0         84   noretval__2printf.o
        44          4          0          0          0         84   puts.o
       112         18          0          0        228        160   rand.o
         0          0          0          0          0          0   rtentry.o
        12          0          0          0          0          0   rtentry2.o
         6          0          0          0          0          0   rtentry4.o
         2          0          0          0          0          0   rtexit.o
        10          0          0          0          0          0   rtexit2.o
        74          0          0          0          0         80   sys_stackheap_outer.o
         2          0          0          0          0         68   use_no_semi.o
        38          0          0          0          0        504   cpu.o
       482          8        528          0          0       6412   gpio.o
        14          0          0          0          0        450   interrupt.o
       334         22          0          0          0       1550   sysctl.o
        38          0          0          0          0       1218   systick.o
         4          0          0          0          0        424   timer.o
        18          0          0          0          0        867   uart.o
        24          0          0          0          0        164   basic.o
       826         16          0          0          0        492   daddsub_clz.o
       688        140          0          0          0        256   ddiv.o
       340         12          0          0          0        152   dmul.o
       156          4          0          0          0        140   dnaninf.o
        12          0          0          0          0        116   dretinf.o
        86          4          0          0          0        132   f2d.o
       140          4          0          0          0        132   fnaninf.o
        10          0          0          0          0        116   fpinit.o
         0          0          0          0          0          0   usenofp.o
       752        104        152          0          0        344   atan.o
       496         70          0          0          0        156   atan2.o
        32          8          0          0          0        124   dunder.o
        24          0          0          0          0        124   fabs.o
        48          0          0          0          0        124   fpclassify.o
       248          0          0          0          0        152   poly.o
         0          0          8          0          0          0   qnan.o

    ----------------------------------------------------------------------
      6306        464        752          0        324      15953   Library Totals
        26          0          7          0          0          0   (incl. Padding)

    ----------------------------------------------------------------------

      Code (inc. data)   RO Data    RW Data    ZI Data      Debug   Library Name

      1470         72         57          0        324       1804   c_w.l
       928         30        528          0          0      11425   driverlib.lib
      2282        180          0          0          0       1700   fz_wm.l
      1600        182        160          0          0       1024   m_wm.l

    ----------------------------------------------------------------------
      6306        464        752          0        324      15953   Library Totals

    ----------------------------------------------------------------------

==============================================================================


      Code (inc. data)   RO Data    RW Data    ZI Data      Debug   

     16412       4318       1416        144       3096      88668   Grand Totals
     16412       4318       1416        144       3096      88668   ELF Image Totals
     16412       4318       1416        144          0          0   ROM Totals

==============================================================================

    Total RO  Size (Code + RO Data)                17828 (  17.41kB)
    Total RW  Size (RW Data + ZI Data)              3240 (   3.16kB)
    Total ROM Size (Code + RO Data + RW Data)      17972 (  17.55kB)

==============================================================================

