<html>
<body>
<pre>
<h1>µVision Build Log</h1>
<h2>Project:</h2>
U:\millerm2\My Documents\ME218C\Project\Matthew Branch\pics_before_chicks\FARMER\UVFrameworkTemplate.uvprojx
Project File Date:  05/14/2017

<h2>Output:</h2>
Rebuild target 'BaseFrameworkTarget'
compiling main.c...
compiling EventCheckers.c...
.\Headers\FarmerTXSM.h(29): warning:  #1-D: last line of file ends without a newline
                                                        
Source\EventCheckers.c: 1 warning, 0 errors
compiling TemplateFSM.c...
compiling ES_ShortTimer.c...
compiling Hardware.c...
compiling ADMulti.c...
compiling R_ButtonDebounce.c...
Source\R_ButtonDebounce.c(59): warning:  #550-D: variable "Event2Post" was set but never used
                                ES_Event Event2Post;
Source\R_ButtonDebounce.c(67): warning:  #550-D: variable "Event2Post" was set but never used
                                ES_Event Event2Post;
Source\R_ButtonDebounce.c: 2 warnings, 0 errors
compiling L_ButtonDebounce.c...
Source\L_ButtonDebounce.c(58): warning:  #550-D: variable "Event2Post" was set but never used
                                ES_Event Event2Post;
Source\L_ButtonDebounce.c(66): warning:  #550-D: variable "Event2Post" was set but never used
                                ES_Event Event2Post;
Source\L_ButtonDebounce.c: 2 warnings, 0 errors
compiling Peripheral_ButtonDebounce.c...
Source\Peripheral_ButtonDebounce.c(58): warning:  #550-D: variable "Event2Post" was set but never used
                                ES_Event Event2Post;
Source\Peripheral_ButtonDebounce.c(67): warning:  #550-D: variable "Event2Post" was set but never used
                                ES_Event Event2Post;
Source\Peripheral_ButtonDebounce.c: 2 warnings, 0 errors
compiling Reverse_ButtonDebounce.c...
Source\Reverse_ButtonDebounce.c(58): warning:  #550-D: variable "Event2Post" was set but never used
                                ES_Event Event2Post;
Source\Reverse_ButtonDebounce.c(67): warning:  #550-D: variable "Event2Post" was set but never used
                                ES_Event Event2Post;
Source\Reverse_ButtonDebounce.c: 2 warnings, 0 errors
compiling FarmerRXSM.c...
.\Headers\FarmerTXSM.h(29): warning:  #1-D: last line of file ends without a newline
                                                        
Source\FarmerRXSM.c: 1 warning, 0 errors
compiling FarmerTXSM.c...
.\Headers\FarmerTXSM.h(29): warning:  #1-D: last line of file ends without a newline
                                                        
Source\FarmerTXSM.c(303): warning:  #177-D: function "ClearMessageArray" was declared but never referenced
  static void ClearMessageArray( void ){
Source\FarmerTXSM.c: 2 warnings, 0 errors
assembling startup_rvmdk.S...
compiling ES_CheckEvents.c...
compiling ES_DeferRecall.c...
compiling ES_Framework.c...
.\Headers\FarmerTXSM.h(29): warning:  #1-D: last line of file ends without a newline
                                                        
Source\ES_Framework.c: 1 warning, 0 errors
compiling ES_LookupTables.c...
compiling ES_Port.c...
compiling ES_PostList.c...
.\Headers\FarmerTXSM.h(29): warning:  #1-D: last line of file ends without a newline
                                                        
Source\ES_PostList.c(27): warning:  #177-D: function "PostToList" was declared but never referenced
  static bool PostToList(  PostFunc_t *const*FuncList, uint8_t ListSize, ES_Event NewEvent);
Source\ES_PostList.c: 2 warnings, 0 errors
compiling ES_Queue.c...
compiling ES_Timers.c...
.\Headers\FarmerTXSM.h(29): warning:  #1-D: last line of file ends without a newline
                                                        
Source\ES_Timers.c: 1 warning, 0 errors
compiling retarget.c...
compiling termio.c...
compiling uartstdio.c...
linking...
Program Size: Code=7404 RO-data=936 RW-data=76 ZI-data=2332  
After Build - User command #1: fromelf --bin --output .\Outputs\BaseTarget.bin .\Outputs\BaseTarget.axf
".\Outputs\BaseTarget.axf" - 0 Error(s), 16 Warning(s).
Load "U:\\millerm2\\My Documents\\ME218C\\Project\\Matthew Branch\\pics_before_chicks\\FARMER\\Outputs\\BaseTarget.axf" 
Connecting: Mode=JTAG, Speed=1000000Hz
Erase Done.
Programming Done.
Verify OK.
</pre>
</body>
</html>
uments\\ME218C\\Project\\Matthew Branch\\pics_before_chicks\\FARMER\\Outputs\\BaseTarget.axf" 
Connecting: Mode=JTAG, Speed=1000000Hz
Erase Done.
Programming Done.
Verify OK.
er referenced
  static bool PostToList(  PostFunc_t *const*FuncList, uint8_t ListSize, ES_Event NewEvent);
Source\ES_PostList.c: 1 warning, 0 errors
compiling ES_Queue.c...
compiling ES_Timers.c...
compiling retarget.c...
compiling termio.c...
compiling uartstdio.c...
".\Outputs\BaseTarget.axf" - 4 Error(s), 19 Warning(s).
Target not created
7-D: function "DataTransmitted" was declared but never referenced
  static void DataTransmitted(){
Source\FarmerTXSM.c: 2 warnings, 5 errors
assembling startup_rvmdk.S...
compiling ES_CheckEvents.c...
compiling ES_DeferRecall.c...
compiling ES_Framework.c...
compiling ES_LookupTables.c...
compiling ES_Port.c...
compiling ES_PostList.c...
Source\ES_PostList.c(27): warning:  #177-D: function "PostToList" was declared but never referenced
  static bool PostToList(  PostFunc_t *const*FuncList, uint8_t ListSize, ES_Event NewEvent);
Source\ES_PostList.c: 1 warning, 0 errors
compiling ES_Queue.c...
compiling ES_Timers.c...
compiling retarget.c...
compiling termio.c...
compiling uartstdio.c...
".\Outputs\BaseTarget.axf" - 9 Error(s), 20 Warning(s).
Target not created
les.c...
compiling ES_Port.c...
compiling ES_PostList.c...
Source\ES_PostList.c(27): warning:  #177-D: function "PostToList" was declared but never referenced
  static bool PostToList(  PostFunc_t *const*FuncList, uint8_t ListSize, ES_Event NewEvent);
Source\ES_PostList.c: 1 warning, 0 errors
compiling ES_Queue.c...
compiling ES_Timers.c...
compiling retarget.c...
compiling termio.c...
compiling uartstdio.c...
".\Outputs\BaseTarget.axf" - 12 Error(s), 21 Warning(s).
Target not created
