<html>
<body>
<pre>
<h1>µVision Build Log</h1>
<h2>Project:</h2>
U:\millerm2\My Documents\ME218C\Project\Matthew Branch\pics_before_chicks\FARMER\UVFrameworkTemplate.uvprojx
Project File Date:  05/13/2017

<h2>Output:</h2>
Rebuild target 'BaseFrameworkTarget'
compiling main.c...
compiling EventCheckers.c...
compiling TemplateFSM.c...
compiling ES_ShortTimer.c...
compiling Hardware.c...
compiling ADMulti.c...
compiling R_ButtonDebounce.c...
Source\R_ButtonDebounce.c(59): warning:  #550-D: variable "Event2Post" was set but never used
                                ES_Event Event2Post;
Source\R_ButtonDebounce.c(67): warning:  #550-D: variable "Event2Post" was set but never used
                                ES_Event Event2Post;
Source\R_ButtonDebounce.c: 2 warnings, 0 errors
compiling L_ButtonDebounce.c...
Source\L_ButtonDebounce.c(58): warning:  #550-D: variable "Event2Post" was set but never used
                                ES_Event Event2Post;
Source\L_ButtonDebounce.c(66): warning:  #550-D: variable "Event2Post" was set but never used
                                ES_Event Event2Post;
Source\L_ButtonDebounce.c: 2 warnings, 0 errors
compiling Peripheral_ButtonDebounce.c...
Source\Peripheral_ButtonDebounce.c(58): warning:  #550-D: variable "Event2Post" was set but never used
                                ES_Event Event2Post;
Source\Peripheral_ButtonDebounce.c(67): warning:  #550-D: variable "Event2Post" was set but never used
                                ES_Event Event2Post;
Source\Peripheral_ButtonDebounce.c: 2 warnings, 0 errors
compiling Reverse_ButtonDebounce.c...
Source\Reverse_ButtonDebounce.c(58): warning:  #550-D: variable "Event2Post" was set but never used
                                ES_Event Event2Post;
Source\Reverse_ButtonDebounce.c(67): warning:  #550-D: variable "Event2Post" was set but never used
                                ES_Event Event2Post;
Source\Reverse_ButtonDebounce.c: 2 warnings, 0 errors
compiling FarmerRXSM.c...
assembling startup_rvmdk.S...
compiling ES_CheckEvents.c...
compiling ES_DeferRecall.c...
compiling ES_Framework.c...
compiling ES_LookupTables.c...
compiling ES_Port.c...
compiling ES_PostList.c...
Source\ES_PostList.c(27): warning:  #177-D: function "PostToList" was declared but never referenced
  static bool PostToList(  PostFunc_t *const*FuncList, uint8_t ListSize, ES_Event NewEvent);
Source\ES_PostList.c: 1 warning, 0 errors
compiling ES_Queue.c...
compiling ES_Timers.c...
compiling retarget.c...
compiling termio.c...
compiling uartstdio.c...
linking...
Program Size: Code=6796 RO-data=860 RW-data=72 ZI-data=2296  
After Build - User command #1: fromelf --bin --output .\Outputs\BaseTarget.bin .\Outputs\BaseTarget.axf
".\Outputs\BaseTarget.axf" - 0 Error(s), 9 Warning(s).
</pre>
</body>
</html>
r Build - User command #1: fromelf --bin --output .\Outputs\BaseTarget.bin .\Outputs\BaseTarget.axf
".\Outputs\BaseTarget.axf" - 0 Error(s), 10 Warning(s).
 #1: fromelf --bin --output .\Outputs\BaseTarget.bin .\Outputs\BaseTarget.axf
".\Outputs\BaseTarget.axf" - 0 Error(s), 11 Warning(s).
arget.axf" - 3 Error(s), 11 Warning(s).
Target not created
et.axf
".\Outputs\BaseTarget.axf" - 0 Error(s), 12 Warning(s).
ecting: Mode=JTAG, Speed=1000000Hz
Erase Done.
Programming Done.
Verify OK.

compiling ES_Timers.c...
compiling retarget.c...
compiling termio.c...
compiling uartstdio.c...
".\Outputs\BaseTarget.axf" - 5 Error(s), 10 Warning(s).
Target not created
et.c...
compiling termio.c...
compiling uartstdio.c...
".\Outputs\BaseTarget.axf" - 7 Error(s), 9 Warning(s).
Target not created
