<html>
<body>
<pre>
<h1>µVision Build Log</h1>
<h2>Project:</h2>
U:\bglasner\My Documents\pics_before_chicks\FARMER\UVFrameworkTemplate.uvprojx
Project File Date:  05/23/2017

<h2>Output:</h2>
Rebuild target 'BaseFrameworkTarget'
compiling main.c...
compiling EventCheckers.c...
compiling TemplateFSM.c...
compiling ES_ShortTimer.c...
compiling Hardware.c...
compiling ADMulti.c...
compiling R_ButtonDebounce.c...
compiling L_ButtonDebounce.c...
compiling Peripheral_ButtonDebounce.c...
compiling Reverse_ButtonDebounce.c...
compiling FarmerRXSM.c...
Source\FarmerRXSM.c(433): warning:  #940-D: missing return statement at end of non-void function "getDataByte"
  }
Source\FarmerRXSM.c(505): warning:  #177-D: function "InterpretPairAck" was declared but never referenced
  static void InterpretPairAck(void)
Source\FarmerRXSM.c(526): warning:  #177-D: function "InterpretEncrReset" was declared but never referenced
  static void InterpretEncrReset(void)
Source\FarmerRXSM.c(534): warning:  #177-D: function "InterpretStatus" was declared but never referenced
  static void InterpretStatus(void)
Source\FarmerRXSM.c(67): warning:  #550-D: variable "paired" was set but never used
  static bool paired;
Source\FarmerRXSM.c: 5 warnings, 0 errors
compiling FarmerTXSM.c...
Source\FarmerTXSM.c(520): warning:  #177-D: function "ClearMessageArray" was declared but never referenced
  static void ClearMessageArray( void )
Source\FarmerTXSM.c(46): warning:  #177-D: function "GenCheckSum" was declared but never referenced
  static void GenCheckSum( void );
Source\FarmerTXSM.c(74): warning:  #177-D: variable "PacketLength" was declared but never referenced
  static uint8_t PacketLength;
Source\FarmerTXSM.c(78): warning:  #550-D: variable "TransEnable" was set but never used
  static bool   TransEnable;
Source\FarmerTXSM.c: 4 warnings, 0 errors
compiling I2C_Service.c...
compiling FarmerMasterSM.c...
Source\FarmerMasterSM.c(470): warning:  #177-D: function "LED_Setter" was declared but never referenced
  static void LED_Setter(void)
Source\FarmerMasterSM.c(55): warning:  #177-D: variable "DogSelect" was declared but never referenced
  static uint8_t DogSelect;
Source\FarmerMasterSM.c: 2 warnings, 0 errors
assembling startup_rvmdk.S...
compiling ES_CheckEvents.c...
compiling ES_DeferRecall.c...
compiling ES_Framework.c...
compiling ES_LookupTables.c...
compiling ES_Port.c...
compiling ES_PostList.c...
Source\ES_PostList.c(27): warning:  #177-D: function "PostToList" was declared but never referenced
  static bool PostToList(  PostFunc_t *const*FuncList, uint8_t ListSize, ES_Event NewEvent);
Source\ES_PostList.c: 1 warning, 0 errors
compiling ES_Queue.c...
compiling ES_Timers.c...
compiling retarget.c...
compiling termio.c...
compiling uartstdio.c...
linking...
Program Size: Code=16040 RO-data=1412 RW-data=144 ZI-data=3096  
After Build - User command #1: fromelf --bin --output .\Outputs\BaseTarget.bin .\Outputs\BaseTarget.axf
".\Outputs\BaseTarget.axf" - 0 Error(s), 12 Warning(s).
Load "U:\\bglasner\\My Documents\\pics_before_chicks\\FARMER\\Outputs\\BaseTarget.axf" 
Connecting: Mode=JTAG, Speed=1000000Hz
Erase Done.
Programming Done.
Verify OK.
fromelf --bin --output .\Outputs\BaseTarget.bin .\Outputs\BaseTarget.axf
".\Outputs\BaseTarget.axf" - 0 Error(s), 14 Warning(s).
