Product: MDK-ARM Professional 5.10
Component: ARM Compiler 5.04 update 1 (build 49)
Tool: armlink [5040049]

==============================================================================

Section Cross References

    main.o(i.main) refers to _printf_percent.o(.ARM.Collect$$_printf_percent$$00000000) for _printf_percent
    main.o(i.main) refers to _printf_s.o(.ARM.Collect$$_printf_percent$$00000014) for _printf_s
    main.o(i.main) refers to _printf_str.o(.text) for _printf_str
    main.o(i.main) refers to enablepa25_pb23_pd7_pf0.o(i.PortFunctionInit) for PortFunctionInit
    main.o(i.main) refers to sysctl.o(i.SysCtlClockSet) for SysCtlClockSet
    main.o(i.main) refers to termio.o(i.TERMIO_Init) for TERMIO_Init
    main.o(i.main) refers to noretval__2printf.o(.text) for __2printf
    main.o(i.main) refers to puts.o(.text) for puts
    main.o(i.main) refers to hardware.o(i.Hardware_Init) for Hardware_Init
    main.o(i.main) refers to es_framework.o(i.ES_Initialize) for ES_Initialize
    main.o(i.main) refers to es_framework.o(i.ES_Run) for ES_Run
    eventcheckers.o(i.Check4BadCheckSum) refers to noretval__2printf.o(.text) for __2printf
    eventcheckers.o(i.Check4BadCheckSum) refers to eventcheckers.o(.data) for .data
    eventcheckers.o(i.Check4Keystroke) refers to _printf_percent.o(.ARM.Collect$$_printf_percent$$00000000) for _printf_percent
    eventcheckers.o(i.Check4Keystroke) refers to _printf_c.o(.ARM.Collect$$_printf_percent$$00000013) for _printf_c
    eventcheckers.o(i.Check4Keystroke) refers to _printf_str.o(.text) for _printf_str
    eventcheckers.o(i.Check4Keystroke) refers to termio.o(i.kbhit) for kbhit
    eventcheckers.o(i.Check4Keystroke) refers to getc.o(.text) for getc
    eventcheckers.o(i.Check4Keystroke) refers to noretval__2printf.o(.text) for __2printf
    eventcheckers.o(i.Check4Keystroke) refers to farmerrxsm.o(i.PostFarmerRXSM) for PostFarmerRXSM
    eventcheckers.o(i.Check4Keystroke) refers to farmerrxsm.o(i.setPair) for setPair
    eventcheckers.o(i.Check4Keystroke) refers to farmerrxsm.o(i.setUnpair) for setUnpair
    eventcheckers.o(i.Check4Keystroke) refers to farmermastersm.o(i.PostFarmerMasterSM) for PostFarmerMasterSM
    eventcheckers.o(i.Check4Keystroke) refers to farmertxsm.o(i.setFarmerDataHeader) for setFarmerDataHeader
    eventcheckers.o(i.Check4Keystroke) refers to farmertxsm.o(i.PostFarmerTXSM) for PostFarmerTXSM
    eventcheckers.o(i.Check4Keystroke) refers to retarget.o(.data) for __stdin
    eventcheckers.o(i.CheckButton) refers to r_buttondebounce.o(i.PostR_ButtonDebounce) for PostR_ButtonDebounce
    eventcheckers.o(i.CheckButton) refers to l_buttondebounce.o(i.PostL_ButtonDebounce) for PostL_ButtonDebounce
    eventcheckers.o(i.CheckButton) refers to reverse_buttondebounce.o(i.PostREV_ButtonDebounce) for PostREV_ButtonDebounce
    eventcheckers.o(i.CheckButton) refers to peripheral_buttondebounce.o(i.PostP_ButtonDebounce) for PostP_ButtonDebounce
    eventcheckers.o(i.CheckButton) refers to eventcheckers.o(.data) for .data
    eventcheckers.o(i.CheckSound) refers to admulti.o(i.ADC_MultiRead) for ADC_MultiRead
    eventcheckers.o(i.CheckSound) refers to farmermastersm.o(i.PostFarmerMasterSM) for PostFarmerMasterSM
    eventcheckers.o(i.CheckSound) refers to noretval__2printf.o(.text) for __2printf
    eventcheckers.o(i.CheckSound) refers to eventcheckers.o(.data) for .data
    eventcheckers.o(i.SetBadCheckSum) refers to eventcheckers.o(.data) for .data
    templatefsm.o(i.InitTemplateFSM) refers to es_framework.o(i.ES_PostToService) for ES_PostToService
    templatefsm.o(i.InitTemplateFSM) refers to templatefsm.o(.data) for .data
    templatefsm.o(i.PostTemplateFSM) refers to es_framework.o(i.ES_PostToService) for ES_PostToService
    templatefsm.o(i.PostTemplateFSM) refers to templatefsm.o(.data) for .data
    templatefsm.o(i.QueryTemplateFSM) refers to templatefsm.o(.data) for .data
    templatefsm.o(i.RunTemplateFSM) refers to templatefsm.o(.data) for .data
    es_shorttimer.o(i.ES_ShortTimerInit) refers to sysctl.o(i.SysCtlPeripheralEnable) for SysCtlPeripheralEnable
    es_shorttimer.o(i.ES_ShortTimerInit) refers to timer.o(i.TimerConfigure) for TimerConfigure
    es_shorttimer.o(i.ES_ShortTimerInit) refers to timer.o(i.TimerPrescaleSet) for TimerPrescaleSet
    es_shorttimer.o(i.ES_ShortTimerInit) refers to es_shorttimer.o(.data) for .data
    es_shorttimer.o(i.ES_ShortTimerStart) refers to es_shorttimer.o(i.ShortTimerBHandler) for ShortTimerBHandler
    es_shorttimer.o(i.ES_ShortTimerStart) refers to timer.o(i.TimerLoadSet) for TimerLoadSet
    es_shorttimer.o(i.ES_ShortTimerStart) refers to timer.o(i.TimerIntEnable) for TimerIntEnable
    es_shorttimer.o(i.ES_ShortTimerStart) refers to interrupt.o(i.IntEnable) for IntEnable
    es_shorttimer.o(i.ES_ShortTimerStart) refers to timer.o(i.TimerEnable) for TimerEnable
    es_shorttimer.o(i.ES_ShortTimerStart) refers to es_shorttimer.o(i.ShortTimerAHandler) for ShortTimerAHandler
[...]
    .ARM.Collect$$libinit$$00000011          0x00000322   Section        0  libinit2.o(.ARM.Collect$$libinit$$00000011)
    .ARM.Collect$$libinit$$00000013          0x00000322   Section        0  libinit2.o(.ARM.Collect$$libinit$$00000013)
    .ARM.Collect$$libinit$$00000015          0x00000322   Section        0  libinit2.o(.ARM.Collect$$libinit$$00000015)
    .ARM.Collect$$libinit$$00000017          0x00000322   Section        0  libinit2.o(.ARM.Collect$$libinit$$00000017)
    .ARM.Collect$$libinit$$00000019          0x00000322   Section        0  libinit2.o(.ARM.Collect$$libinit$$00000019)
    .ARM.Collect$$libinit$$0000001B          0x00000322   Section        0  libinit2.o(.ARM.Collect$$libinit$$0000001B)
    .ARM.Collect$$libinit$$0000001D          0x00000322   Section        0  libinit2.o(.ARM.Collect$$libinit$$0000001D)
    .ARM.Collect$$libinit$$0000001F          0x00000322   Section        0  libinit2.o(.ARM.Collect$$libinit$$0000001F)
    .ARM.Collect$$libinit$$00000021          0x00000322   Section        0  libinit2.o(.ARM.Collect$$libinit$$00000021)
    .ARM.Collect$$libinit$$00000023          0x00000322   Section        0  libinit2.o(.ARM.Collect$$libinit$$00000023)
    .ARM.Collect$$libinit$$0000002A          0x00000322   Section        0  libinit2.o(.ARM.Collect$$libinit$$0000002A)
    .ARM.Collect$$libinit$$0000002C          0x00000322   Section        0  libinit2.o(.ARM.Collect$$libinit$$0000002C)
    .ARM.Collect$$libinit$$0000002E          0x00000322   Section        0  libinit2.o(.ARM.Collect$$libinit$$0000002E)
    .ARM.Collect$$libinit$$00000030          0x00000322   Section        0  libinit2.o(.ARM.Collect$$libinit$$00000030)
    .ARM.Collect$$libinit$$00000031          0x00000322   Section        2  libinit2.o(.ARM.Collect$$libinit$$00000031)
    .ARM.Collect$$libshutdown$$00000000      0x00000324   Section        2  libshutdown.o(.ARM.Collect$$libshutdown$$00000000)
    .ARM.Collect$$libshutdown$$00000003      0x00000326   Section        0  libshutdown2.o(.ARM.Collect$$libshutdown$$00000003)
    .ARM.Collect$$libshutdown$$00000006      0x00000326   Section        0  libshutdown2.o(.ARM.Collect$$libshutdown$$00000006)
    .ARM.Collect$$libshutdown$$00000009      0x00000326   Section        0  libshutdown2.o(.ARM.Collect$$libshutdown$$00000009)
    .ARM.Collect$$libshutdown$$0000000B      0x00000326   Section        0  libshutdown2.o(.ARM.Collect$$libshutdown$$0000000B)
    .ARM.Collect$$libshutdown$$0000000E      0x00000326   Section        0  libshutdown2.o(.ARM.Collect$$libshutdown$$0000000E)
    .ARM.Collect$$libshutdown$$0000000F      0x00000326   Section        2  libshutdown2.o(.ARM.Collect$$libshutdown$$0000000F)
    .ARM.Collect$$rtentry$$00000000          0x00000328   Section        0  rtentry.o(.ARM.Collect$$rtentry$$00000000)
    .ARM.Collect$$rtentry$$00000002          0x00000328   Section        0  rtentry2.o(.ARM.Collect$$rtentry$$00000002)
    .ARM.Collect$$rtentry$$00000004          0x00000328   Section        6  rtentry4.o(.ARM.Collect$$rtentry$$00000004)
    .ARM.Collect$$rtentry$$00000009          0x0000032e   Section        0  rtentry2.o(.ARM.Collect$$rtentry$$00000009)
    .ARM.Collect$$rtentry$$0000000A          0x0000032e   Section        4  rtentry2.o(.ARM.Collect$$rtentry$$0000000A)
    .ARM.Collect$$rtentry$$0000000C          0x00000332   Section        0  rtentry2.o(.ARM.Collect$$rtentry$$0000000C)
    .ARM.Collect$$rtentry$$0000000D          0x00000332   Section        8  rtentry2.o(.ARM.Collect$$rtentry$$0000000D)
    .ARM.Collect$$rtexit$$00000000           0x0000033a   Section        2  rtexit.o(.ARM.Collect$$rtexit$$00000000)
    .ARM.Collect$$rtexit$$00000002           0x0000033c   Section        0  rtexit2.o(.ARM.Collect$$rtexit$$00000002)
    .ARM.Collect$$rtexit$$00000003           0x0000033c   Section        4  rtexit2.o(.ARM.Collect$$rtexit$$00000003)
    .ARM.Collect$$rtexit$$00000004           0x00000340   Section        6  rtexit2.o(.ARM.Collect$$rtexit$$00000004)
    .emb_text                                0x00000348   Section        6  sysctl.o(.emb_text)
    $v0                                      0x00000348   Number         0  sysctl.o(.emb_text)
    .emb_text                                0x00000350   Section       38  cpu.o(.emb_text)
    $v0                                      0x00000350   Number         0  cpu.o(.emb_text)
    .emb_text                                0x00000378   Section       52  rand.o(.emb_text)
    .text                                    0x000003ac   Section       24  startup_rvmdk.o(.text)
    $v0                                      0x000003ac   Number         0  startup_rvmdk.o(.text)
    .text                                    0x000003c4   Section        2  use_no_semi.o(.text)
    .text                                    0x000003c8   Section        0  noretval__2printf.o(.text)
    .text                                    0x000003e0   Section        0  __printf.o(.text)
    .text                                    0x00000448   Section        0  _printf_str.o(.text)
    .text                                    0x0000049c   Section        0  _printf_dec.o(.text)
    .text                                    0x00000510   Section        0  getc.o(.text)
    .text                                    0x00000514   Section        0  puts.o(.text)
    .text                                    0x00000540   Section        0  rand.o(.text)
    .text                                    0x0000057c   Section        0  heapauxi.o(.text)
    .text                                    0x00000582   Section        0  _printf_intcommon.o(.text)
    .text                                    0x00000634   Section        0  _printf_char.o(.text)
    .text                                    0x00000660   Section        0  _printf_char_file.o(.text)
    .text                                    0x00000684   Section        0  _printf_char_common.o(.text)
    _printf_input_char                       0x00000685   Thumb Code    10  _printf_char_common.o(.text)
    .text                                    0x000006b4   Section       74  sys_stackheap_outer.o(.text)
    .text                                    0x000006fe   Section        0  exit.o(.text)
    .text                                    0x0000070c   Section        8  libspace.o(.text)
    i.ADC_MultiInit                          0x00000714   Section        0  admulti.o(i.ADC_MultiInit)
    i.ADC_MultiRead                          0x000007dc   Section        0  admulti.o(i.ADC_MultiRead)
    i.BuildCtrlPacket                        0x00000814   Section        0  farmertxsm.o(i.BuildCtrlPacket)
    BuildCtrlPacket                          0x00000815   Thumb Code   154  farmertxsm.o(i.BuildCtrlPacket)
    i.BuildEncrKeyPacket                     0x000008b8   Section        0  farmertxsm.o(i.BuildEncrKeyPacket)
    BuildEncrKeyPacket                       0x000008b9   Thumb Code    82  farmertxsm.o(i.BuildEncrKeyPacket)
    i.BuildPacket                            0x00000914   Section        0  farmertxsm.o(i.BuildPacket)
    BuildPacket                              0x00000915   Thumb Code    70  farmertxsm.o(i.BuildPacket)
    i.BuildReq2PairPacket                    0x00000964   Section        0  farmertxsm.o(i.BuildReq2PairPacket)
    BuildReq2PairPacket                      0x00000965   Thumb Code    30  farmertxsm.o(i.BuildReq2PairPacket)
    i.CPUgetPRIMASK_cpsid                    0x0000098c   Section        0  es_port.o(i.CPUgetPRIMASK_cpsid)
    i.CPUsetPRIMASK                          0x00000994   Section        0  es_port.o(i.CPUsetPRIMASK)
    i.Check4BadCheckSum                      0x0000099c   Section        0  eventcheckers.o(i.Check4BadCheckSum)
    i.Check4Keystroke                        0x000009dc   Section        0  eventcheckers.o(i.Check4Keystroke)
    i.CheckButton                            0x00000ba8   Section        0  eventcheckers.o(i.CheckButton)
    i.CheckSound                             0x00000c78   Section        0  eventcheckers.o(i.CheckSound)
    i.DisableLeftBrake                       0x00000ccc   Section        0  farmertxsm.o(i.DisableLeftBrake)
    i.DisableReverse                         0x00000cd8   Section        0  farmertxsm.o(i.DisableReverse)
    i.DisableRightBrake                      0x00000ce4   Section        0  farmertxsm.o(i.DisableRightBrake)
    i.ES_CheckUserEvents                     0x00000cf0   Section        0  es_checkevents.o(i.ES_CheckUserEvents)
    i.ES_DeQueue                             0x00000d18   Section        0  es_queue.o(i.ES_DeQueue)
    i.ES_EnQueueFIFO                         0x00000d6c   Section        0  es_queue.o(i.ES_EnQueueFIFO)
    i.ES_GetMSBitSet                         0x00000db4   Section        0  es_lookuptables.o(i.ES_GetMSBitSet)
    i.ES_InitQueue                           0x00000de8   Section        0  es_queue.o(i.ES_InitQueue)
    i.ES_Initialize                          0x00000df8   Section        0  es_framework.o(i.ES_Initialize)
    i.ES_PostToService                       0x00000e44   Section        0  es_framework.o(i.ES_PostToService)
    i.ES_Run                                 0x00000e7c   Section        0  es_framework.o(i.ES_Run)
    i.ES_Timer_GetTime                       0x00000edc   Section        0  es_timers.o(i.ES_Timer_GetTime)
    i.ES_Timer_Init                          0x00000ee0   Section        0  es_timers.o(i.ES_Timer_Init)
    i.ES_Timer_InitTimer                     0x00000ee4   Section        0  es_timers.o(i.ES_Timer_InitTimer)
    i.ES_Timer_Tick_Resp                     0x00000f20   Section        0  es_timers.o(i.ES_Timer_Tick_Resp)
    i.EnableLeftBrake                        0x00000f8c   Section        0  farmertxsm.o(i.EnableLeftBrake)
    i.EnableReverse                          0x00000f98   Section        0  farmertxsm.o(i.EnableReverse)
    i.EnableRightBrake                       0x00000fa4   Section        0  farmertxsm.o(i.EnableRightBrake)
    i.FarmerRX_ISR                           0x00000fb0   Section        0  farmerrxsm.o(i.FarmerRX_ISR)
    i.FarmerTX_ISR                           0x00001140   Section        0  farmertxsm.o(i.FarmerTX_ISR)
    i.GPIODirModeSet                         0x00001180   Section        0  gpio.o(i.GPIODirModeSet)
    i.GPIOPadConfigSet                       0x000011a8   Section        0  gpio.o(i.GPIOPadConfigSet)
    i.GPIOPinConfigure                       0x000012e4   Section        0  gpio.o(i.GPIOPinConfigure)
    i.GPIOPinTypeGPIOInput                   0x0000132c   Section        0  gpio.o(i.GPIOPinTypeGPIOInput)
    i.GPIOPinTypeUART                        0x00001348   Section        0  gpio.o(i.GPIOPinTypeUART)
    i.Hardware_Init                          0x00001364   Section        0  hardware.o(i.Hardware_Init)
    i.I2C_ISR                                0x000013b8   Section        0  i2c_service.o(i.I2C_ISR)
    i.I2C_Init                               0x000015b8   Section        0  hardware.o(i.I2C_Init)
    I2C_Init                                 0x000015b9   Thumb Code   154  hardware.o(i.I2C_Init)
    i.IO_Init                                0x00001664   Section        0  hardware.o(i.IO_Init)
    IO_Init                                  0x00001665   Thumb Code   104  hardware.o(i.IO_Init)
    i.InitFarmerMasterSM                     0x000016e4   Section        0  farmermastersm.o(i.InitFarmerMasterSM)
    i.InitFarmerRXSM                         0x00001708   Section        0  farmerrxsm.o(i.InitFarmerRXSM)
    i.InitFarmerTXSM                         0x0000172c   Section        0  farmertxsm.o(i.InitFarmerTXSM)
    i.InitLEDBlinkSM                         0x00001758   Section        0  ledblinksm.o(i.InitLEDBlinkSM)
    i.InitL_ButtonDebounce                   0x00001778   Section        0  l_buttondebounce.o(i.InitL_ButtonDebounce)
    i.InitP_ButtonDebounce                   0x000017a0   Section        0  peripheral_buttondebounce.o(i.InitP_ButtonDebounce)
    i.InitREV_ButtonDebounce                 0x000017c8   Section        0  reverse_buttondebounce.o(i.InitREV_ButtonDebounce)
    i.InitR_ButtonDebounce                   0x000017f0   Section        0  r_buttondebounce.o(i.InitR_ButtonDebounce)
    i.Init_I2C                               0x00001818   Section        0  i2c_service.o(i.Init_I2C)
    i.IntMasterEnable                        0x00001830   Section        0  interrupt.o(i.IntMasterEnable)
    i.PWM_Init                               0x00001840   Section        0  hardware.o(i.PWM_Init)
    PWM_Init                                 0x00001841   Thumb Code   148  hardware.o(i.PWM_Init)
    i.PortFunctionInit                       0x000018ec   Section        0  enablepa25_pb23_pd7_pf0.o(i.PortFunctionInit)
    i.PostFarmerMasterSM                     0x0000198c   Section        0  farmermastersm.o(i.PostFarmerMasterSM)
    i.PostFarmerRXSM                         0x0000199c   Section        0  farmerrxsm.o(i.PostFarmerRXSM)
    i.PostFarmerTXSM                         0x000019ac   Section        0  farmertxsm.o(i.PostFarmerTXSM)
    i.PostLEDBlinkSM                         0x000019bc   Section        0  ledblinksm.o(i.PostLEDBlinkSM)
    i.PostL_ButtonDebounce                   0x000019cc   Section        0  l_buttondebounce.o(i.PostL_ButtonDebounce)
    i.PostP_ButtonDebounce                   0x000019dc   Section        0  peripheral_buttondebounce.o(i.PostP_ButtonDebounce)
    i.PostREV_ButtonDebounce                 0x000019ec   Section        0  reverse_buttondebounce.o(i.PostREV_ButtonDebounce)
    i.PostR_ButtonDebounce                   0x000019fc   Section        0  r_buttondebounce.o(i.PostR_ButtonDebounce)
    i.Post_I2C                               0x00001a0c   Section        0  i2c_service.o(i.Post_I2C)
    i.ProcessStatus                          0x00001a1c   Section        0  farmermastersm.o(i.ProcessStatus)
    ProcessStatus                            0x00001a1d   Thumb Code    80  farmermastersm.o(i.ProcessStatus)
    i.RXTX_ISR                               0x00001a6c   Section        0  farmerrxsm.o(i.RXTX_ISR)
    i.RunFarmerMasterSM                      0x00001aa4   Section        0  farmermastersm.o(i.RunFarmerMasterSM)
    i.RunFarmerRXSM                          0x00001d18   Section        0  farmerrxsm.o(i.RunFarmerRXSM)
    i.RunFarmerTXSM                          0x00001d84   Section        0  farmertxsm.o(i.RunFarmerTXSM)
    i.RunLEDBlinkSM                          0x00001e00   Section        0  ledblinksm.o(i.RunLEDBlinkSM)
    i.RunL_ButtonDebounce                    0x00001ff4   Section        0  l_buttondebounce.o(i.RunL_ButtonDebounce)
    i.RunP_ButtonDebounce                    0x00002084   Section        0  peripheral_buttondebounce.o(i.RunP_ButtonDebounce)
    i.RunREV_ButtonDebounce                  0x00002114   Section        0  reverse_buttondebounce.o(i.RunREV_ButtonDebounce)
    i.RunR_ButtonDebounce                    0x000021a8   Section        0  r_buttondebounce.o(i.RunR_ButtonDebounce)
    i.Run_I2C                                0x00002238   Section        0  i2c_service.o(i.Run_I2C)
    i.SetBadCheckSum                         0x000022cc   Section        0  eventcheckers.o(i.SetBadCheckSum)
    i.SetDutyLeftVibrationMotor              0x000022d8   Section        0  hardware.o(i.SetDutyLeftVibrationMotor)
    i.SetDutyRightVibrationMotor             0x00002338   Section        0  hardware.o(i.SetDutyRightVibrationMotor)
    i.ShortTimerAHandler                     0x00002394   Section        0  es_shorttimer.o(i.ShortTimerAHandler)
    i.ShortTimerBHandler                     0x000023c8   Section        0  es_shorttimer.o(i.ShortTimerBHandler)
    i.SysCtlClockSet                         0x00002400   Section        0  sysctl.o(i.SysCtlClockSet)
    i.SysCtlPeripheralEnable                 0x00002520   Section        0  sysctl.o(i.SysCtlPeripheralEnable)
    i.SysTickEnable                          0x00002548   Section        0  systick.o(i.SysTickEnable)
    i.SysTickIntEnable                       0x00002556   Section        0  systick.o(i.SysTickIntEnable)
    i.SysTickIntHandler                      0x00002564   Section        0  es_port.o(i.SysTickIntHandler)
    i.SysTickPeriodSet                       0x00002578   Section        0  systick.o(i.SysTickPeriodSet)
    i.TERMIO_GetChar                         0x00002582   Section        0  termio.o(i.TERMIO_GetChar)
    i.TERMIO_Init                            0x00002588   Section        0  termio.o(i.TERMIO_Init)
    i.TERMIO_PutChar                         0x000025d8   Section        0  termio.o(i.TERMIO_PutChar)
    i.TimerIntClear                          0x000025e4   Section        0  timer.o(i.TimerIntClear)
    i.TogglePeripheral                       0x000025e8   Section        0  farmertxsm.o(i.TogglePeripheral)
    i.UARTCharPut                            0x000025f8   Section        0  uart.o(i.UARTCharPut)
    i.UARTClockSourceSet                     0x00002604   Section        0  uart.o(i.UARTClockSourceSet)
    i.UARTStdioConfig                        0x0000260c   Section        0  uartstdio.o(i.UARTStdioConfig)
    i.UART_Init                              0x00002668   Section        0  hardware.o(i.UART_Init)
    UART_Init                                0x00002669   Thumb Code   176  hardware.o(i.UART_Init)
    i.UARTgetc                               0x00002754   Section        0  uartstdio.o(i.UARTgetc)
    i._HW_GetTickCount                       0x0000276c   Section        0  es_port.o(i._HW_GetTickCount)
    i._HW_Process_Pending_Ints               0x00002778   Section        0  es_port.o(i._HW_Process_Pending_Ints)
    i._HW_Timer_Init                         0x00002798   Section        0  es_port.o(i._HW_Timer_Init)
    i._sys_exit                              0x000027ae   Section        0  retarget.o(i._sys_exit)
    i.calculateChecksum                      0x000027b0   Section        0  farmertxsm.o(i.calculateChecksum)
    calculateChecksum                        0x000027b1   Thumb Code    42  farmertxsm.o(i.calculateChecksum)
    i.clearControls                          0x000027e4   Section        0  farmertxsm.o(i.clearControls)
    i.ferror                                 0x000027f8   Section        0  retarget.o(i.ferror)
    i.fgetc                                  0x000027fe   Section        0  retarget.o(i.fgetc)
    i.fputc                                  0x00002802   Section        0  retarget.o(i.fputc)
    i.getDestAddrLSB                         0x00002810   Section        0  farmertxsm.o(i.getDestAddrLSB)
    i.getDestAddrMSB                         0x0000281c   Section        0  farmertxsm.o(i.getDestAddrMSB)
    i.getDogAddrLSB                          0x00002828   Section        0  farmerrxsm.o(i.getDogAddrLSB)
    i.getDogAddrMSB                          0x00002834   Section        0  farmerrxsm.o(i.getDogAddrMSB)
    i.getDogSelect                           0x00002840   Section        0  farmermastersm.o(i.getDogSelect)
    i.getGyroZ_MSB                           0x0000284c   Section        0  farmerrxsm.o(i.getGyroZ_MSB)
    i.getHeader                              0x00002858   Section        0  farmerrxsm.o(i.getHeader)
    i.getPeriod                              0x00002864   Section        0  i2c_service.o(i.getPeriod)
    i.kbhit                                  0x00002870   Section        0  termio.o(i.kbhit)
    i.main                                   0x00002884   Section        0  main.o(i.main)
    i.resetEncryptionIndex                   0x00002a5c   Section        0  farmertxsm.o(i.resetEncryptionIndex)
    i.setDestDogAddress                      0x00002a68   Section        0  farmertxsm.o(i.setDestDogAddress)
    i.setDigitalCtrl                         0x00002a74   Section        0  farmertxsm.o(i.setDigitalCtrl)
    setDigitalCtrl                           0x00002a75   Thumb Code    52  farmertxsm.o(i.setDigitalCtrl)
    i.setDogTag                              0x00002aac   Section        0  farmertxsm.o(i.setDogTag)
    i.setDriveCtrl                           0x00002ab8   Section        0  farmertxsm.o(i.setDriveCtrl)
    setDriveCtrl                             0x00002ab9   Thumb Code    80  farmertxsm.o(i.setDriveCtrl)
    i.setFarmerDataHeader                    0x00002b2c   Section        0  farmertxsm.o(i.setFarmerDataHeader)
    i.setPair                                0x00002b4c   Section        0  farmerrxsm.o(i.setPair)
    i.setUnpair                              0x00002b58   Section        0  farmerrxsm.o(i.setUnpair)
    x$fpl$fpinit                             0x00002b64   Section       10  fpinit.o(x$fpl$fpinit)
    $v0                                      0x00002b64   Number         0  fpinit.o(x$fpl$fpinit)
    .constdata                               0x00002b70   Section       48  admulti.o(.constdata)
    HowMany2Mask                             0x00002b70   Data          16  admulti.o(.constdata)
    HowMany2Mux                              0x00002b80   Data          16  admulti.o(.constdata)
    HowMany2CTL                              0x00002b90   Data          16  admulti.o(.constdata)
    .constdata                               0x00002ba0   Section       16  es_checkevents.o(.constdata)
    ES_EventList                             0x00002ba0   Data          16  es_checkevents.o(.constdata)
    .constdata                               0x00002bb0   Section      144  es_framework.o(.constdata)
    ServDescList                             0x00002bb0   Data          72  es_framework.o(.constdata)
    EventQueues                              0x00002bf8   Data          72  es_framework.o(.constdata)
    .constdata                               0x00002c40   Section       32  es_lookuptables.o(.constdata)
    .constdata                               0x00002c60   Section       15  es_lookuptables.o(.constdata)
    .constdata                               0x00002c70   Section       64  es_timers.o(.constdata)
    Timer2PostFunc                           0x00002c70   Data          64  es_timers.o(.constdata)
    .constdata                               0x00002cb0   Section       28  uartstdio.o(.constdata)
    g_pcHex                                  0x00002cb0   Data           4  uartstdio.o(.constdata)
    g_ui32UARTBase                           0x00002cb4   Data          12  uartstdio.o(.constdata)
    g_ui32UARTPeriph                         0x00002cc0   Data          12  uartstdio.o(.constdata)
    .constdata                               0x00002ccc   Section      528  gpio.o(.constdata)
    g_ppui32GPIOIntMapBlizzard               0x00002ccc   Data         192  gpio.o(.constdata)
    g_ppui32GPIOIntMapSnowflake              0x00002d8c   Data         192  gpio.o(.constdata)
    g_pui32GPIOBaseAddrs                     0x00002e4c   Data         144  gpio.o(.constdata)
    .conststring                             0x00002edc   Section       17  uartstdio.o(.conststring)
    .data                                    0x20000000   Section        8  eventcheckers.o(.data)
    BadCheckSum                              0x20000000   Data           1  eventcheckers.o(.data)
    R_Button_Last                            0x20000001   Data           1  eventcheckers.o(.data)
    L_Button_Last                            0x20000002   Data           1  eventcheckers.o(.data)
    REV_Button_Last                          0x20000003   Data           1  eventcheckers.o(.data)
    P_Button_Last                            0x20000004   Data           1  eventcheckers.o(.data)
    LastVolume                               0x20000006   Data           2  eventcheckers.o(.data)
    .data                                    0x20000008   Section        2  es_shorttimer.o(.data)
    Timer_A_Priority                         0x20000008   Data           1  es_shorttimer.o(.data)
    Timer_B_Priority                         0x20000009   Data           1  es_shorttimer.o(.data)
    .data                                    0x2000000c   Section       12  hardware.o(.data)
    restoreRVM                               0x2000000c   Data           1  hardware.o(.data)
    restoreLVM                               0x2000000d   Data           1  hardware.o(.data)
    newCmp                                   0x20000010   Data           4  hardware.o(.data)
    newCmp                                   0x20000014   Data           4  hardware.o(.data)
    .data                                    0x20000018   Section        1  admulti.o(.data)
    NumChannelsConverting                    0x20000018   Data           1  admulti.o(.data)
    .data                                    0x20000019   Section        2  r_buttondebounce.o(.data)
    MyPriority                               0x20000019   Data           1  r_buttondebounce.o(.data)
    CurrentState                             0x2000001a   Data           1  r_buttondebounce.o(.data)
    .data                                    0x2000001b   Section        2  l_buttondebounce.o(.data)
    MyPriority                               0x2000001b   Data           1  l_buttondebounce.o(.data)
    CurrentState                             0x2000001c   Data           1  l_buttondebounce.o(.data)
    .data                                    0x2000001d   Section        2  peripheral_buttondebounce.o(.data)
    MyPriority                               0x2000001d   Data           1  peripheral_buttondebounce.o(.data)
    CurrentState                             0x2000001e   Data           1  peripheral_buttondebounce.o(.data)
    .data                                    0x2000001f   Section        2  reverse_buttondebounce.o(.data)
    MyPriority                               0x2000001f   Data           1  reverse_buttondebounce.o(.data)
    CurrentState                             0x20000020   Data           1  reverse_buttondebounce.o(.data)
    .data                                    0x20000022   Section       12  farmerrxsm.o(.data)
    CurrentState                             0x20000022   Data           1  farmerrxsm.o(.data)
    ISRState                                 0x20000023   Data           1  farmerrxsm.o(.data)
    MyPriority                               0x20000024   Data           1  farmerrxsm.o(.data)
    memCnt                                   0x20000025   Data           1  farmerrxsm.o(.data)
    paired                                   0x20000026   Data           1  farmerrxsm.o(.data)
    CheckSum                                 0x20000027   Data           1  farmerrxsm.o(.data)
    BytesLeft                                0x20000028   Data           2  farmerrxsm.o(.data)
    DataLength                               0x2000002a   Data           2  farmerrxsm.o(.data)
    TotalBytes                               0x2000002c   Data           2  farmerrxsm.o(.data)
    .data                                    0x2000002e   Section       20  farmertxsm.o(.data)
    CurrentState                             0x2000002e   Data           1  farmertxsm.o(.data)
    MyPriority                               0x2000002f   Data           1  farmertxsm.o(.data)
    MessIndex                                0x20000030   Data           1  farmertxsm.o(.data)
    BytesRemaining                           0x20000031   Data           1  farmertxsm.o(.data)
    DogTag                                   0x20000032   Data           1  farmertxsm.o(.data)
    DriveCtrl                                0x20000033   Data           1  farmertxsm.o(.data)
    SteeringCtrl                             0x20000034   Data           1  farmertxsm.o(.data)
    DigitalCtrl                              0x20000035   Data           1  farmertxsm.o(.data)
    DataHeader                               0x20000036   Data           1  farmertxsm.o(.data)
    DestAddrMSB                              0x20000037   Data           1  farmertxsm.o(.data)
    DestAddrLSB                              0x20000038   Data           1  farmertxsm.o(.data)
    DataLength                               0x20000039   Data           1  farmertxsm.o(.data)
    DataIndex                                0x2000003a   Data           1  farmertxsm.o(.data)
    Checksum                                 0x2000003b   Data           1  farmertxsm.o(.data)
    TransEnable                              0x2000003c   Data           1  farmertxsm.o(.data)
    ReverseActive                            0x2000003d   Data           1  farmertxsm.o(.data)
    LeftBrakeActive                          0x2000003e   Data           1  farmertxsm.o(.data)
    RightBrakeActive                         0x2000003f   Data           1  farmertxsm.o(.data)
    PeripheralToggled                        0x20000040   Data           1  farmertxsm.o(.data)
    EncryptionKeyIndex                       0x20000041   Data           1  farmertxsm.o(.data)
    .data                                    0x20000042   Section       60  i2c_service.o(.data)
    CurrentState                             0x20000042   Data           1  i2c_service.o(.data)
    stopped                                  0x20000043   Data           1  i2c_service.o(.data)
    read                                     0x20000044   Data           1  i2c_service.o(.data)
    Send_Registers                           0x20000045   Data           1  i2c_service.o(.data)
    Send_Data                                0x20000046   Data           1  i2c_service.o(.data)
    Read_Index                               0x20000047   Data           1  i2c_service.o(.data)
    Send_Index                               0x20000048   Data           1  i2c_service.o(.data)
    Sends_Left                               0x20000049   Data           1  i2c_service.o(.data)
    Reads_Left                               0x2000004a   Data           1  i2c_service.o(.data)
    MyPriority                               0x2000004b   Data           1  i2c_service.o(.data)
    Accel_X                                  0x2000004c   Data           2  i2c_service.o(.data)
    Accel_Y                                  0x2000004e   Data           2  i2c_service.o(.data)
    Accel_Z                                  0x20000050   Data           2  i2c_service.o(.data)
    Gyro_X                                   0x20000052   Data           2  i2c_service.o(.data)
    Gyro_Y                                   0x20000054   Data           2  i2c_service.o(.data)
    Gyro_Z                                   0x20000056   Data           2  i2c_service.o(.data)
    Accel_X_OFF                              0x20000058   Data           2  i2c_service.o(.data)
    Accel_Y_OFF                              0x2000005a   Data           2  i2c_service.o(.data)
    Accel_Z_OFF                              0x2000005c   Data           2  i2c_service.o(.data)
    Gyro_X_OFF                               0x2000005e   Data           2  i2c_service.o(.data)
    Gyro_Y_OFF                               0x20000060   Data           2  i2c_service.o(.data)
    Gyro_Z_OFF                               0x20000062   Data           2  i2c_service.o(.data)
    Rate_of_Change                           0x20000064   Data           2  i2c_service.o(.data)
    Last_Rate_of_Change                      0x20000066   Data           2  i2c_service.o(.data)
    Last_Time                                0x20000068   Data           2  i2c_service.o(.data)
    Av_Period                                0x2000006a   Data           2  i2c_service.o(.data)
    Last_Accel                               0x2000006c   Data           6  i2c_service.o(.data)
    Receive_Registers                        0x20000072   Data          12  i2c_service.o(.data)
    .data                                    0x2000007e   Section        3  farmermastersm.o(.data)
    CurrentState                             0x2000007e   Data           1  farmermastersm.o(.data)
    MyPriority                               0x2000007f   Data           1  farmermastersm.o(.data)
    DogSelect                                0x20000080   Data           1  farmermastersm.o(.data)
    .data                                    0x20000081   Section        3  ledblinksm.o(.data)
    CurrentState                             0x20000081   Data           1  ledblinksm.o(.data)
    LED_num                                  0x20000082   Data           1  ledblinksm.o(.data)
    MyPriority                               0x20000083   Data           1  ledblinksm.o(.data)
    .data                                    0x20000084   Section        6  es_framework.o(.data)
    ThisEvent                                0x20000086   Data           4  es_framework.o(.data)
    .data                                    0x2000008a   Section        4  es_port.o(.data)
    TickCount                                0x2000008a   Data           1  es_port.o(.data)
    SysTickCounter                           0x2000008c   Data           2  es_port.o(.data)
    .data                                    0x20000090   Section        4  es_queue.o(.data)
    .data                                    0x20000094   Section       10  es_timers.o(.data)
    NextTimer2Process                        0x20000094   Data           1  es_timers.o(.data)
    NeedsProcessing                          0x20000096   Data           2  es_timers.o(.data)
    TMR_ActiveFlags                          0x20000098   Data           2  es_timers.o(.data)
    NewEvent                                 0x2000009a   Data           4  es_timers.o(.data)
    .data                                    0x200000a0   Section        4  retarget.o(.data)
    .data                                    0x200000a4   Section        4  retarget.o(.data)
    .data                                    0x200000a8   Section        8  uartstdio.o(.data)
    bLastWasCR                               0x200000a8   Data           1  uartstdio.o(.data)
    g_ui32Base                               0x200000ac   Data           4  uartstdio.o(.data)
    .bss                                     0x200000b0   Section       86  farmerrxsm.o(.bss)
    Data                                     0x200000b0   Data          43  farmerrxsm.o(.bss)
    DataBuffer                               0x200000db   Data          43  farmerrxsm.o(.bss)
    .bss                                     0x20000106   Section       75  farmertxsm.o(.bss)
    Message                                  0x20000106   Data          43  farmertxsm.o(.bss)
    EncryptionKey                            0x20000131   Data          32  farmertxsm.o(.bss)
    .bss                                     0x20000152   Section       24  i2c_service.o(.bss)
    Receive_Data                             0x20000152   Data          24  i2c_service.o(.bss)
    .bss                                     0x2000016a   Section       16  es_framework.o(.bss)
    Queue0                                   0x2000016a   Data          16  es_framework.o(.bss)
    .bss                                     0x2000017a   Section       16  es_framework.o(.bss)
    Queue1                                   0x2000017a   Data          16  es_framework.o(.bss)
    .bss                                     0x2000018a   Section       16  es_framework.o(.bss)
    Queue2                                   0x2000018a   Data          16  es_framework.o(.bss)
    .bss                                     0x2000019a   Section       16  es_framework.o(.bss)
    Queue3                                   0x2000019a   Data          16  es_framework.o(.bss)
    .bss                                     0x200001aa   Section       16  es_framework.o(.bss)
    Queue4                                   0x200001aa   Data          16  es_framework.o(.bss)
    .bss                                     0x200001ba   Section      204  es_framework.o(.bss)
    Queue5                                   0x200001ba   Data         204  es_framework.o(.bss)
    .bss                                     0x20000286   Section      204  es_framework.o(.bss)
    Queue6                                   0x20000286   Data         204  es_framework.o(.bss)
    .bss                                     0x20000352   Section       16  es_framework.o(.bss)
    Queue7                                   0x20000352   Data          16  es_framework.o(.bss)
    .bss                                     0x20000362   Section       16  es_framework.o(.bss)
    Queue8                                   0x20000362   Data          16  es_framework.o(.bss)
    .bss                                     0x20000372   Section       32  es_timers.o(.bss)
    TMR_TimerArray                           0x20000372   Data          32  es_timers.o(.bss)
    .bss                                     0x20000394   Section      228  rand.o(.bss)
    .bss                                     0x20000478   Section       96  libspace.o(.bss)
    HEAP                                     0x200004d8   Section        0  startup_rvmdk.o(HEAP)
    STACK                                    0x200004d8   Section     2048  startup_rvmdk.o(STACK)
    HeapMem                                  0x200004d8   Data           0  startup_rvmdk.o(HEAP)
    StackMem                                 0x200004d8   Data           0  startup_rvmdk.o(STACK)

    Global Symbols

    Symbol Name                              Value     Ov Type        Size  Object(Section)

    BuildAttributes$$THM_ISAv4$E$P$D$K$B$S$7EM$VFPi3$EXTD16$VFPS$VFMA$PE$A:L22UL41UL21$X:L11$S22US41US21$IEEE1$IW$USESV6$~STKCKD$USESV7$~SHL$OTIME$ROPI$EBA8$UX$STANDARDLIB$REQ8$PRES8$EABIv2 0x00000000   Number         0  anon$$obj.o ABSOLUTE
    __ARM_use_no_argv                        0x00000000   Number         0  main.o ABSOLUTE
    __Vectors                                0x00000000   Data           0  startup_rvmdk.o(RESET)
    __ARM_exceptions_init                     - Undefined Weak Reference
    __alloca_initialize                       - Undefined Weak Reference
    __cpp_initialize__aeabi_                  - Undefined Weak Reference
    __cxa_finalize                            - Undefined Weak Reference
    __rt_locale                               - Undefined Weak Reference
    __sigvec_lookup                           - Undefined Weak Reference
    _atexit_init                              - Undefined Weak Reference
    _call_atexit_fns                          - Undefined Weak Reference
    _clock_init                               - Undefined Weak Reference
    _fp_trap_init                             - Undefined Weak Reference
    _fp_trap_shutdown                         - Undefined Weak Reference
    _get_lc_collate                           - Undefined Weak Reference
    _get_lc_ctype                             - Undefined Weak Reference
    _get_lc_monetary                          - Undefined Weak Reference
    _get_lc_numeric                           - Undefined Weak Reference
    _get_lc_time                              - Undefined Weak Reference
    _getenv_init                              - Undefined Weak Reference
    _handle_redirection                       - Undefined Weak Reference
    _init_alloc                               - Undefined Weak Reference
    _init_user_alloc                          - Undefined Weak Reference
    _initio                                   - Undefined Weak Reference
    _printf_mbtowc                            - Undefined Weak Reference
    _printf_post_padding                      - Undefined Weak Reference
    _printf_pre_padding                       - Undefined Weak Reference
    _printf_truncate_signed                   - Undefined Weak Reference
    _printf_truncate_unsigned                 - Undefined Weak Reference
    _signal_finish                            - Undefined Weak Reference
    _signal_init                              - Undefined Weak Reference
    _terminate_alloc                          - Undefined Weak Reference
    _terminate_user_alloc                     - Undefined Weak Reference
    _terminateio                              - Undefined Weak Reference
    Reset_Handler                            0x0000026d   Thumb Code     0  startup_rvmdk.o(RESET)
    __main                                   0x00000289   Thumb Code     8  __main.o(!!!main)
    __scatterload                            0x00000291   Thumb Code     0  __scatter.o(!!!scatter)
    __scatterload_rt2                        0x00000291   Thumb Code    44  __scatter.o(!!!scatter)
    __scatterload_rt2_thumb_only             0x00000291   Thumb Code     0  __scatter.o(!!!scatter)
    __scatterload_null                       0x0000029f   Thumb Code     0  __scatter.o(!!!scatter)
    __scatterload_copy                       0x000002c5   Thumb Code    26  __scatter_copy.o(!!handler_copy)
    __scatterload_zeroinit                   0x000002e1   Thumb Code    28  __scatter_zi.o(!!handler_zi)
    _printf_i                                0x000002fd   Thumb Code     0  _printf_i.o(.ARM.Collect$$_printf_percent$$00000008)
    _printf_percent                          0x000002fd   Thumb Code     0  _printf_percent.o(.ARM.Collect$$_printf_percent$$00000000)
    _printf_d                                0x00000303   Thumb Code     0  _printf_d.o(.ARM.Collect$$_printf_percent$$00000009)
    _printf_c                                0x00000309   Thumb Code     0  _printf_c.o(.ARM.Collect$$_printf_percent$$00000013)
    _printf_s                                0x0000030f   Thumb Code     0  _printf_s.o(.ARM.Collect$$_printf_percent$$00000014)
    _printf_percent_end                      0x00000315   Thumb Code     0  _printf_percent_end.o(.ARM.Collect$$_printf_percent$$00000017)
    __rt_lib_init                            0x00000319   Thumb Code     0  libinit.o(.ARM.Collect$$libinit$$00000000)
    __rt_lib_init_fp_1                       0x0000031b   Thumb Code     0  libinit2.o(.ARM.Collect$$libinit$$00000001)
    __rt_lib_init_heap_1                     0x0000031f   Thumb Code     0  libinit2.o(.ARM.Collect$$libinit$$00000008)
    __rt_lib_init_rand_2                     0x0000031f   Thumb Code     0  libinit2.o(.ARM.Collect$$libinit$$0000000B)
    __rt_lib_init_user_alloc_1               0x0000031f   Thumb Code     0  libinit2.o(.ARM.Collect$$libinit$$0000000A)
    __rt_lib_init_alloca_1                   0x00000323   Thumb Code     0  libinit2.o(.ARM.Collect$$libinit$$0000002C)
    __rt_lib_init_argv_1                     0x00000323   Thumb Code     0  libinit2.o(.ARM.Collect$$libinit$$0000002A)
    __rt_lib_init_atexit_1                   0x00000323   Thumb Code     0  libinit2.o(.ARM.Collect$$libinit$$00000019)
    __rt_lib_init_clock_1                    0x00000323   Thumb Code     0  libinit2.o(.ARM.Collect$$libinit$$0000001F)
    __rt_lib_init_cpp_1                      0x00000323   Thumb Code     0  libinit2.o(.ARM.Collect$$libinit$$00000030)
    __rt_lib_init_exceptions_1               0x00000323   Thumb Code     0  libinit2.o(.ARM.Collect$$libinit$$0000002E)
    __rt_lib_init_fp_trap_1                  0x00000323   Thumb Code     0  libinit2.o(.ARM.Collect$$libinit$$0000001D)
    __rt_lib_init_getenv_1                   0x00000323   Thumb Code     0  libinit2.o(.ARM.Collect$$libinit$$00000021)
    __rt_lib_init_lc_collate_1               0x00000323   Thumb Code     0  libinit2.o(.ARM.Collect$$libinit$$0000000F)
    __rt_lib_init_lc_ctype_1                 0x00000323   Thumb Code     0  libinit2.o(.ARM.Collect$$libinit$$00000011)
    __rt_lib_init_lc_monetary_1              0x00000323   Thumb Code     0  libinit2.o(.ARM.Collect$$libinit$$00000013)
    __rt_lib_init_lc_numeric_1               0x00000323   Thumb Code     0  libinit2.o(.ARM.Collect$$libinit$$00000015)
    __rt_lib_init_lc_time_1                  0x00000323   Thumb Code     0  libinit2.o(.ARM.Collect$$libinit$$00000017)
    __rt_lib_init_rand_1                     0x00000323   Thumb Code     0  libinit2.o(.ARM.Collect$$libinit$$0000000C)
    __rt_lib_init_return                     0x00000323   Thumb Code     0  libinit2.o(.ARM.Collect$$libinit$$00000031)
    __rt_lib_init_signal_1                   0x00000323   Thumb Code     0  libinit2.o(.ARM.Collect$$libinit$$0000001B)
    __rt_lib_init_stdio_1                    0x00000323   Thumb Code     0  libinit2.o(.ARM.Collect$$libinit$$00000023)
    __rt_lib_shutdown                        0x00000325   Thumb Code     0  libshutdown.o(.ARM.Collect$$libshutdown$$00000000)
    __rt_lib_shutdown_fp_trap_1              0x00000327   Thumb Code     0  libshutdown2.o(.ARM.Collect$$libshutdown$$00000006)
    __rt_lib_shutdown_heap_1                 0x00000327   Thumb Code     0  libshutdown2.o(.ARM.Collect$$libshutdown$$0000000E)
    __rt_lib_shutdown_return                 0x00000327   Thumb Code     0  libshutdown2.o(.ARM.Collect$$libshutdown$$0000000F)
    __rt_lib_shutdown_signal_1               0x00000327   Thumb Code     0  libshutdown2.o(.ARM.Collect$$libshutdown$$00000009)
    __rt_lib_shutdown_stdio_1                0x00000327   Thumb Code     0  libshutdown2.o(.ARM.Collect$$libshutdown$$00000003)
    __rt_lib_shutdown_user_alloc_1           0x00000327   Thumb Code     0  libshutdown2.o(.ARM.Collect$$libshutdown$$0000000B)
    __rt_entry                               0x00000329   Thumb Code     0  rtentry.o(.ARM.Collect$$rtentry$$00000000)
    __rt_entry_presh_1                       0x00000329   Thumb Code     0  rtentry2.o(.ARM.Collect$$rtentry$$00000002)
    __rt_entry_sh                            0x00000329   Thumb Code     0  rtentry4.o(.ARM.Collect$$rtentry$$00000004)
    __rt_entry_li                            0x0000032f   Thumb Code     0  rtentry2.o(.ARM.Collect$$rtentry$$0000000A)
    __rt_entry_postsh_1                      0x0000032f   Thumb Code     0  rtentry2.o(.ARM.Collect$$rtentry$$00000009)
    __rt_entry_main                          0x00000333   Thumb Code     0  rtentry2.o(.ARM.Collect$$rtentry$$0000000D)
    __rt_entry_postli_1                      0x00000333   Thumb Code     0  rtentry2.o(.ARM.Collect$$rtentry$$0000000C)
    __rt_exit                                0x0000033b   Thumb Code     0  rtexit.o(.ARM.Collect$$rtexit$$00000000)
    __rt_exit_ls                             0x0000033d   Thumb Code     0  rtexit2.o(.ARM.Collect$$rtexit$$00000003)
    __rt_exit_prels_1                        0x0000033d   Thumb Code     0  rtexit2.o(.ARM.Collect$$rtexit$$00000002)
    __rt_exit_exit                           0x00000341   Thumb Code     0  rtexit2.o(.ARM.Collect$$rtexit$$00000004)
    SysCtlDelay                              0x00000349   Thumb Code     6  sysctl.o(.emb_text)
    CPUcpsid                                 0x00000351   Thumb Code     8  cpu.o(.emb_text)
    CPUprimask                               0x00000359   Thumb Code     6  cpu.o(.emb_text)
    CPUcpsie                                 0x0000035f   Thumb Code     8  cpu.o(.emb_text)
    CPUwfi                                   0x00000367   Thumb Code     4  cpu.o(.emb_text)
    CPUbasepriSet                            0x0000036b   Thumb Code     6  cpu.o(.emb_text)
    CPUbasepriGet                            0x00000371   Thumb Code     6  cpu.o(.emb_text)
    rand                                     0x00000379   Thumb Code    48  rand.o(.emb_text)
    __user_initial_stackheap                 0x000003ad   Thumb Code     0  startup_rvmdk.o(.text)
    __I$use$semihosting                      0x000003c5   Thumb Code     0  use_no_semi.o(.text)
    __use_no_semihosting_swi                 0x000003c5   Thumb Code     2  use_no_semi.o(.text)
    __2printf                                0x000003c9   Thumb Code    20  noretval__2printf.o(.text)
    __printf                                 0x000003e1   Thumb Code   104  __printf.o(.text)
    _printf_str                              0x00000449   Thumb Code    82  _printf_str.o(.text)
    _printf_int_dec                          0x0000049d   Thumb Code   100  _printf_dec.o(.text)
    getc                                     0x00000511   Thumb Code     4  getc.o(.text)
    puts                                     0x00000515   Thumb Code    40  puts.o(.text)
    srand                                    0x00000541   Thumb Code    42  rand.o(.text)
    _rand_init                               0x0000056b   Thumb Code     4  rand.o(.text)
    __use_two_region_memory                  0x0000057d   Thumb Code     2  heapauxi.o(.text)
    __rt_heap_escrow$2region                 0x0000057f   Thumb Code     2  heapauxi.o(.text)
    __rt_heap_expand$2region                 0x00000581   Thumb Code     2  heapauxi.o(.text)
    _printf_int_common                       0x00000583   Thumb Code   178  _printf_intcommon.o(.text)
    _printf_cs_common                        0x00000635   Thumb Code    20  _printf_char.o(.text)
    _printf_char                             0x00000649   Thumb Code    16  _printf_char.o(.text)
    _printf_string                           0x00000659   Thumb Code     8  _printf_char.o(.text)
    _printf_char_file                        0x00000661   Thumb Code    32  _printf_char_file.o(.text)
    _printf_char_common                      0x0000068f   Thumb Code    32  _printf_char_common.o(.text)
    __user_setup_stackheap                   0x000006b5   Thumb Code    74  sys_stackheap_outer.o(.text)
    exit                                     0x000006ff   Thumb Code    12  exit.o(.text)
    __user_libspace                          0x0000070d   Thumb Code     8  libspace.o(.text)
    __user_perproc_libspace                  0x0000070d   Thumb Code     0  libspace.o(.text)
    __user_perthread_libspace                0x0000070d   Thumb Code     0  libspace.o(.text)
    ADC_MultiInit                            0x00000715   Thumb Code   170  admulti.o(i.ADC_MultiInit)
    ADC_MultiRead                            0x000007dd   Thumb Code    46  admulti.o(i.ADC_MultiRead)
    CPUgetPRIMASK_cpsid                      0x0000098d   Thumb Code     8  es_port.o(i.CPUgetPRIMASK_cpsid)
    CPUsetPRIMASK                            0x00000995   Thumb Code     6  es_port.o(i.CPUsetPRIMASK)
    Check4BadCheckSum                        0x0000099d   Thumb Code    26  eventcheckers.o(i.Check4BadCheckSum)
    Check4Keystroke                          0x000009dd   Thumb Code   230  eventcheckers.o(i.Check4Keystroke)
    CheckButton                              0x00000ba9   Thumb Code   194  eventcheckers.o(i.CheckButton)
    CheckSound                               0x00000c79   Thumb Code    54  eventcheckers.o(i.CheckSound)
    DisableLeftBrake                         0x00000ccd   Thumb Code     8  farmertxsm.o(i.DisableLeftBrake)
    DisableReverse                           0x00000cd9   Thumb Code     8  farmertxsm.o(i.DisableReverse)
    DisableRightBrake                        0x00000ce5   Thumb Code     8  farmertxsm.o(i.DisableRightBrake)
    ES_CheckUserEvents                       0x00000cf1   Thumb Code    34  es_checkevents.o(i.ES_CheckUserEvents)
    ES_DeQueue                               0x00000d19   Thumb Code    80  es_queue.o(i.ES_DeQueue)
    ES_EnQueueFIFO                           0x00000d6d   Thumb Code    66  es_queue.o(i.ES_EnQueueFIFO)
    ES_GetMSBitSet                           0x00000db5   Thumb Code    48  es_lookuptables.o(i.ES_GetMSBitSet)
    ES_InitQueue                             0x00000de9   Thumb Code    16  es_queue.o(i.ES_InitQueue)
    ES_Initialize                            0x00000df9   Thumb Code    72  es_framework.o(i.ES_Initialize)
    ES_PostToService                         0x00000e45   Thumb Code    42  es_framework.o(i.ES_PostToService)
    ES_Run                                   0x00000e7d   Thumb Code    84  es_framework.o(i.ES_Run)
    ES_Timer_GetTime                         0x00000edd   Thumb Code     4  es_timers.o(i.ES_Timer_GetTime)
    ES_Timer_Init                            0x00000ee1   Thumb Code     4  es_timers.o(i.ES_Timer_Init)
    ES_Timer_InitTimer                       0x00000ee5   Thumb Code    44  es_timers.o(i.ES_Timer_InitTimer)
    ES_Timer_Tick_Resp                       0x00000f21   Thumb Code    90  es_timers.o(i.ES_Timer_Tick_Resp)
    EnableLeftBrake                          0x00000f8d   Thumb Code     8  farmertxsm.o(i.EnableLeftBrake)
    EnableReverse                            0x00000f99   Thumb Code     8  farmertxsm.o(i.EnableReverse)
    EnableRightBrake                         0x00000fa5   Thumb Code     8  farmertxsm.o(i.EnableRightBrake)
    FarmerRX_ISR                             0x00000fb1   Thumb Code   270  farmerrxsm.o(i.FarmerRX_ISR)
    FarmerTX_ISR                             0x00001141   Thumb Code    50  farmertxsm.o(i.FarmerTX_ISR)
    GPIODirModeSet                           0x00001181   Thumb Code    40  gpio.o(i.GPIODirModeSet)
    GPIOPadConfigSet                         0x000011a9   Thumb Code   314  gpio.o(i.GPIOPadConfigSet)
    GPIOPinConfigure                         0x000012e5   Thumb Code    64  gpio.o(i.GPIOPinConfigure)
    GPIOPinTypeGPIOInput                     0x0000132d   Thumb Code    28  gpio.o(i.GPIOPinTypeGPIOInput)
    GPIOPinTypeUART                          0x00001349   Thumb Code    28  gpio.o(i.GPIOPinTypeUART)
    Hardware_Init                            0x00001365   Thumb Code    66  hardware.o(i.Hardware_Init)
    I2C_ISR                                  0x000013b9   Thumb Code   500  i2c_service.o(i.I2C_ISR)
    InitFarmerMasterSM                       0x000016e5   Thumb Code    30  farmermastersm.o(i.InitFarmerMasterSM)
    InitFarmerRXSM                           0x00001709   Thumb Code    30  farmerrxsm.o(i.InitFarmerRXSM)
    InitFarmerTXSM                           0x0000172d   Thumb Code    38  farmertxsm.o(i.InitFarmerTXSM)
    InitLEDBlinkSM                           0x00001759   Thumb Code    28  ledblinksm.o(i.InitLEDBlinkSM)
    InitL_ButtonDebounce                     0x00001779   Thumb Code    36  l_buttondebounce.o(i.InitL_ButtonDebounce)
    InitP_ButtonDebounce                     0x000017a1   Thumb Code    36  peripheral_buttondebounce.o(i.InitP_ButtonDebounce)
    InitREV_ButtonDebounce                   0x000017c9   Thumb Code    36  reverse_buttondebounce.o(i.InitREV_ButtonDebounce)
    InitR_ButtonDebounce                     0x000017f1   Thumb Code    34  r_buttondebounce.o(i.InitR_ButtonDebounce)
    Init_I2C                                 0x00001819   Thumb Code    20  i2c_service.o(i.Init_I2C)
    IntMasterEnable                          0x00001831   Thumb Code    14  interrupt.o(i.IntMasterEnable)
    PortFunctionInit                         0x000018ed   Thumb Code   132  enablepa25_pb23_pd7_pf0.o(i.PortFunctionInit)
    PostFarmerMasterSM                       0x0000198d   Thumb Code    10  farmermastersm.o(i.PostFarmerMasterSM)
    PostFarmerRXSM                           0x0000199d   Thumb Code    10  farmerrxsm.o(i.PostFarmerRXSM)
    PostFarmerTXSM                           0x000019ad   Thumb Code    10  farmertxsm.o(i.PostFarmerTXSM)
    PostLEDBlinkSM                           0x000019bd   Thumb Code    10  ledblinksm.o(i.PostLEDBlinkSM)
    PostL_ButtonDebounce                     0x000019cd   Thumb Code    10  l_buttondebounce.o(i.PostL_ButtonDebounce)
    PostP_ButtonDebounce                     0x000019dd   Thumb Code    10  peripheral_buttondebounce.o(i.PostP_ButtonDebounce)
    PostREV_ButtonDebounce                   0x000019ed   Thumb Code    10  reverse_buttondebounce.o(i.PostREV_ButtonDebounce)
    PostR_ButtonDebounce                     0x000019fd   Thumb Code    10  r_buttondebounce.o(i.PostR_ButtonDebounce)
    Post_I2C                                 0x00001a0d   Thumb Code    10  i2c_service.o(i.Post_I2C)
    RXTX_ISR                                 0x00001a6d   Thumb Code    52  farmerrxsm.o(i.RXTX_ISR)
    RunFarmerMasterSM                        0x00001aa5   Thumb Code   620  farmermastersm.o(i.RunFarmerMasterSM)
    RunFarmerRXSM                            0x00001d19   Thumb Code    98  farmerrxsm.o(i.RunFarmerRXSM)
    RunFarmerTXSM                            0x00001d85   Thumb Code   110  farmertxsm.o(i.RunFarmerTXSM)
    RunLEDBlinkSM                            0x00001e01   Thumb Code   404  ledblinksm.o(i.RunLEDBlinkSM)
    RunL_ButtonDebounce                      0x00001ff5   Thumb Code   106  l_buttondebounce.o(i.RunL_ButtonDebounce)
    RunP_ButtonDebounce                      0x00002085   Thumb Code   108  peripheral_buttondebounce.o(i.RunP_ButtonDebounce)
    RunREV_ButtonDebounce                    0x00002115   Thumb Code   108  reverse_buttondebounce.o(i.RunREV_ButtonDebounce)
    RunR_ButtonDebounce                      0x000021a9   Thumb Code   106  r_buttondebounce.o(i.RunR_ButtonDebounce)
    Run_I2C                                  0x00002239   Thumb Code   124  i2c_service.o(i.Run_I2C)
    SetBadCheckSum                           0x000022cd   Thumb Code     8  eventcheckers.o(i.SetBadCheckSum)
    SetDutyLeftVibrationMotor                0x000022d9   Thumb Code    86  hardware.o(i.SetDutyLeftVibrationMotor)
    SetDutyRightVibrationMotor               0x00002339   Thumb Code    84  hardware.o(i.SetDutyRightVibrationMotor)
    ShortTimerAHandler                       0x00002395   Thumb Code    42  es_shorttimer.o(i.ShortTimerAHandler)
    ShortTimerBHandler                       0x000023c9   Thumb Code    46  es_shorttimer.o(i.ShortTimerBHandler)
    SysCtlClockSet                           0x00002401   Thumb Code   270  sysctl.o(i.SysCtlClockSet)
    SysCtlPeripheralEnable                   0x00002521   Thumb Code    36  sysctl.o(i.SysCtlPeripheralEnable)
    SysTickEnable                            0x00002549   Thumb Code    14  systick.o(i.SysTickEnable)
    SysTickIntEnable                         0x00002557   Thumb Code    14  systick.o(i.SysTickIntEnable)
    SysTickIntHandler                        0x00002565   Thumb Code    16  es_port.o(i.SysTickIntHandler)
    SysTickPeriodSet                         0x00002579   Thumb Code    10  systick.o(i.SysTickPeriodSet)
    TERMIO_GetChar                           0x00002583   Thumb Code     4  termio.o(i.TERMIO_GetChar)
    TERMIO_Init                              0x00002589   Thumb Code    62  termio.o(i.TERMIO_Init)
    TERMIO_PutChar                           0x000025d9   Thumb Code     8  termio.o(i.TERMIO_PutChar)
    TimerIntClear                            0x000025e5   Thumb Code     4  timer.o(i.TimerIntClear)
    TogglePeripheral                         0x000025e9   Thumb Code    12  farmertxsm.o(i.TogglePeripheral)
    UARTCharPut                              0x000025f9   Thumb Code    12  uart.o(i.UARTCharPut)
    UARTClockSourceSet                       0x00002605   Thumb Code     6  uart.o(i.UARTClockSourceSet)
    UARTStdioConfig                          0x0000260d   Thumb Code    82  uartstdio.o(i.UARTStdioConfig)
    UARTgetc                                 0x00002755   Thumb Code    20  uartstdio.o(i.UARTgetc)
    _HW_GetTickCount                         0x0000276d   Thumb Code     6  es_port.o(i._HW_GetTickCount)
    _HW_Process_Pending_Ints                 0x00002779   Thumb Code    26  es_port.o(i._HW_Process_Pending_Ints)
    _HW_Timer_Init                           0x00002799   Thumb Code    22  es_port.o(i._HW_Timer_Init)
    _sys_exit                                0x000027af   Thumb Code     2  retarget.o(i._sys_exit)
    clearControls                            0x000027e5   Thumb Code    14  farmertxsm.o(i.clearControls)
    ferror                                   0x000027f9   Thumb Code     6  retarget.o(i.ferror)
    fgetc                                    0x000027ff   Thumb Code     4  retarget.o(i.fgetc)
    fputc                                    0x00002803   Thumb Code    14  retarget.o(i.fputc)
    getDestAddrLSB                           0x00002811   Thumb Code     6  farmertxsm.o(i.getDestAddrLSB)
    getDestAddrMSB                           0x0000281d   Thumb Code     6  farmertxsm.o(i.getDestAddrMSB)
    getDogAddrLSB                            0x00002829   Thumb Code     6  farmerrxsm.o(i.getDogAddrLSB)
    getDogAddrMSB                            0x00002835   Thumb Code     6  farmerrxsm.o(i.getDogAddrMSB)
    getDogSelect                             0x00002841   Thumb Code     6  farmermastersm.o(i.getDogSelect)
    getGyroZ_MSB                             0x0000284d   Thumb Code     6  farmerrxsm.o(i.getGyroZ_MSB)
    getHeader                                0x00002859   Thumb Code     6  farmerrxsm.o(i.getHeader)
    getPeriod                                0x00002865   Thumb Code     6  i2c_service.o(i.getPeriod)
    kbhit                                    0x00002871   Thumb Code    16  termio.o(i.kbhit)
    main                                     0x00002885   Thumb Code   116  main.o(i.main)
    resetEncryptionIndex                     0x00002a5d   Thumb Code     8  farmertxsm.o(i.resetEncryptionIndex)
    setDestDogAddress                        0x00002a69   Thumb Code     8  farmertxsm.o(i.setDestDogAddress)
    setDogTag                                0x00002aad   Thumb Code     6  farmertxsm.o(i.setDogTag)
    setFarmerDataHeader                      0x00002b2d   Thumb Code    28  farmertxsm.o(i.setFarmerDataHeader)
    setPair                                  0x00002b4d   Thumb Code     8  farmerrxsm.o(i.setPair)
    setUnpair                                0x00002b59   Thumb Code     8  farmerrxsm.o(i.setUnpair)
    _fp_init                                 0x00002b65   Thumb Code    10  fpinit.o(x$fpl$fpinit)
    __fplib_config_fpu_vfp                   0x00002b6d   Thumb Code     0  fpinit.o(x$fpl$fpinit)
    __fplib_config_pureend_doubles           0x00002b6d   Thumb Code     0  fpinit.o(x$fpl$fpinit)
    BitNum2SetMask                           0x00002c40   Data          32  es_lookuptables.o(.constdata)
    Nybble2MSBitNum                          0x00002c60   Data          15  es_lookuptables.o(.constdata)
    Region$$Table$$Base                      0x00002ef0   Number         0  anon$$obj.o(Region$$Table)
    Region$$Table$$Limit                     0x00002f10   Number         0  anon$$obj.o(Region$$Table)
    Ready                                    0x20000084   Data           2  es_framework.o(.data)
    _PRIMASK_temp                            0x20000090   Data           4  es_queue.o(.data)
    __stdout                                 0x200000a0   Data           4  retarget.o(.data)
    __stdin                                  0x200000a4   Data           4  retarget.o(.data)
    _random_number_data                      0x20000394   Data         228  rand.o(.bss)
    __libspace_start                         0x20000478   Data          96  libspace.o(.bss)
    __temporary_stack_top$libspace           0x200004d8   Data           0  libspace.o(.bss)



==============================================================================

Memory Map of the image

  Image Entry point : 0x0000026d

  Load Region LR_IROM1 (Base: 0x00000000, Size: 0x00002fc0, Max: 0x00040000, ABSOLUTE)

    Execution Region ER_IROM1 (Base: 0x00000000, Size: 0x00002f10, Max: 0x00040000, ABSOLUTE)

    Base Addr    Size         Type   Attr      Idx    E Section Name        Object

    0x00000000   0x00000288   Code   RO          848  * RESET               startup_rvmdk.o
    0x00000288   0x00000008   Code   RO         2684  * !!!main             c_w.l(__main.o)
    0x00000290   0x00000034   Code   RO         2843    !!!scatter          c_w.l(__scatter.o)
    0x000002c4   0x0000001a   Code   RO         2845    !!handler_copy      c_w.l(__scatter_copy.o)
    0x000002de   0x00000002   PAD
    0x000002e0   0x0000001c   Code   RO         2847    !!handler_zi        c_w.l(__scatter_zi.o)
    0x000002fc   0x00000000   Code   RO         2672    .ARM.Collect$$_printf_percent$$00000000  c_w.l(_printf_percent.o)
    0x000002fc   0x00000006   Code   RO         2670    .ARM.Collect$$_printf_percent$$00000008  c_w.l(_printf_i.o)
    0x00000302   0x00000006   Code   RO         2671    .ARM.Collect$$_printf_percent$$00000009  c_w.l(_printf_d.o)
    0x00000308   0x00000006   Code   RO         2668    .ARM.Collect$$_printf_percent$$00000013  c_w.l(_printf_c.o)
    0x0000030e   0x00000006   Code   RO         2669    .ARM.Collect$$_printf_percent$$00000014  c_w.l(_printf_s.o)
    0x00000314   0x00000004   Code   RO         2693    .ARM.Collect$$_printf_percent$$00000017  c_w.l(_printf_percent_end.o)
    0x00000318   0x00000002   Code   RO         2773    .ARM.Collect$$libinit$$00000000  c_w.l(libinit.o)
    0x0000031a   0x00000004   Code   RO         2694    .ARM.Collect$$libinit$$00000001  c_w.l(libinit2.o)
    0x0000031e   0x00000000   Code   RO         2698    .ARM.Collect$$libinit$$00000008  c_w.l(libinit2.o)
    0x0000031e   0x00000000   Code   RO         2700    .ARM.Collect$$libinit$$0000000A  c_w.l(libinit2.o)
    0x0000031e   0x00000004   Code   RO         2701    .ARM.Collect$$libinit$$0000000B  c_w.l(libinit2.o)
    0x00000322   0x00000000   Code   RO         2702    .ARM.Collect$$libinit$$0000000C  c_w.l(libinit2.o)
    0x00000322   0x00000000   Code   RO         2705    .ARM.Collect$$libinit$$0000000F  c_w.l(libinit2.o)
    0x00000322   0x00000000   Code   RO         2707    .ARM.Collect$$libinit$$00000011  c_w.l(libinit2.o)
    0x00000322   0x00000000   Code   RO         2709    .ARM.Collect$$libinit$$00000013  c_w.l(libinit2.o)
    0x00000322   0x00000000   Code   RO         2711    .ARM.Collect$$libinit$$00000015  c_w.l(libinit2.o)
    0x00000322   0x00000000   Code   RO         2713    .ARM.Collect$$libinit$$00000017  c_w.l(libinit2.o)
    0x00000322   0x00000000   Code   RO         2715    .ARM.Collect$$libinit$$00000019  c_w.l(libinit2.o)
    0x00000322   0x00000000   Code   RO         2717    .ARM.Collect$$libinit$$0000001B  c_w.l(libinit2.o)
    0x00000322   0x00000000   Code   RO         2719    .ARM.Collect$$libinit$$0000001D  c_w.l(libinit2.o)
    0x00000322   0x00000000   Code   RO         2721    .ARM.Collect$$libinit$$0000001F  c_w.l(libinit2.o)
    0x00000322   0x00000000   Code   RO         2723    .ARM.Collect$$libinit$$00000021  c_w.l(libinit2.o)
    0x00000322   0x00000000   Code   RO         2725    .ARM.Collect$$libinit$$00000023  c_w.l(libinit2.o)
    0x00000322   0x00000000   Code   RO         2729    .ARM.Collect$$libinit$$0000002A  c_w.l(libinit2.o)
    0x00000322   0x00000000   Code   RO         2731    .ARM.Collect$$libinit$$0000002C  c_w.l(libinit2.o)
    0x00000322   0x00000000   Code   RO         2733    .ARM.Collect$$libinit$$0000002E  c_w.l(libinit2.o)
    0x00000322   0x00000000   Code   RO         2735    .ARM.Collect$$libinit$$00000030  c_w.l(libinit2.o)
    0x00000322   0x00000002   Code   RO         2736    .ARM.Collect$$libinit$$00000031  c_w.l(libinit2.o)
    0x00000324   0x00000002   Code   RO         2807    .ARM.Collect$$libshutdown$$00000000  c_w.l(libshutdown.o)
    0x00000326   0x00000000   Code   RO         2812    .ARM.Collect$$libshutdown$$00000003  c_w.l(libshutdown2.o)
    0x00000326   0x00000000   Code   RO         2815    .ARM.Collect$$libshutdown$$00000006  c_w.l(libshutdown2.o)
    0x00000326   0x00000000   Code   RO         2818    .ARM.Collect$$libshutdown$$00000009  c_w.l(libshutdown2.o)
    0x00000326   0x00000000   Code   RO         2820    .ARM.Collect$$libshutdown$$0000000B  c_w.l(libshutdown2.o)
    0x00000326   0x00000000   Code   RO         2823    .ARM.Collect$$libshutdown$$0000000E  c_w.l(libshutdown2.o)
    0x00000326   0x00000002   Code   RO         2824    .ARM.Collect$$libshutdown$$0000000F  c_w.l(libshutdown2.o)
    0x00000328   0x00000000   Code   RO         2686    .ARM.Collect$$rtentry$$00000000  c_w.l(rtentry.o)
    0x00000328   0x00000000   Code   RO         2738    .ARM.Collect$$rtentry$$00000002  c_w.l(rtentry2.o)
    0x00000328   0x00000006   Code   RO         2750    .ARM.Collect$$rtentry$$00000004  c_w.l(rtentry4.o)
    0x0000032e   0x00000000   Code   RO         2740    .ARM.Collect$$rtentry$$00000009  c_w.l(rtentry2.o)
    0x0000032e   0x00000004   Code   RO         2741    .ARM.Collect$$rtentry$$0000000A  c_w.l(rtentry2.o)
    0x00000332   0x00000000   Code   RO         2743    .ARM.Collect$$rtentry$$0000000C  c_w.l(rtentry2.o)
    0x00000332   0x00000008   Code   RO         2744    .ARM.Collect$$rtentry$$0000000D  c_w.l(rtentry2.o)
    0x0000033a   0x00000002   Code   RO         2779    .ARM.Collect$$rtexit$$00000000  c_w.l(rtexit.o)
    0x0000033c   0x00000000   Code   RO         2789    .ARM.Collect$$rtexit$$00000002  c_w.l(rtexit2.o)
    0x0000033c   0x00000004   Code   RO         2790    .ARM.Collect$$rtexit$$00000003  c_w.l(rtexit2.o)
    0x00000340   0x00000006   Code   RO         2791    .ARM.Collect$$rtexit$$00000004  c_w.l(rtexit2.o)
    0x00000346   0x00000002   PAD
    0x00000348   0x00000006   Code   RO         1688    .emb_text           driverlib.lib(sysctl.o)
    0x0000034e   0x00000002   PAD
    0x00000350   0x00000026   Code   RO         2624    .emb_text           driverlib.lib(cpu.o)
    0x00000376   0x00000002   PAD
    0x00000378   0x00000034   Code   RO         2677    .emb_text           c_w.l(rand.o)
    0x000003ac   0x00000018   Code   RO          849    .text               startup_rvmdk.o
    0x000003c4   0x00000002   Code   RO         2636    .text               c_w.l(use_no_semi.o)
    0x000003c6   0x00000002   PAD
    0x000003c8   0x00000018   Code   RO         2640    .text               c_w.l(noretval__2printf.o)
    0x000003e0   0x00000068   Code   RO         2642    .text               c_w.l(__printf.o)
    0x00000448   0x00000052   Code   RO         2644    .text               c_w.l(_printf_str.o)
    0x0000049a   0x00000002   PAD
    0x0000049c   0x00000074   Code   RO         2646    .text               c_w.l(_printf_dec.o)
    0x00000510   0x00000004   Code   RO         2673    .text               c_w.l(getc.o)
    0x00000514   0x0000002c   Code   RO         2675    .text               c_w.l(puts.o)
    0x00000540   0x0000003c   Code   RO         2678    .text               c_w.l(rand.o)
    0x0000057c   0x00000006   Code   RO         2682    .text               c_w.l(heapauxi.o)
    0x00000582   0x000000b2   Code   RO         2687    .text               c_w.l(_printf_intcommon.o)
    0x00000634   0x0000002c   Code   RO         2689    .text               c_w.l(_printf_char.o)
    0x00000660   0x00000024   Code   RO         2691    .text               c_w.l(_printf_char_file.o)
    0x00000684   0x00000030   Code   RO         2752    .text               c_w.l(_printf_char_common.o)
    0x000006b4   0x0000004a   Code   RO         2758    .text               c_w.l(sys_stackheap_outer.o)
    0x000006fe   0x0000000c   Code   RO         2762    .text               c_w.l(exit.o)
    0x0000070a   0x00000002   PAD
    0x0000070c   0x00000008   Code   RO         2776    .text               c_w.l(libspace.o)
    0x00000714   0x000000c8   Code   RO          328    i.ADC_MultiInit     admulti.o
    0x000007dc   0x00000038   Code   RO          329    i.ADC_MultiRead     admulti.o
    0x00000814   0x000000a4   Code   RO          549    i.BuildCtrlPacket   farmertxsm.o
    0x000008b8   0x0000005c   Code   RO          550    i.BuildEncrKeyPacket  farmertxsm.o
    0x00000914   0x00000050   Code   RO          551    i.BuildPacket       farmertxsm.o
    0x00000964   0x00000028   Code   RO          552    i.BuildReq2PairPacket  farmertxsm.o
    0x0000098c   0x00000008   Code   RO          985    i.CPUgetPRIMASK_cpsid  es_port.o
    0x00000994   0x00000006   Code   RO          991    i.CPUsetPRIMASK     es_port.o
    0x0000099a   0x00000002   PAD
    0x0000099c   0x00000040   Code   RO           95    i.Check4BadCheckSum  eventcheckers.o
    0x000009dc   0x000001cc   Code   RO           96    i.Check4Keystroke   eventcheckers.o
    0x00000ba8   0x000000d0   Code   RO           97    i.CheckButton       eventcheckers.o
    0x00000c78   0x00000054   Code   RO           98    i.CheckSound        eventcheckers.o
    0x00000ccc   0x0000000c   Code   RO          553    i.DisableLeftBrake  farmertxsm.o
    0x00000cd8   0x0000000c   Code   RO          554    i.DisableReverse    farmertxsm.o
    0x00000ce4   0x0000000c   Code   RO          555    i.DisableRightBrake  farmertxsm.o
    0x00000cf0   0x00000028   Code   RO          855    i.ES_CheckUserEvents  es_checkevents.o
    0x00000d18   0x00000054   Code   RO         1010    i.ES_DeQueue        es_queue.o
    0x00000d6c   0x00000048   Code   RO         1011    i.ES_EnQueueFIFO    es_queue.o
    0x00000db4   0x00000034   Code   RO          934    i.ES_GetMSBitSet    es_lookuptables.o
    0x00000de8   0x00000010   Code   RO         1013    i.ES_InitQueue      es_queue.o
    0x00000df8   0x0000004c   Code   RO          881    i.ES_Initialize     es_framework.o
    0x00000e44   0x00000038   Code   RO          883    i.ES_PostToService  es_framework.o
    0x00000e7c   0x00000060   Code   RO          885    i.ES_Run            es_framework.o
    0x00000edc   0x00000004   Code   RO         1052    i.ES_Timer_GetTime  es_timers.o
    0x00000ee0   0x00000004   Code   RO         1053    i.ES_Timer_Init     es_timers.o
    0x00000ee4   0x0000003c   Code   RO         1054    i.ES_Timer_InitTimer  es_timers.o
    0x00000f20   0x0000006c   Code   RO         1058    i.ES_Timer_Tick_Resp  es_timers.o
    0x00000f8c   0x0000000c   Code   RO          556    i.EnableLeftBrake   farmertxsm.o
    0x00000f98   0x0000000c   Code   RO          557    i.EnableReverse     farmertxsm.o
    0x00000fa4   0x0000000c   Code   RO          558    i.EnableRightBrake  farmertxsm.o
    0x00000fb0   0x00000190   Code   RO          456    i.FarmerRX_ISR      farmerrxsm.o
    0x00001140   0x00000040   Code   RO          559    i.FarmerTX_ISR      farmertxsm.o
    0x00001180   0x00000028   Code   RO         1251    i.GPIODirModeSet    driverlib.lib(gpio.o)
    0x000011a8   0x0000013a   Code   RO         1261    i.GPIOPadConfigSet  driverlib.lib(gpio.o)
    0x000012e2   0x00000002   PAD
    0x000012e4   0x00000048   Code   RO         1262    i.GPIOPinConfigure  driverlib.lib(gpio.o)
    0x0000132c   0x0000001c   Code   RO         1271    i.GPIOPinTypeGPIOInput  driverlib.lib(gpio.o)
    0x00001348   0x0000001c   Code   RO         1287    i.GPIOPinTypeUART   driverlib.lib(gpio.o)
    0x00001364   0x00000054   Code   RO          268    i.Hardware_Init     hardware.o
    0x000013b8   0x00000200   Code   RO          725    i.I2C_ISR           i2c_service.o
    0x000015b8   0x000000ac   Code   RO          269    i.I2C_Init          hardware.o
    0x00001664   0x00000080   Code   RO          270    i.IO_Init           hardware.o
    0x000016e4   0x00000024   Code   RO          771    i.InitFarmerMasterSM  farmermastersm.o
    0x00001708   0x00000024   Code   RO          457    i.InitFarmerRXSM    farmerrxsm.o
    0x0000172c   0x0000002c   Code   RO          560    i.InitFarmerTXSM    farmertxsm.o
    0x00001758   0x00000020   Code   RO          820    i.InitLEDBlinkSM    ledblinksm.o
    0x00001778   0x00000028   Code   RO          378    i.InitL_ButtonDebounce  l_buttondebounce.o
    0x000017a0   0x00000028   Code   RO          404    i.InitP_ButtonDebounce  peripheral_buttondebounce.o
    0x000017c8   0x00000028   Code   RO          430    i.InitREV_ButtonDebounce  reverse_buttondebounce.o
    0x000017f0   0x00000028   Code   RO          352    i.InitR_ButtonDebounce  r_buttondebounce.o
    0x00001818   0x00000018   Code   RO          726    i.Init_I2C          i2c_service.o
    0x00001830   0x0000000e   Code   RO         1576    i.IntMasterEnable   driverlib.lib(interrupt.o)
    0x0000183e   0x00000002   PAD
    0x00001840   0x000000ac   Code   RO          271    i.PWM_Init          hardware.o
    0x000018ec   0x000000a0   Code   RO          808    i.PortFunctionInit  enablepa25_pb23_pd7_pf0.o
    0x0000198c   0x00000010   Code   RO          772    i.PostFarmerMasterSM  farmermastersm.o
    0x0000199c   0x00000010   Code   RO          458    i.PostFarmerRXSM    farmerrxsm.o
    0x000019ac   0x00000010   Code   RO          561    i.PostFarmerTXSM    farmertxsm.o
    0x000019bc   0x00000010   Code   RO          821    i.PostLEDBlinkSM    ledblinksm.o
    0x000019cc   0x00000010   Code   RO          379    i.PostL_ButtonDebounce  l_buttondebounce.o
    0x000019dc   0x00000010   Code   RO          405    i.PostP_ButtonDebounce  peripheral_buttondebounce.o
    0x000019ec   0x00000010   Code   RO          431    i.PostREV_ButtonDebounce  reverse_buttondebounce.o
    0x000019fc   0x00000010   Code   RO          353    i.PostR_ButtonDebounce  r_buttondebounce.o
    0x00001a0c   0x00000010   Code   RO          727    i.Post_I2C          i2c_service.o
    0x00001a1c   0x00000050   Code   RO          773    i.ProcessStatus     farmermastersm.o
    0x00001a6c   0x00000038   Code   RO          460    i.RXTX_ISR          farmerrxsm.o
    0x00001aa4   0x00000274   Code   RO          774    i.RunFarmerMasterSM  farmermastersm.o
    0x00001d18   0x0000006c   Code   RO          461    i.RunFarmerRXSM     farmerrxsm.o
    0x00001d84   0x0000007c   Code   RO          563    i.RunFarmerTXSM     farmertxsm.o
    0x00001e00   0x000001f4   Code   RO          822    i.RunLEDBlinkSM     ledblinksm.o
    0x00001ff4   0x00000090   Code   RO          380    i.RunL_ButtonDebounce  l_buttondebounce.o
    0x00002084   0x00000090   Code   RO          406    i.RunP_ButtonDebounce  peripheral_buttondebounce.o
    0x00002114   0x00000094   Code   RO          432    i.RunREV_ButtonDebounce  reverse_buttondebounce.o
    0x000021a8   0x00000090   Code   RO          354    i.RunR_ButtonDebounce  r_buttondebounce.o
    0x00002238   0x00000094   Code   RO          728    i.Run_I2C           i2c_service.o
    0x000022cc   0x0000000c   Code   RO           99    i.SetBadCheckSum    eventcheckers.o
    0x000022d8   0x00000060   Code   RO          272    i.SetDutyLeftVibrationMotor  hardware.o
    0x00002338   0x0000005c   Code   RO          273    i.SetDutyRightVibrationMotor  hardware.o
    0x00002394   0x00000034   Code   RO          230    i.ShortTimerAHandler  es_shorttimer.o
    0x000023c8   0x00000038   Code   RO          231    i.ShortTimerBHandler  es_shorttimer.o
    0x00002400   0x00000120   Code   RO         1693    i.SysCtlClockSet    driverlib.lib(sysctl.o)
    0x00002520   0x00000028   Code   RO         1722    i.SysCtlPeripheralEnable  driverlib.lib(sysctl.o)
    0x00002548   0x0000000e   Code   RO         2031    i.SysTickEnable     driverlib.lib(systick.o)
    0x00002556   0x0000000e   Code   RO         2033    i.SysTickIntEnable  driverlib.lib(systick.o)
    0x00002564   0x00000014   Code   RO          951    i.SysTickIntHandler  es_port.o
    0x00002578   0x0000000a   Code   RO         2037    i.SysTickPeriodSet  driverlib.lib(systick.o)
    0x00002582   0x00000004   Code   RO         1154    i.TERMIO_GetChar    termio.o
    0x00002586   0x00000002   PAD
    0x00002588   0x00000050   Code   RO         1155    i.TERMIO_Init       termio.o
    0x000025d8   0x0000000c   Code   RO         1156    i.TERMIO_PutChar    termio.o
    0x000025e4   0x00000004   Code   RO         2107    i.TimerIntClear     driverlib.lib(timer.o)
    0x000025e8   0x00000010   Code   RO          564    i.TogglePeripheral  farmertxsm.o
    0x000025f8   0x0000000c   Code   RO         2343    i.UARTCharPut       driverlib.lib(uart.o)
    0x00002604   0x00000006   Code   RO         2347    i.UARTClockSourceSet  driverlib.lib(uart.o)
    0x0000260a   0x00000002   PAD
    0x0000260c   0x0000005c   Code   RO         1194    i.UARTStdioConfig   uartstdio.o
    0x00002668   0x000000ec   Code   RO          274    i.UART_Init         hardware.o
    0x00002754   0x00000018   Code   RO         1195    i.UARTgetc          uartstdio.o
    0x0000276c   0x0000000c   Code   RO          952    i._HW_GetTickCount  es_port.o
    0x00002778   0x00000020   Code   RO          953    i._HW_Process_Pending_Ints  es_port.o
    0x00002798   0x00000016   Code   RO          954    i._HW_Timer_Init    es_port.o
    0x000027ae   0x00000002   Code   RO         1104    i._sys_exit         retarget.o
    0x000027b0   0x00000034   Code   RO          565    i.calculateChecksum  farmertxsm.o
    0x000027e4   0x00000014   Code   RO          566    i.clearControls     farmertxsm.o
    0x000027f8   0x00000006   Code   RO         1106    i.ferror            retarget.o
    0x000027fe   0x00000004   Code   RO         1107    i.fgetc             retarget.o
    0x00002802   0x0000000e   Code   RO         1108    i.fputc             retarget.o
    0x00002810   0x0000000c   Code   RO          569    i.getDestAddrLSB    farmertxsm.o
    0x0000281c   0x0000000c   Code   RO          570    i.getDestAddrMSB    farmertxsm.o
    0x00002828   0x0000000c   Code   RO          464    i.getDogAddrLSB     farmerrxsm.o
    0x00002834   0x0000000c   Code   RO          465    i.getDogAddrMSB     farmerrxsm.o
    0x00002840   0x0000000c   Code   RO          775    i.getDogSelect      farmermastersm.o
    0x0000284c   0x0000000c   Code   RO          466    i.getGyroZ_MSB      farmerrxsm.o
    0x00002858   0x0000000c   Code   RO          467    i.getHeader         farmerrxsm.o
    0x00002864   0x0000000c   Code   RO          729    i.getPeriod         i2c_service.o
    0x00002870   0x00000014   Code   RO         1157    i.kbhit             termio.o
    0x00002884   0x000001d8   Code   RO            1    i.main              main.o
    0x00002a5c   0x0000000c   Code   RO          572    i.resetEncryptionIndex  farmertxsm.o
    0x00002a68   0x0000000c   Code   RO          573    i.setDestDogAddress  farmertxsm.o
    0x00002a74   0x00000038   Code   RO          574    i.setDigitalCtrl    farmertxsm.o
    0x00002aac   0x0000000c   Code   RO          575    i.setDogTag         farmertxsm.o
    0x00002ab8   0x00000074   Code   RO          576    i.setDriveCtrl      farmertxsm.o
    0x00002b2c   0x00000020   Code   RO          577    i.setFarmerDataHeader  farmertxsm.o
    0x00002b4c   0x0000000c   Code   RO          468    i.setPair           farmerrxsm.o
    0x00002b58   0x0000000c   Code   RO          469    i.setUnpair         farmerrxsm.o
    0x00002b64   0x0000000a   Code   RO         2756    x$fpl$fpinit        fz_wm.l(fpinit.o)
    0x00002b6e   0x00000002   PAD
    0x00002b70   0x00000030   Data   RO          330    .constdata          admulti.o
    0x00002ba0   0x00000010   Data   RO          856    .constdata          es_checkevents.o
    0x00002bb0   0x00000090   Data   RO          895    .constdata          es_framework.o
    0x00002c40   0x00000020   Data   RO          935    .constdata          es_lookuptables.o
    0x00002c60   0x0000000f   Data   RO          936    .constdata          es_lookuptables.o
    0x00002c6f   0x00000001   PAD
    0x00002c70   0x00000040   Data   RO         1060    .constdata          es_timers.o
    0x00002cb0   0x0000001c   Data   RO         1200    .constdata          uartstdio.o
    0x00002ccc   0x00000210   Data   RO         1294    .constdata          driverlib.lib(gpio.o)
    0x00002edc   0x00000011   Data   RO         1201    .conststring        uartstdio.o
    0x00002eed   0x00000003   PAD
    0x00002ef0   0x00000020   Data   RO         2841    Region$$Table       anon$$obj.o


    Execution Region RW_IRAM1 (Base: 0x20000000, Size: 0x00000cd8, Max: 0x00008000, ABSOLUTE)

    Base Addr    Size         Type   Attr      Idx    E Section Name        Object

    0x20000000   0x00000008   Data   RW          100    .data               eventcheckers.o
    0x20000008   0x00000002   Data   RW          232    .data               es_shorttimer.o
    0x2000000a   0x00000002   PAD
    0x2000000c   0x0000000c   Data   RW          275    .data               hardware.o
    0x20000018   0x00000001   Data   RW          331    .data               admulti.o
    0x20000019   0x00000002   Data   RW          355    .data               r_buttondebounce.o
    0x2000001b   0x00000002   Data   RW          381    .data               l_buttondebounce.o
    0x2000001d   0x00000002   Data   RW          407    .data               peripheral_buttondebounce.o
    0x2000001f   0x00000002   Data   RW          433    .data               reverse_buttondebounce.o
    0x20000021   0x00000001   PAD
    0x20000022   0x0000000c   Data   RW          471    .data               farmerrxsm.o
    0x2000002e   0x00000014   Data   RW          579    .data               farmertxsm.o
    0x20000042   0x0000003c   Data   RW          731    .data               i2c_service.o
    0x2000007e   0x00000003   Data   RW          776    .data               farmermastersm.o
    0x20000081   0x00000003   Data   RW          823    .data               ledblinksm.o
    0x20000084   0x00000006   Data   RW          896    .data               es_framework.o
    0x2000008a   0x00000004   Data   RW          955    .data               es_port.o
    0x2000008e   0x00000002   PAD
    0x20000090   0x00000004   Data   RW         1015    .data               es_queue.o
    0x20000094   0x0000000a   Data   RW         1061    .data               es_timers.o
    0x2000009e   0x00000002   PAD
    0x200000a0   0x00000004   Data   RW         1109    .data               retarget.o
    0x200000a4   0x00000004   Data   RW         1110    .data               retarget.o
    0x200000a8   0x00000008   Data   RW         1202    .data               uartstdio.o
    0x200000b0   0x00000056   Zero   RW          470    .bss                farmerrxsm.o
    0x20000106   0x0000004b   Zero   RW          578    .bss                farmertxsm.o
    0x20000151   0x00000001   PAD
    0x20000152   0x00000018   Zero   RW          730    .bss                i2c_service.o
    0x2000016a   0x00000010   Zero   RW          886    .bss                es_framework.o
    0x2000017a   0x00000010   Zero   RW          887    .bss                es_framework.o
    0x2000018a   0x00000010   Zero   RW          888    .bss                es_framework.o
    0x2000019a   0x00000010   Zero   RW          889    .bss                es_framework.o
    0x200001aa   0x00000010   Zero   RW          890    .bss                es_framework.o
    0x200001ba   0x000000cc   Zero   RW          891    .bss                es_framework.o
    0x20000286   0x000000cc   Zero   RW          892    .bss                es_framework.o
    0x20000352   0x00000010   Zero   RW          893    .bss                es_framework.o
    0x20000362   0x00000010   Zero   RW          894    .bss                es_framework.o
    0x20000372   0x00000020   Zero   RW         1059    .bss                es_timers.o
    0x20000392   0x00000002   PAD
    0x20000394   0x000000e4   Zero   RW         2679    .bss                c_w.l(rand.o)
    0x20000478   0x00000060   Zero   RW         2777    .bss                c_w.l(libspace.o)
    0x200004d8   0x00000000   Zero   RW          847    HEAP                startup_rvmdk.o
    0x200004d8   0x00000800   Zero   RW          846    STACK               startup_rvmdk.o


==============================================================================

Image component sizes


      Code (inc. data)   RO Data    RW Data    ZI Data      Debug   Object Name

       256         40         48          1          0       1884   admulti.o
       160         28          0          0          0        587   enablepa25_pb23_pd7_pf0.o
        40          6         16          0          0       1177   es_checkevents.o
       228         30        144          6        520       3104   es_framework.o
        52          4         47          0          0       1286   es_lookuptables.o
       100         16          0          4          0       4053   es_port.o
       172         10          0          4          0       2437   es_queue.o
       108         20          0          2          0       2096   es_shorttimer.o
       176         34         64         10         32       2873   es_timers.o
       828        316          0          8          0       7050   eventcheckers.o
       772         26          0          3          0       4637   farmermastersm.o
       688        188          0         12         86       7425   farmerrxsm.o
      1048        194          0         20         75      14344   farmertxsm.o
       980        162          0         12          0       4557   hardware.o
       712         52          0         60         24       4970   i2c_service.o
       200         48          0          2          0       2064   l_buttondebounce.o
       548        106          0          3          0       2174   ledblinksm.o
       472        356          0          0          0      10615   main.o
       200         46          0          2          0       2124   peripheral_buttondebounce.o
       200         50          0          2          0       2060   r_buttondebounce.o
        26          0          0          8          0       3659   retarget.o
       204         50          0          2          0       2114   reverse_buttondebounce.o
       672        636          0          0       2048        556   startup_rvmdk.o
       116         26          0          0          0       1960   termio.o
       116         14         45          8          0       2728   uartstdio.o

    ----------------------------------------------------------------------
      9078       2458        400        176       2788      92534   Object Totals
         0          0         32          0          0          0   (incl. Generated)
         4          0          4          7          3          0   (incl. Padding)

    ----------------------------------------------------------------------

      Code (inc. data)   RO Data    RW Data    ZI Data      Debug   Library Member Name

         8          0          0          0          0         68   __main.o
       104          0          0          0          0         84   __printf.o
        52          8          0          0          0          0   __scatter.o
        26          0          0          0          0          0   __scatter_copy.o
        28          0          0          0          0          0   __scatter_zi.o
         6          0          0          0          0          0   _printf_c.o
        44          0          0          0          0        108   _printf_char.o
        48          6          0          0          0         96   _printf_char_common.o
        36          4          0          0          0         80   _printf_char_file.o
         6          0          0          0          0          0   _printf_d.o
       116         16          0          0          0         92   _printf_dec.o
         6          0          0          0          0          0   _printf_i.o
       178          0          0          0          0         88   _printf_intcommon.o
         0          0          0          0          0          0   _printf_percent.o
         4          0          0          0          0          0   _printf_percent_end.o
         6          0          0          0          0          0   _printf_s.o
        82          0          0          0          0         80   _printf_str.o
        12          0          0          0          0         72   exit.o
         4          0          0          0          0         68   getc.o
         6          0          0          0          0        152   heapauxi.o
         2          0          0          0          0          0   libinit.o
        10          0          0          0          0          0   libinit2.o
         2          0          0          0          0          0   libshutdown.o
         2          0          0          0          0          0   libshutdown2.o
         8          4          0          0         96         68   libspace.o
        24          4          0          0          0         84   noretval__2printf.o
        44          4          0          0          0         84   puts.o
       112         18          0          0        228        160   rand.o
         0          0          0          0          0          0   rtentry.o
        12          0          0          0          0          0   rtentry2.o
         6          0          0          0          0          0   rtentry4.o
         2          0          0          0          0          0   rtexit.o
        10          0          0          0          0          0   rtexit2.o
        74          0          0          0          0         80   sys_stackheap_outer.o
         2          0          0          0          0         68   use_no_semi.o
        38          0          0          0          0        504   cpu.o
       482          8        528          0          0       6412   gpio.o
        14          0          0          0          0        450   interrupt.o
       334         22          0          0          0       1550   sysctl.o
        38          0          0          0          0       1218   systick.o
         4          0          0          0          0        424   timer.o
        18          0          0          0          0        867   uart.o
        10          0          0          0          0        116   fpinit.o

    ----------------------------------------------------------------------
      2042         94        528          0        324      13073   Library Totals
        22          0          0          0          0          0   (incl. Padding)

    ----------------------------------------------------------------------

      Code (inc. data)   RO Data    RW Data    ZI Data      Debug   Library Name

      1082         64          0          0        324       1532   c_w.l
       928         30        528          0          0      11425   driverlib.lib
        10          0          0          0          0        116   fz_wm.l

    ----------------------------------------------------------------------
      2042         94        528          0        324      13073   Library Totals

    ----------------------------------------------------------------------

==============================================================================


      Code (inc. data)   RO Data    RW Data    ZI Data      Debug   

     11120       2552        928        176       3112      93279   Grand Totals
     11120       2552        928        176       3112      93279   ELF Image Totals
     11120       2552        928        176          0          0   ROM Totals

==============================================================================

    Total RO  Size (Code + RO Data)                12048 (  11.77kB)
    Total RW  Size (RW Data + ZI Data)              3288 (   3.21kB)
    Total ROM Size (Code + RO Data + RW Data)      12224 (  11.94kB)

==============================================================================

