Product: MDK-ARM Professional 5.10
Component: ARM Compiler 5.04 update 1 (build 49)
Tool: armlink [5040049]

==============================================================================

Section Cross References

    main.o(i.main) refers to _printf_percent.o(.ARM.Collect$$_printf_percent$$00000000) for _printf_percent
    main.o(i.main) refers to _printf_s.o(.ARM.Collect$$_printf_percent$$00000014) for _printf_s
    main.o(i.main) refers to _printf_str.o(.text) for _printf_str
    main.o(i.main) refers to sysctl.o(i.SysCtlClockSet) for SysCtlClockSet
    main.o(i.main) refers to termio.o(i.TERMIO_Init) for TERMIO_Init
    main.o(i.main) refers to noretval__2printf.o(.text) for __2printf
    main.o(i.main) refers to hardware.o(i.Hardware_Init) for Hardware_Init
    main.o(i.main) refers to puts.o(.text) for puts
    main.o(i.main) refers to es_framework.o(i.ES_Initialize) for ES_Initialize
    main.o(i.main) refers to es_framework.o(i.ES_Run) for ES_Run
    eventcheckers.o(i.Check4Keystroke) refers to termio.o(i.kbhit) for kbhit
    eventcheckers.o(i.Check4Keystroke) refers to getc.o(.text) for getc
    eventcheckers.o(i.Check4Keystroke) refers to retarget.o(.data) for __stdin
    templatefsm.o(i.InitTemplateFSM) refers to es_framework.o(i.ES_PostToService) for ES_PostToService
    templatefsm.o(i.InitTemplateFSM) refers to templatefsm.o(.data) for .data
    templatefsm.o(i.PostTemplateFSM) refers to es_framework.o(i.ES_PostToService) for ES_PostToService
    templatefsm.o(i.PostTemplateFSM) refers to templatefsm.o(.data) for .data
    templatefsm.o(i.QueryTemplateFSM) refers to templatefsm.o(.data) for .data
    templatefsm.o(i.RunTemplateFSM) refers to templatefsm.o(.data) for .data
    es_shorttimer.o(i.ES_ShortTimerInit) refers to sysctl.o(i.SysCtlPeripheralEnable) for SysCtlPeripheralEnable
    es_shorttimer.o(i.ES_ShortTimerInit) refers to timer.o(i.TimerConfigure) for TimerConfigure
    es_shorttimer.o(i.ES_ShortTimerInit) refers to timer.o(i.TimerPrescaleSet) for TimerPrescaleSet
    es_shorttimer.o(i.ES_ShortTimerInit) refers to es_shorttimer.o(.data) for .data
    es_shorttimer.o(i.ES_ShortTimerStart) refers to es_shorttimer.o(i.ShortTimerBHandler) for ShortTimerBHandler
    es_shorttimer.o(i.ES_ShortTimerStart) refers to timer.o(i.TimerLoadSet) for TimerLoadSet
    es_shorttimer.o(i.ES_ShortTimerStart) refers to timer.o(i.TimerIntEnable) for TimerIntEnable
    es_shorttimer.o(i.ES_ShortTimerStart) refers to interrupt.o(i.IntEnable) for IntEnable
    es_shorttimer.o(i.ES_ShortTimerStart) refers to timer.o(i.TimerEnable) for TimerEnable
    es_shorttimer.o(i.ES_ShortTimerStart) refers to es_shorttimer.o(i.ShortTimerAHandler) for ShortTimerAHandler
    es_shorttimer.o(i.ShortTimerAHandler) refers to timer.o(i.TimerIntClear) for TimerIntClear
    es_shorttimer.o(i.ShortTimerAHandler) refers to es_framework.o(i.ES_PostToService) for ES_PostToService
    es_shorttimer.o(i.ShortTimerAHandler) refers to es_shorttimer.o(.data) for .data
    es_shorttimer.o(i.ShortTimerBHandler) refers to timer.o(i.TimerIntClear) for TimerIntClear
    es_shorttimer.o(i.ShortTimerBHandler) refers to es_framework.o(i.ES_PostToService) for ES_PostToService
    es_shorttimer.o(i.ShortTimerBHandler) refers to es_shorttimer.o(.data) for .data
    admulti.o(i.ADC_MultiInit) refers to admulti.o(.data) for .data
    admulti.o(i.ADC_MultiInit) refers to admulti.o(.constdata) for .constdata
    admulti.o(i.ADC_MultiRead) refers to admulti.o(.data) for .data
    hardware.o(i.Hardware_Init) refers to admulti.o(i.ADC_MultiInit) for ADC_MultiInit
    hardware.o(i.Hardware_Init) refers to hardware.o(i.PWM_Init) for PWM_Init
    hardware.o(i.Hardware_Init) refers to hardware.o(i.I2C_Init) for I2C_Init
    hardware.o(i.ReadDOGTag) refers to admulti.o(i.ADC_MultiRead) for ADC_MultiRead
    hardware.o(i.SetDirectionThrust) refers to hardware.o(.data) for .data
    hardware.o(i.SetDutyIndicator) refers to hardware.o(.data) for .data
    hardware.o(i.SetDutyThrustFan) refers to hardware.o(.data) for .data
    i2c_service.o(i.Init_I2C) refers to es_timers.o(i.ES_Timer_InitTimer) for ES_Timer_InitTimer
    i2c_service.o(i.Init_I2C) refers to i2c_service.o(.data) for .data
    i2c_service.o(i.Post_I2C) refers to es_framework.o(i.ES_PostToService) for ES_PostToService
    i2c_service.o(i.Post_I2C) refers to i2c_service.o(.data) for .data
    i2c_service.o(i.Run_I2C) refers to _printf_percent.o(.ARM.Collect$$_printf_percent$$00000000) for _printf_percent
    i2c_service.o(i.Run_I2C) refers to _printf_d.o(.ARM.Collect$$_printf_percent$$00000009) for _printf_d
    i2c_service.o(i.Run_I2C) refers to _printf_dec.o(.text) for _printf_int_dec
    i2c_service.o(i.Run_I2C) refers to i2c_service.o(i.Read_I2C) for Read_I2C
    i2c_service.o(i.Run_I2C) refers to noretval__2printf.o(.text) for __2printf
    i2c_service.o(i.Run_I2C) refers to i2c_service.o(.data) for .data
[...]
    __printf_flags_wp.o(.text) refers to __printf_wp.o(i._is_digit) for _is_digit
    __printf_flags_wp.o(.text) refers to _printf_percent.o(.ARM.Collect$$_printf_percent$$00000000) for _printf_percent
    __printf_flags_wp.o(.text) refers to __printf_flags_wp.o(.constdata) for .constdata
    __printf_ss_wp.o(.text) refers to __printf_wp.o(i._is_digit) for _is_digit
    __printf_ss_wp.o(.text) refers to _printf_percent.o(.ARM.Collect$$_printf_percent$$00000000) for _printf_percent
    __printf_flags_ss_wp.o(.text) refers to __printf_wp.o(i._is_digit) for _is_digit
    __printf_flags_ss_wp.o(.text) refers to _printf_percent.o(.ARM.Collect$$_printf_percent$$00000000) for _printf_percent
    __printf_flags_ss_wp.o(.text) refers to __printf_flags_ss_wp.o(.constdata) for .constdata
    _printf_s.o(.ARM.Collect$$_printf_percent$$00000014) refers (Weak) to _printf_char.o(.text) for _printf_string
    _printf_d.o(.ARM.Collect$$_printf_percent$$00000009) refers (Weak) to _printf_dec.o(.text) for _printf_int_dec
    _printf_percent.o(.ARM.Collect$$_printf_percent$$00000000) refers (Special) to _printf_percent_end.o(.ARM.Collect$$_printf_percent$$00000017) for _printf_percent_end
    getc.o(.text) refers to retarget.o(i.fgetc) for fgetc
    puts.o(.text) refers to retarget.o(i.fputc) for fputc
    puts.o(.text) refers to retarget.o(.data) for __stdout
    __main.o(!!!main) refers to rtentry.o(.ARM.Collect$$rtentry$$00000000) for __rt_entry
    rtentry.o(.ARM.Collect$$rtentry$$00000000) refers (Special) to rtentry2.o(.ARM.Collect$$rtentry$$0000000A) for __rt_entry_li
    rtentry.o(.ARM.Collect$$rtentry$$00000000) refers (Special) to rtentry2.o(.ARM.Collect$$rtentry$$0000000D) for __rt_entry_main
    rtentry.o(.ARM.Collect$$rtentry$$00000000) refers (Special) to rtentry2.o(.ARM.Collect$$rtentry$$0000000C) for __rt_entry_postli_1
    rtentry.o(.ARM.Collect$$rtentry$$00000000) refers (Special) to rtentry2.o(.ARM.Collect$$rtentry$$00000009) for __rt_entry_postsh_1
    rtentry.o(.ARM.Collect$$rtentry$$00000000) refers (Special) to rtentry2.o(.ARM.Collect$$rtentry$$00000002) for __rt_entry_presh_1
    rtentry.o(.ARM.Collect$$rtentry$$00000000) refers (Special) to rtentry4.o(.ARM.Collect$$rtentry$$00000004) for __rt_entry_sh
    _printf_char.o(.text) refers (Weak) to _printf_str.o(.text) for _printf_str
    _printf_char_file.o(.text) refers to _printf_char_common.o(.text) for _printf_char_common
    _printf_char_file.o(.text) refers to retarget.o(i.ferror) for ferror
    _printf_char_file.o(.text) refers to retarget.o(i.fputc) for fputc
    rtentry2.o(.ARM.Collect$$rtentry$$00000008) refers to boardinit2.o(.text) for _platform_post_stackheap_init
    rtentry2.o(.ARM.Collect$$rtentry$$0000000A) refers to libinit.o(.ARM.Collect$$libinit$$00000000) for __rt_lib_init
    rtentry2.o(.ARM.Collect$$rtentry$$0000000B) refers to boardinit3.o(.text) for _platform_post_lib_init
    rtentry2.o(.ARM.Collect$$rtentry$$0000000D) refers to main.o(i.main) for main
    rtentry2.o(.ARM.Collect$$rtentry$$0000000D) refers to exit.o(.text) for exit
    rtentry2.o(.ARM.exidx) refers to rtentry2.o(.ARM.Collect$$rtentry$$00000001) for .ARM.Collect$$rtentry$$00000001
    rtentry2.o(.ARM.exidx) refers to rtentry2.o(.ARM.Collect$$rtentry$$00000008) for .ARM.Collect$$rtentry$$00000008
    rtentry2.o(.ARM.exidx) refers to rtentry2.o(.ARM.Collect$$rtentry$$0000000A) for .ARM.Collect$$rtentry$$0000000A
    rtentry2.o(.ARM.exidx) refers to rtentry2.o(.ARM.Collect$$rtentry$$0000000B) for .ARM.Collect$$rtentry$$0000000B
    rtentry2.o(.ARM.exidx) refers to rtentry2.o(.ARM.Collect$$rtentry$$0000000D) for .ARM.Collect$$rtentry$$0000000D
    rtentry4.o(.ARM.Collect$$rtentry$$00000004) refers to sys_stackheap_outer.o(.text) for __user_setup_stackheap
    rtentry4.o(.ARM.exidx) refers to rtentry4.o(.ARM.Collect$$rtentry$$00000004) for .ARM.Collect$$rtentry$$00000004
    _printf_char_common.o(.text) refers to __printf.o(.text) for __printf
    sys_stackheap_outer.o(.text) refers to libspace.o(.text) for __user_perproc_libspace
    sys_stackheap_outer.o(.text) refers to startup_rvmdk.o(.text) for __user_initial_stackheap
    exit.o(.text) refers to rtexit.o(.ARM.Collect$$rtexit$$00000000) for __rt_exit
    libinit.o(.ARM.Collect$$libinit$$00000000) refers (Special) to libinit2.o(.ARM.Collect$$libinit$$0000002C) for __rt_lib_init_alloca_1
    libinit.o(.ARM.Collect$$libinit$$00000000) refers (Special) to libinit2.o(.ARM.Collect$$libinit$$0000002A) for __rt_lib_init_argv_1
    libinit.o(.ARM.Collect$$libinit$$00000000) refers (Special) to libinit2.o(.ARM.Collect$$libinit$$00000019) for __rt_lib_init_atexit_1
    libinit.o(.ARM.Collect$$libinit$$00000000) refers (Special) to libinit2.o(.ARM.Collect$$libinit$$0000001F) for __rt_lib_init_clock_1
    libinit.o(.ARM.Collect$$libinit$$00000000) refers (Special) to libinit2.o(.ARM.Collect$$libinit$$00000030) for __rt_lib_init_cpp_1
    libinit.o(.ARM.Collect$$libinit$$00000000) refers (Special) to libinit2.o(.ARM.Collect$$libinit$$0000002E) for __rt_lib_init_exceptions_1
    libinit.o(.ARM.Collect$$libinit$$00000000) refers (Special) to libinit2.o(.ARM.Collect$$libinit$$00000001) for __rt_lib_init_fp_1
    libinit.o(.ARM.Collect$$libinit$$00000000) refers (Special) to libinit2.o(.ARM.Collect$$libinit$$0000001D) for __rt_lib_init_fp_trap_1
    libinit.o(.ARM.Collect$$libinit$$00000000) refers (Special) to libinit2.o(.ARM.Collect$$libinit$$00000021) for __rt_lib_init_getenv_1
    libinit.o(.ARM.Collect$$libinit$$00000000) refers (Special) to libinit2.o(.ARM.Collect$$libinit$$00000008) for __rt_lib_init_heap_1
    libinit.o(.ARM.Collect$$libinit$$00000000) refers (Special) to libinit2.o(.ARM.Collect$$libinit$$0000000F) for __rt_lib_init_lc_collate_1
    libinit.o(.ARM.Collect$$libinit$$00000000) refers (Special) to libinit2.o(.ARM.Collect$$libinit$$00000011) for __rt_lib_init_lc_ctype_1
    libinit.o(.ARM.Collect$$libinit$$00000000) refers (Special) to libinit2.o(.ARM.Collect$$libinit$$00000013) for __rt_lib_init_lc_monetary_1
    libinit.o(.ARM.Collect$$libinit$$00000000) refers (Special) to libinit2.o(.ARM.Collect$$libinit$$00000015) for __rt_lib_init_lc_numeric_1
    libinit.o(.ARM.Collect$$libinit$$00000000) refers (Special) to libinit2.o(.ARM.Collect$$libinit$$00000017) for __rt_lib_init_lc_time_1
    libinit.o(.ARM.Collect$$libinit$$00000000) refers (Special) to libinit2.o(.ARM.Collect$$libinit$$0000000C) for __rt_lib_init_rand_1
    libinit.o(.ARM.Collect$$libinit$$00000000) refers (Special) to libinit2.o(.ARM.Collect$$libinit$$00000031) for __rt_lib_init_return
    libinit.o(.ARM.Collect$$libinit$$00000000) refers (Special) to libinit2.o(.ARM.Collect$$libinit$$0000001B) for __rt_lib_init_signal_1
    libinit.o(.ARM.Collect$$libinit$$00000000) refers (Special) to libinit2.o(.ARM.Collect$$libinit$$00000023) for __rt_lib_init_stdio_1
    libinit.o(.ARM.Collect$$libinit$$00000000) refers (Special) to libinit2.o(.ARM.Collect$$libinit$$0000000A) for __rt_lib_init_user_alloc_1
    libspace.o(.text) refers to libspace.o(.bss) for __libspace_start
    rtexit.o(.ARM.Collect$$rtexit$$00000000) refers (Special) to rtexit2.o(.ARM.Collect$$rtexit$$00000004) for __rt_exit_exit
    rtexit.o(.ARM.Collect$$rtexit$$00000000) refers (Special) to rtexit2.o(.ARM.Collect$$rtexit$$00000003) for __rt_exit_ls
    rtexit.o(.ARM.Collect$$rtexit$$00000000) refers (Special) to rtexit2.o(.ARM.Collect$$rtexit$$00000002) for __rt_exit_prels_1
    rtexit.o(.ARM.exidx) refers (Special) to rtexit2.o(.ARM.Collect$$rtexit$$00000004) for __rt_exit_exit
    rtexit.o(.ARM.exidx) refers (Special) to rtexit2.o(.ARM.Collect$$rtexit$$00000003) for __rt_exit_ls
    rtexit.o(.ARM.exidx) refers (Special) to rtexit2.o(.ARM.Collect$$rtexit$$00000002) for __rt_exit_prels_1
    rtexit.o(.ARM.exidx) refers to rtexit.o(.ARM.Collect$$rtexit$$00000000) for .ARM.Collect$$rtexit$$00000000
    libinit2.o(.ARM.Collect$$libinit$$00000001) refers to fpinit.o(x$fpl$fpinit) for _fp_init
    libinit2.o(.ARM.Collect$$libinit$$0000000E) refers to libinit2.o(.ARM.Collect$$libinit$$0000000D) for .ARM.Collect$$libinit$$0000000D
    libinit2.o(.ARM.Collect$$libinit$$00000010) refers to libinit2.o(.ARM.Collect$$libinit$$0000000D) for .ARM.Collect$$libinit$$0000000D
    libinit2.o(.ARM.Collect$$libinit$$00000012) refers to libinit2.o(.ARM.Collect$$libinit$$0000000D) for .ARM.Collect$$libinit$$0000000D
    libinit2.o(.ARM.Collect$$libinit$$00000014) refers to libinit2.o(.ARM.Collect$$libinit$$0000000D) for .ARM.Collect$$libinit$$0000000D
    libinit2.o(.ARM.Collect$$libinit$$00000016) refers to libinit2.o(.ARM.Collect$$libinit$$0000000D) for .ARM.Collect$$libinit$$0000000D
    libinit2.o(.ARM.Collect$$libinit$$00000024) refers to argv_veneer.o(.emb_text) for __ARM_argv_veneer
    libinit2.o(.ARM.Collect$$libinit$$00000025) refers to argv_veneer.o(.emb_text) for __ARM_argv_veneer
    rtexit2.o(.ARM.Collect$$rtexit$$00000003) refers to libshutdown.o(.ARM.Collect$$libshutdown$$00000000) for __rt_lib_shutdown
    rtexit2.o(.ARM.Collect$$rtexit$$00000004) refers to retarget.o(i._sys_exit) for _sys_exit
    rtexit2.o(.ARM.exidx) refers to rtexit2.o(.ARM.Collect$$rtexit$$00000001) for .ARM.Collect$$rtexit$$00000001
    rtexit2.o(.ARM.exidx) refers to rtexit2.o(.ARM.Collect$$rtexit$$00000003) for .ARM.Collect$$rtexit$$00000003
    rtexit2.o(.ARM.exidx) refers to rtexit2.o(.ARM.Collect$$rtexit$$00000004) for .ARM.Collect$$rtexit$$00000004
    argv_veneer.o(.emb_text) refers to no_argv.o(.text) for __ARM_get_argv
    _get_argv_nomalloc.o(.text) refers (Special) to hrguard.o(.text) for __heap_region$guard
    _get_argv_nomalloc.o(.text) refers to defsig_rtmem_outer.o(.text) for __rt_SIGRTMEM
    _get_argv_nomalloc.o(.text) refers to sys_command.o(.text) for _sys_command_string
    libshutdown.o(.ARM.Collect$$libshutdown$$00000000) refers (Special) to libshutdown2.o(.ARM.Collect$$libshutdown$$00000006) for __rt_lib_shutdown_fp_trap_1
    libshutdown.o(.ARM.Collect$$libshutdown$$00000000) refers (Special) to libshutdown2.o(.ARM.Collect$$libshutdown$$0000000E) for __rt_lib_shutdown_heap_1
    libshutdown.o(.ARM.Collect$$libshutdown$$00000000) refers (Special) to libshutdown2.o(.ARM.Collect$$libshutdown$$0000000F) for __rt_lib_shutdown_return
    libshutdown.o(.ARM.Collect$$libshutdown$$00000000) refers (Special) to libshutdown2.o(.ARM.Collect$$libshutdown$$00000009) for __rt_lib_shutdown_signal_1
    libshutdown.o(.ARM.Collect$$libshutdown$$00000000) refers (Special) to libshutdown2.o(.ARM.Collect$$libshutdown$$00000003) for __rt_lib_shutdown_stdio_1
    libshutdown.o(.ARM.Collect$$libshutdown$$00000000) refers (Special) to libshutdown2.o(.ARM.Collect$$libshutdown$$0000000B) for __rt_lib_shutdown_user_alloc_1
    sys_command.o(.text) refers (Special) to use_no_semi.o(.text) for __I$use$semihosting
    sys_command.o(.text) refers (Special) to indicate_semi.o(.text) for __semihosting_library_function
    defsig_rtmem_outer.o(.text) refers to defsig_rtmem_inner.o(.text) for __rt_SIGRTMEM_inner
    defsig_rtmem_outer.o(.text) refers to defsig_exit.o(.text) for __sig_exit
    defsig_rtmem_formal.o(.text) refers to rt_raise.o(.text) for __rt_raise
    rt_raise.o(.text) refers to __raise.o(.text) for __raise
    rt_raise.o(.text) refers to retarget.o(i._sys_exit) for _sys_exit
    defsig_exit.o(.text) refers to retarget.o(i._sys_exit) for _sys_exit
    defsig_rtmem_inner.o(.text) refers to defsig_general.o(.text) for __default_signal_display
    __raise.o(.text) refers to defsig.o(CL$$defsig) for __default_signal_handler
    defsig_general.o(.text) refers to retarget.o(i._ttywrch) for _ttywrch
    defsig.o(CL$$defsig) refers to defsig_rtmem_inner.o(.text) for __rt_SIGRTMEM_inner
    defsig_abrt_inner.o(.text) refers to defsig_general.o(.text) for __default_signal_display
    defsig_fpe_inner.o(.text) refers to defsig_general.o(.text) for __default_signal_display
    defsig_rtred_inner.o(.text) refers to defsig_general.o(.text) for __default_signal_display
    defsig_stak_inner.o(.text) refers to defsig_general.o(.text) for __default_signal_display
    defsig_pvfn_inner.o(.text) refers to defsig_general.o(.text) for __default_signal_display
    defsig_cppl_inner.o(.text) refers to defsig_general.o(.text) for __default_signal_display
    defsig_segv_inner.o(.text) refers to defsig_general.o(.text) for __default_signal_display
    defsig_other.o(.text) refers to defsig_general.o(.text) for __default_signal_display


==============================================================================

Removing Unused input sections from the image.

    Removing templatefsm.o(i.InitTemplateFSM), (32 bytes).
    Removing templatefsm.o(i.PostTemplateFSM), (16 bytes).
    Removing templatefsm.o(i.QueryTemplateFSM), (12 bytes).
    Removing templatefsm.o(i.RunTemplateFSM), (44 bytes).
    Removing templatefsm.o(.data), (2 bytes).
    Removing es_shorttimer.o(i.ES_ShortTimerInit), (56 bytes).
    Removing es_shorttimer.o(i.ES_ShortTimerStart), (96 bytes).
    Removing admulti.o(i.ADC_MultiRead), (56 bytes).
    Removing hardware.o(i.ReadDOGTag), (36 bytes).
    Removing hardware.o(i.SetDirectionThrust), (60 bytes).
    Removing hardware.o(i.SetDutyIndicator), (88 bytes).
    Removing hardware.o(i.SetDutyThrustFan), (112 bytes).
    Removing hardware.o(i.SetLeftBrakePosition), (28 bytes).
    Removing hardware.o(i.SetRightBrakePosition), (28 bytes).
    Removing hardware.o(.data), (12 bytes).
    Removing es_deferrecall.o(i.ES_RecallEvents), (44 bytes).
    Removing es_framework.o(i.ES_PostAll), (72 bytes).
    Removing es_framework.o(i.ES_PostToServiceLIFO), (48 bytes).
    Removing es_port.o(i.ConsoleInit), (80 bytes).
    Removing es_port.o(i._HW_GetTickCount), (12 bytes).
    Removing es_queue.o(i.ES_EnQueueLIFO), (72 bytes).
    Removing es_queue.o(i.ES_IsQueueEmpty), (12 bytes).
    Removing es_timers.o(i.ES_Timer_GetTime), (4 bytes).
    Removing es_timers.o(i.ES_Timer_SetTimer), (40 bytes).
    Removing es_timers.o(i.ES_Timer_StartTimer), (48 bytes).
    Removing es_timers.o(i.ES_Timer_StopTimer), (36 bytes).
    Removing retarget.o(i._ttywrch), (6 bytes).
    Removing uartstdio.o(i.UARTgets), (132 bytes).
    Removing uartstdio.o(i.UARTprintf), (18 bytes).
    Removing uartstdio.o(i.UARTvprintf), (436 bytes).
    Removing uartstdio.o(i.UARTwrite), (60 bytes).
    Removing gpio.o(i.GPIOADCTriggerDisable), (14 bytes).
    Removing gpio.o(i.GPIOADCTriggerEnable), (14 bytes).
    Removing gpio.o(i.GPIODMATriggerDisable), (14 bytes).
    Removing gpio.o(i.GPIODMATriggerEnable), (14 bytes).
    Removing gpio.o(i.GPIODirModeGet), (34 bytes).
    Removing gpio.o(i.GPIOIntClear), (6 bytes).
    Removing gpio.o(i.GPIOIntDisable), (14 bytes).
    Removing gpio.o(i.GPIOIntEnable), (14 bytes).
    Removing gpio.o(i.GPIOIntRegister), (88 bytes).
    Removing gpio.o(i.GPIOIntStatus), (14 bytes).
    Removing gpio.o(i.GPIOIntTypeGet), (68 bytes).
    Removing gpio.o(i.GPIOIntTypeSet), (80 bytes).
    Removing gpio.o(i.GPIOIntUnregister), (88 bytes).
    Removing gpio.o(i.GPIOPadConfigGet), (204 bytes).
    Removing gpio.o(i.GPIOPinRead), (6 bytes).
    Removing gpio.o(i.GPIOPinTypeADC), (28 bytes).
    Removing gpio.o(i.GPIOPinTypeCAN), (28 bytes).
    Removing gpio.o(i.GPIOPinTypeCIR), (28 bytes).
    Removing gpio.o(i.GPIOPinTypeComparator), (28 bytes).
    Removing gpio.o(i.GPIOPinTypeEPI), (28 bytes).
    Removing gpio.o(i.GPIOPinTypeEthernetLED), (28 bytes).
    Removing gpio.o(i.GPIOPinTypeEthernetMII), (28 bytes).
    Removing gpio.o(i.GPIOPinTypeGPIOInput), (28 bytes).
    Removing gpio.o(i.GPIOPinTypeGPIOOutput), (28 bytes).
    Removing gpio.o(i.GPIOPinTypeGPIOOutputOD), (28 bytes).
    Removing gpio.o(i.GPIOPinTypeI2C), (28 bytes).
    Removing gpio.o(i.GPIOPinTypeI2CSCL), (28 bytes).
    Removing gpio.o(i.GPIOPinTypeKBColumn), (28 bytes).
    Removing gpio.o(i.GPIOPinTypeKBRow), (28 bytes).
    Removing gpio.o(i.GPIOPinTypeLCD), (28 bytes).
    Removing gpio.o(i.GPIOPinTypeLEDSeq), (28 bytes).
    Removing gpio.o(i.GPIOPinTypeLPC), (28 bytes).
    Removing gpio.o(i.GPIOPinTypePECIRx), (28 bytes).
    Removing gpio.o(i.GPIOPinTypePECITx), (28 bytes).
    Removing gpio.o(i.GPIOPinTypePWM), (28 bytes).
    Removing gpio.o(i.GPIOPinTypeQEI), (28 bytes).
    Removing gpio.o(i.GPIOPinTypeSSI), (28 bytes).
    Removing gpio.o(i.GPIOPinTypeTimer), (28 bytes).
    Removing gpio.o(i.GPIOPinTypeUSBAnalog), (28 bytes).
    Removing gpio.o(i.GPIOPinTypeUSBDigital), (28 bytes).
    Removing gpio.o(i.GPIOPinTypeWakeHigh), (30 bytes).
    Removing gpio.o(i.GPIOPinTypeWakeLow), (30 bytes).
    Removing gpio.o(i.GPIOPinWakeStatus), (6 bytes).
    Removing gpio.o(i.GPIOPinWrite), (6 bytes).
    Removing interrupt.o(i.IntDisable), (100 bytes).
    Removing interrupt.o(i.IntEnable), (100 bytes).
    Removing interrupt.o(i.IntIsEnabled), (96 bytes).
    Removing interrupt.o(i.IntMasterDisable), (14 bytes).
    Removing interrupt.o(i.IntPendClear), (68 bytes).
    Removing interrupt.o(i.IntPendSet), (84 bytes).
    Removing interrupt.o(i.IntPriorityGet), (28 bytes).
    Removing interrupt.o(i.IntPriorityGroupingGet), (36 bytes).
    Removing interrupt.o(i.IntPriorityGroupingSet), (28 bytes).
    Removing interrupt.o(i.IntPriorityMaskGet), (4 bytes).
    Removing interrupt.o(i.IntPriorityMaskSet), (4 bytes).
    Removing interrupt.o(i.IntPrioritySet), (40 bytes).
    Removing interrupt.o(i.IntRegister), (52 bytes).
    Removing interrupt.o(i.IntTrigger), (12 bytes).
    Removing interrupt.o(i.IntUnregister), (20 bytes).
    Removing interrupt.o(i._IntDefaultHandler), (2 bytes).
    Removing interrupt.o(.constdata), (268 bytes).
    Removing interrupt.o(vtable), (620 bytes).
    Removing sysctl.o(i.SysCtlAltClkConfig), (12 bytes).
    Removing sysctl.o(i.SysCtlClockFreqSet), (712 bytes).
    Removing sysctl.o(i.SysCtlClockGet), (356 bytes).
    Removing sysctl.o(i.SysCtlClockOutConfig), (16 bytes).
    Removing sysctl.o(i.SysCtlDeepSleep), (32 bytes).
    Removing sysctl.o(i.SysCtlDeepSleepClockConfigSet), (112 bytes).
    Removing sysctl.o(i.SysCtlDeepSleepClockSet), (12 bytes).
    Removing sysctl.o(i.SysCtlDeepSleepPowerSet), (12 bytes).
    Removing sysctl.o(i.SysCtlFlashSectorSizeGet), (56 bytes).
    Removing sysctl.o(i.SysCtlFlashSizeGet), (56 bytes).
    Removing sysctl.o(i.SysCtlGPIOAHBDisable), (28 bytes).
    Removing sysctl.o(i.SysCtlGPIOAHBEnable), (24 bytes).
    Removing sysctl.o(i.SysCtlIntClear), (12 bytes).
    Removing sysctl.o(i.SysCtlIntDisable), (16 bytes).
    Removing sysctl.o(i.SysCtlIntEnable), (16 bytes).
    Removing sysctl.o(i.SysCtlIntRegister), (20 bytes).
    Removing sysctl.o(i.SysCtlIntStatus), (16 bytes).
    Removing sysctl.o(i.SysCtlIntUnregister), (18 bytes).
    Removing sysctl.o(i.SysCtlLDODeepSleepGet), (12 bytes).
    Removing sysctl.o(i.SysCtlLDODeepSleepSet), (12 bytes).
    Removing sysctl.o(i.SysCtlLDOSleepGet), (12 bytes).
    Removing sysctl.o(i.SysCtlLDOSleepSet), (12 bytes).
    Removing sysctl.o(i.SysCtlMOSCConfigSet), (12 bytes).
    Removing sysctl.o(i.SysCtlNMIClear), (16 bytes).
    Removing sysctl.o(i.SysCtlNMIStatus), (12 bytes).
    Removing sysctl.o(i.SysCtlPIOSCCalibrate), (76 bytes).
    Removing sysctl.o(i.SysCtlPWMClockGet), (24 bytes).
    Removing sysctl.o(i.SysCtlPWMClockSet), (20 bytes).
    Removing sysctl.o(i.SysCtlPeripheralClockGating), (68 bytes).
    Removing sysctl.o(i.SysCtlPeripheralDeepSleepDisable), (40 bytes).
    Removing sysctl.o(i.SysCtlPeripheralDeepSleepEnable), (40 bytes).
    Removing sysctl.o(i.SysCtlPeripheralDisable), (40 bytes).
    Removing sysctl.o(i.SysCtlPeripheralPowerOff), (40 bytes).
    Removing sysctl.o(i.SysCtlPeripheralPowerOn), (40 bytes).
    Removing sysctl.o(i.SysCtlPeripheralPresent), (44 bytes).
    Removing sysctl.o(i.SysCtlPeripheralReady), (44 bytes).
    Removing sysctl.o(i.SysCtlPeripheralReset), (60 bytes).
    Removing sysctl.o(i.SysCtlPeripheralSleepDisable), (40 bytes).
    Removing sysctl.o(i.SysCtlPeripheralSleepEnable), (40 bytes).
    Removing sysctl.o(i.SysCtlReset), (16 bytes).
    Removing sysctl.o(i.SysCtlResetBehaviorGet), (12 bytes).
    Removing sysctl.o(i.SysCtlResetBehaviorSet), (12 bytes).
    Removing sysctl.o(i.SysCtlResetCauseClear), (16 bytes).
    Removing sysctl.o(i.SysCtlResetCauseGet), (12 bytes).
    Removing sysctl.o(i.SysCtlSRAMSizeGet), (16 bytes).
    Removing sysctl.o(i.SysCtlSleep), (4 bytes).
    Removing sysctl.o(i.SysCtlSleepPowerSet), (12 bytes).
    Removing sysctl.o(i.SysCtlUSBPLLDisable), (16 bytes).
    Removing sysctl.o(i.SysCtlUSBPLLEnable), (16 bytes).
    Removing sysctl.o(i.SysCtlVoltageEventClear), (16 bytes).
    Removing sysctl.o(i.SysCtlVoltageEventConfig), (12 bytes).
    Removing sysctl.o(i.SysCtlVoltageEventStatus), (12 bytes).
    Removing sysctl.o(.constdata), (452 bytes).
    Removing systick.o(i.SysTickDisable), (14 bytes).
    Removing systick.o(i.SysTickIntDisable), (14 bytes).
    Removing systick.o(i.SysTickIntRegister), (24 bytes).
    Removing systick.o(i.SysTickIntUnregister), (18 bytes).
    Removing systick.o(i.SysTickPeriodGet), (10 bytes).
    Removing systick.o(i.SysTickValueGet), (8 bytes).
    Removing timer.o(i.TimerADCEventGet), (4 bytes).
    Removing timer.o(i.TimerADCEventSet), (4 bytes).
    Removing timer.o(i.TimerClockSourceGet), (6 bytes).
    Removing timer.o(i.TimerClockSourceSet), (6 bytes).
    Removing timer.o(i.TimerConfigure), (96 bytes).
    Removing timer.o(i.TimerControlEvent), (18 bytes).
    Removing timer.o(i.TimerControlLevel), (22 bytes).
    Removing timer.o(i.TimerControlStall), (22 bytes).
    Removing timer.o(i.TimerControlTrigger), (76 bytes).
    Removing timer.o(i.TimerControlWaitOnTrigger), (48 bytes).
    Removing timer.o(i.TimerDMAEventGet), (4 bytes).
    Removing timer.o(i.TimerDMAEventSet), (4 bytes).
    Removing timer.o(i.TimerDisable), (16 bytes).
    Removing timer.o(i.TimerEnable), (14 bytes).
    Removing timer.o(i.TimerIntDisable), (10 bytes).
    Removing timer.o(i.TimerIntEnable), (8 bytes).
    Removing timer.o(i.TimerIntRegister), (104 bytes).
    Removing timer.o(i.TimerIntStatus), (10 bytes).
    Removing timer.o(i.TimerIntUnregister), (104 bytes).
    Removing timer.o(i.TimerLoadGet), (10 bytes).
    Removing timer.o(i.TimerLoadGet64), (14 bytes).
    Removing timer.o(i.TimerLoadSet), (18 bytes).
    Removing timer.o(i.TimerLoadSet64), (6 bytes).
    Removing timer.o(i.TimerMatchGet), (10 bytes).
    Removing timer.o(i.TimerMatchGet64), (14 bytes).
    Removing timer.o(i.TimerMatchSet), (18 bytes).
    Removing timer.o(i.TimerMatchSet64), (6 bytes).
    Removing timer.o(i.TimerPrescaleGet), (10 bytes).
    Removing timer.o(i.TimerPrescaleMatchGet), (10 bytes).
    Removing timer.o(i.TimerPrescaleMatchSet), (18 bytes).
    Removing timer.o(i.TimerPrescaleSet), (18 bytes).
    Removing timer.o(i.TimerRTCDisable), (10 bytes).
    Removing timer.o(i.TimerRTCEnable), (10 bytes).
    Removing timer.o(i.TimerSynchronize), (4 bytes).
    Removing timer.o(i.TimerUpdateMode), (42 bytes).
    Removing timer.o(i.TimerValueGet), (10 bytes).
    Removing timer.o(i.TimerValueGet64), (14 bytes).
    Removing timer.o(.constdata), (160 bytes).
    Removing uart.o(i.UART9BitAddrSend), (38 bytes).
    Removing uart.o(i.UART9BitAddrSet), (10 bytes).
    Removing uart.o(i.UART9BitDisable), (14 bytes).
    Removing uart.o(i.UART9BitEnable), (14 bytes).
    Removing uart.o(i.UARTBreakCtl), (18 bytes).
    Removing uart.o(i.UARTBusy), (8 bytes).
    Removing uart.o(i.UARTCharGet), (12 bytes).
    Removing uart.o(i.UARTCharGetNonBlocking), (16 bytes).
    Removing uart.o(i.UARTCharPutNonBlocking), (16 bytes).
    Removing uart.o(i.UARTCharsAvail), (10 bytes).
    Removing uart.o(i.UARTClockSourceGet), (6 bytes).
    Removing uart.o(i.UARTConfigGetExpClk), (46 bytes).
    Removing uart.o(i.UARTConfigSetExpClk), (110 bytes).
    Removing uart.o(i.UARTDMADisable), (10 bytes).
    Removing uart.o(i.UARTDMAEnable), (8 bytes).
    Removing uart.o(i.UARTDisable), (30 bytes).
    Removing uart.o(i.UARTDisableSIR), (10 bytes).
    Removing uart.o(i.UARTEnable), (20 bytes).
    Removing uart.o(i.UARTEnableSIR), (18 bytes).
    Removing uart.o(i.UARTFIFODisable), (10 bytes).
    Removing uart.o(i.UARTFIFOEnable), (10 bytes).
    Removing uart.o(i.UARTFIFOLevelGet), (16 bytes).
    Removing uart.o(i.UARTFIFOLevelSet), (6 bytes).
    Removing uart.o(i.UARTFlowControlGet), (8 bytes).
    Removing uart.o(i.UARTFlowControlSet), (12 bytes).
    Removing uart.o(i.UARTIntClear), (4 bytes).
    Removing uart.o(i.UARTIntDisable), (10 bytes).
    Removing uart.o(i.UARTIntEnable), (8 bytes).
    Removing uart.o(i.UARTIntRegister), (88 bytes).
    Removing uart.o(i.UARTIntStatus), (10 bytes).
    Removing uart.o(i.UARTIntUnregister), (88 bytes).
    Removing uart.o(i.UARTModemControlClear), (14 bytes).
    Removing uart.o(i.UARTModemControlGet), (8 bytes).
    Removing uart.o(i.UARTModemControlSet), (12 bytes).
    Removing uart.o(i.UARTModemStatusGet), (10 bytes).
    Removing uart.o(i.UARTParityModeGet), (8 bytes).
    Removing uart.o(i.UARTParityModeSet), (12 bytes).
    Removing uart.o(i.UARTRxErrorClear), (6 bytes).
    Removing uart.o(i.UARTRxErrorGet), (8 bytes).
    Removing uart.o(i.UARTSmartCardDisable), (10 bytes).
    Removing uart.o(i.UARTSmartCardEnable), (22 bytes).
    Removing uart.o(i.UARTSpaceAvail), (10 bytes).
    Removing uart.o(i.UARTTxIntModeGet), (8 bytes).
    Removing uart.o(i.UARTTxIntModeSet), (12 bytes).
    Removing uart.o(.constdata), (128 bytes).

235 unused section(s) (total 9690 bytes) removed from the image.

==============================================================================

Image Symbol Table

    Local Symbols

    Symbol Name                              Value     Ov Type        Size  Object(Section)

    RESET                                    0x00000000   Section      648  startup_rvmdk.o(RESET)
    ../clib/angel/boardlib.s                 0x00000000   Number         0  boardshut.o ABSOLUTE
    ../clib/angel/boardlib.s                 0x00000000   Number         0  boardinit2.o ABSOLUTE
    ../clib/angel/boardlib.s                 0x00000000   Number         0  boardinit1.o ABSOLUTE
    ../clib/angel/boardlib.s                 0x00000000   Number         0  boardinit3.o ABSOLUTE
    ../clib/angel/handlers.s                 0x00000000   Number         0  __scatter_copy.o ABSOLUTE
    ../clib/angel/handlers.s                 0x00000000   Number         0  __scatter_zi.o ABSOLUTE
    ../clib/angel/kernel.s                   0x00000000   Number         0  rtexit2.o ABSOLUTE
    ../clib/angel/kernel.s                   0x00000000   Number         0  rtexit.o ABSOLUTE
    ../clib/angel/kernel.s                   0x00000000   Number         0  rtentry4.o ABSOLUTE
    ../clib/angel/kernel.s                   0x00000000   Number         0  rtentry2.o ABSOLUTE
    ../clib/angel/kernel.s                   0x00000000   Number         0  rtentry.o ABSOLUTE
    ../clib/angel/rt.s                       0x00000000   Number         0  rt_raise.o ABSOLUTE
    ../clib/angel/scatter.s                  0x00000000   Number         0  __scatter.o ABSOLUTE
    ../clib/angel/startup.s                  0x00000000   Number         0  __main.o ABSOLUTE
    ../clib/angel/sys.s                      0x00000000   Number         0  indicate_semi.o ABSOLUTE
    ../clib/angel/sys.s                      0x00000000   Number         0  libspace.o ABSOLUTE
    ../clib/angel/sys.s                      0x00000000   Number         0  use_no_semi.o ABSOLUTE
    ../clib/angel/sys.s                      0x00000000   Number         0  sys_stackheap_outer.o ABSOLUTE
    ../clib/angel/sysapp.c                   0x00000000   Number         0  sys_command.o ABSOLUTE
    ../clib/armsys.c                         0x00000000   Number         0  argv_veneer.o ABSOLUTE
    ../clib/armsys.c                         0x00000000   Number         0  argv_veneer.o ABSOLUTE
    ../clib/armsys.c                         0x00000000   Number         0  no_argv.o ABSOLUTE
    ../clib/armsys.c                         0x00000000   Number         0  _get_argv_nomalloc.o ABSOLUTE
    ../clib/heapalloc.c                      0x00000000   Number         0  hrguard.o ABSOLUTE
    ../clib/heapaux.c                        0x00000000   Number         0  heapauxi.o ABSOLUTE
    ../clib/libinit.s                        0x00000000   Number         0  libshutdown.o ABSOLUTE
    ../clib/libinit.s                        0x00000000   Number         0  libshutdown2.o ABSOLUTE
    ../clib/libinit.s                        0x00000000   Number         0  libinit.o ABSOLUTE
    ../clib/libinit.s                        0x00000000   Number         0  libinit2.o ABSOLUTE
    ../clib/printf.c                         0x00000000   Number         0  _printf_char_file.o ABSOLUTE
    ../clib/printf.c                         0x00000000   Number         0  _printf_char.o ABSOLUTE
    ../clib/printf.c                         0x00000000   Number         0  _printf_intcommon.o ABSOLUTE
    ../clib/printf.c                         0x00000000   Number         0  _printf_dec.o ABSOLUTE
    ../clib/printf.c                         0x00000000   Number         0  __printf_wp.o ABSOLUTE
    ../clib/printf.c                         0x00000000   Number         0  __printf_flags_wp.o ABSOLUTE
    ../clib/printf.c                         0x00000000   Number         0  __printf_ss_wp.o ABSOLUTE
    ../clib/printf.c                         0x00000000   Number         0  __printf_ss.o ABSOLUTE
    ../clib/printf.c                         0x00000000   Number         0  __printf_flags.o ABSOLUTE
    ../clib/printf.c                         0x00000000   Number         0  noretval__2printf.o ABSOLUTE
    ../clib/printf.c                         0x00000000   Number         0  __printf.o ABSOLUTE
    ../clib/printf.c                         0x00000000   Number         0  __printf_flags_ss_wp.o ABSOLUTE
    ../clib/printf.c                         0x00000000   Number         0  __printf_flags_ss.o ABSOLUTE
    ../clib/printf.c                         0x00000000   Number         0  __printf_nopercent.o ABSOLUTE
    ../clib/printf.c                         0x00000000   Number         0  _printf_str.o ABSOLUTE
    ../clib/printf.c                         0x00000000   Number         0  _printf_char_common.o ABSOLUTE
    ../clib/printf.c                         0x00000000   Number         0  __2printf.o ABSOLUTE
    ../clib/printf_percent.s                 0x00000000   Number         0  _printf_d.o ABSOLUTE
    ../clib/printf_percent.s                 0x00000000   Number         0  _printf_s.o ABSOLUTE
    ../clib/printf_percent.s                 0x00000000   Number         0  _printf_percent_end.o ABSOLUTE
    ../clib/printf_percent.s                 0x00000000   Number         0  _printf_percent.o ABSOLUTE
    ../clib/signal.c                         0x00000000   Number         0  defsig_exit.o ABSOLUTE
    ../clib/signal.c                         0x00000000   Number         0  defsig_rtmem_inner.o ABSOLUTE
    ../clib/signal.c                         0x00000000   Number         0  defsig_general.o ABSOLUTE
    ../clib/signal.c                         0x00000000   Number         0  defsig_abrt_inner.o ABSOLUTE
    ../clib/signal.c                         0x00000000   Number         0  defsig_fpe_inner.o ABSOLUTE
    ../clib/signal.c                         0x00000000   Number         0  defsig_rtmem_outer.o ABSOLUTE
    ../clib/signal.c                         0x00000000   Number         0  defsig_rtred_inner.o ABSOLUTE
    ../clib/signal.c                         0x00000000   Number         0  defsig_stak_inner.o ABSOLUTE
    ../clib/signal.c                         0x00000000   Number         0  defsig_pvfn_inner.o ABSOLUTE
    ../clib/signal.c                         0x00000000   Number         0  defsig_cppl_inner.o ABSOLUTE
    ../clib/signal.c                         0x00000000   Number         0  defsig_segv_inner.o ABSOLUTE
    ../clib/signal.c                         0x00000000   Number         0  defsig_rtmem_formal.o ABSOLUTE
    ../clib/signal.c                         0x00000000   Number         0  __raise.o ABSOLUTE
    ../clib/signal.c                         0x00000000   Number         0  defsig_other.o ABSOLUTE
    ../clib/signal.s                         0x00000000   Number         0  defsig.o ABSOLUTE
    ../clib/stdio.c                          0x00000000   Number         0  puts.o ABSOLUTE
    ../clib/stdio.c                          0x00000000   Number         0  getc.o ABSOLUTE
    ../clib/stdlib.c                         0x00000000   Number         0  exit.o ABSOLUTE
    ../fplib/fpinit.s                        0x00000000   Number         0  fpinit.o ABSOLUTE
    Source\ADMulti.c                         0x00000000   Number         0  admulti.o ABSOLUTE
    Source\ES_CheckEvents.c                  0x00000000   Number         0  es_checkevents.o ABSOLUTE
    Source\ES_DeferRecall.c                  0x00000000   Number         0  es_deferrecall.o ABSOLUTE
    Source\ES_Framework.c                    0x00000000   Number         0  es_framework.o ABSOLUTE
    Source\ES_LookupTables.c                 0x00000000   Number         0  es_lookuptables.o ABSOLUTE
    Source\ES_Port.c                         0x00000000   Number         0  es_port.o ABSOLUTE
    Source\ES_PostList.c                     0x00000000   Number         0  es_postlist.o ABSOLUTE
    Source\ES_Queue.c                        0x00000000   Number         0  es_queue.o ABSOLUTE
    Source\ES_ShortTimer.c                   0x00000000   Number         0  es_shorttimer.o ABSOLUTE
    Source\ES_Timers.c                       0x00000000   Number         0  es_timers.o ABSOLUTE
    Source\EventCheckers.c                   0x00000000   Number         0  eventcheckers.o ABSOLUTE
    Source\Hardware.c                        0x00000000   Number         0  hardware.o ABSOLUTE
    Source\I2C_Service.c                     0x00000000   Number         0  i2c_service.o ABSOLUTE
    Source\TemplateFSM.c                     0x00000000   Number         0  templatefsm.o ABSOLUTE
    Source\main.c                            0x00000000   Number         0  main.o ABSOLUTE
    Source\retarget.c                        0x00000000   Number         0  retarget.o ABSOLUTE
    Source\termio.c                          0x00000000   Number         0  termio.o ABSOLUTE
    Source\uartstdio.c                       0x00000000   Number         0  uartstdio.o ABSOLUTE
    StartUp\startup_rvmdk.S                  0x00000000   Number         0  startup_rvmdk.o ABSOLUTE
    cpu.c                                    0x00000000   Number         0  cpu.o ABSOLUTE
    cpu.c                                    0x00000000   Number         0  cpu.o ABSOLUTE
    dc.s                                     0x00000000   Number         0  dc.o ABSOLUTE
    gpio.c                                   0x00000000   Number         0  gpio.o ABSOLUTE
    interrupt.c                              0x00000000   Number         0  interrupt.o ABSOLUTE
    sysctl.c                                 0x00000000   Number         0  sysctl.o ABSOLUTE
    sysctl.c                                 0x00000000   Number         0  sysctl.o ABSOLUTE
    systick.c                                0x00000000   Number         0  systick.o ABSOLUTE
    timer.c                                  0x00000000   Number         0  timer.o ABSOLUTE
    uart.c                                   0x00000000   Number         0  uart.o ABSOLUTE
    $v0                                      0x0000026c   Number         0  startup_rvmdk.o(RESET)
    NmiSR                                    0x00000281   Thumb Code     0  startup_rvmdk.o(RESET)
    FaultISR                                 0x00000283   Thumb Code     0  startup_rvmdk.o(RESET)
    IntDefaultHandler                        0x00000285   Thumb Code     0  startup_rvmdk.o(RESET)
    !!!main                                  0x00000288   Section        8  __main.o(!!!main)
    !!!scatter                               0x00000290   Section       52  __scatter.o(!!!scatter)
    !!handler_copy                           0x000002c4   Section       26  __scatter_copy.o(!!handler_copy)
    !!handler_zi                             0x000002e0   Section       28  __scatter_zi.o(!!handler_zi)
    .ARM.Collect$$_printf_percent$$00000000  0x000002fc   Section        0  _printf_percent.o(.ARM.Collect$$_printf_percent$$00000000)
    .ARM.Collect$$_printf_percent$$00000009  0x000002fc   Section        6  _printf_d.o(.ARM.Collect$$_printf_percent$$00000009)
    .ARM.Collect$$_printf_percent$$00000014  0x00000302   Section        6  _printf_s.o(.ARM.Collect$$_printf_percent$$00000014)
    .ARM.Collect$$_printf_percent$$00000017  0x00000308   Section        4  _printf_percent_end.o(.ARM.Collect$$_printf_percent$$00000017)
    .ARM.Collect$$libinit$$00000000          0x0000030c   Section        2  libinit.o(.ARM.Collect$$libinit$$00000000)
    .ARM.Collect$$libinit$$00000001          0x0000030e   Section        4  libinit2.o(.ARM.Collect$$libinit$$00000001)
    .ARM.Collect$$libinit$$00000008          0x00000312   Section        0  libinit2.o(.ARM.Collect$$libinit$$00000008)
    .ARM.Collect$$libinit$$0000000A          0x00000312   Section        0  libinit2.o(.ARM.Collect$$libinit$$0000000A)
    .ARM.Collect$$libinit$$0000000C          0x00000312   Section        0  libinit2.o(.ARM.Collect$$libinit$$0000000C)
    .ARM.Collect$$libinit$$0000000F          0x00000312   Section        0  libinit2.o(.ARM.Collect$$libinit$$0000000F)
    .ARM.Collect$$libinit$$00000011          0x00000312   Section        0  libinit2.o(.ARM.Collect$$libinit$$00000011)
    .ARM.Collect$$libinit$$00000013          0x00000312   Section        0  libinit2.o(.ARM.Collect$$libinit$$00000013)
    .ARM.Collect$$libinit$$00000015          0x00000312   Section        0  libinit2.o(.ARM.Collect$$libinit$$00000015)
    .ARM.Collect$$libinit$$00000017          0x00000312   Section        0  libinit2.o(.ARM.Collect$$libinit$$00000017)
    .ARM.Collect$$libinit$$00000019          0x00000312   Section        0  libinit2.o(.ARM.Collect$$libinit$$00000019)
    .ARM.Collect$$libinit$$0000001B          0x00000312   Section        0  libinit2.o(.ARM.Collect$$libinit$$0000001B)
    .ARM.Collect$$libinit$$0000001D          0x00000312   Section        0  libinit2.o(.ARM.Collect$$libinit$$0000001D)
    .ARM.Collect$$libinit$$0000001F          0x00000312   Section        0  libinit2.o(.ARM.Collect$$libinit$$0000001F)
    .ARM.Collect$$libinit$$00000021          0x00000312   Section        0  libinit2.o(.ARM.Collect$$libinit$$00000021)
    .ARM.Collect$$libinit$$00000023          0x00000312   Section        0  libinit2.o(.ARM.Collect$$libinit$$00000023)
    .ARM.Collect$$libinit$$0000002A          0x00000312   Section        0  libinit2.o(.ARM.Collect$$libinit$$0000002A)
    .ARM.Collect$$libinit$$0000002C          0x00000312   Section        0  libinit2.o(.ARM.Collect$$libinit$$0000002C)
    .ARM.Collect$$libinit$$0000002E          0x00000312   Section        0  libinit2.o(.ARM.Collect$$libinit$$0000002E)
    .ARM.Collect$$libinit$$00000030          0x00000312   Section        0  libinit2.o(.ARM.Collect$$libinit$$00000030)
    .ARM.Collect$$libinit$$00000031          0x00000312   Section        2  libinit2.o(.ARM.Collect$$libinit$$00000031)
    .ARM.Collect$$libshutdown$$00000000      0x00000314   Section        2  libshutdown.o(.ARM.Collect$$libshutdown$$00000000)
    .ARM.Collect$$libshutdown$$00000003      0x00000316   Section        0  libshutdown2.o(.ARM.Collect$$libshutdown$$00000003)
    .ARM.Collect$$libshutdown$$00000006      0x00000316   Section        0  libshutdown2.o(.ARM.Collect$$libshutdown$$00000006)
    .ARM.Collect$$libshutdown$$00000009      0x00000316   Section        0  libshutdown2.o(.ARM.Collect$$libshutdown$$00000009)
    .ARM.Collect$$libshutdown$$0000000B      0x00000316   Section        0  libshutdown2.o(.ARM.Collect$$libshutdown$$0000000B)
    .ARM.Collect$$libshutdown$$0000000E      0x00000316   Section        0  libshutdown2.o(.ARM.Collect$$libshutdown$$0000000E)
    .ARM.Collect$$libshutdown$$0000000F      0x00000316   Section        2  libshutdown2.o(.ARM.Collect$$libshutdown$$0000000F)
    .ARM.Collect$$rtentry$$00000000          0x00000318   Section        0  rtentry.o(.ARM.Collect$$rtentry$$00000000)
    .ARM.Collect$$rtentry$$00000002          0x00000318   Section        0  rtentry2.o(.ARM.Collect$$rtentry$$00000002)
    .ARM.Collect$$rtentry$$00000004          0x00000318   Section        6  rtentry4.o(.ARM.Collect$$rtentry$$00000004)
    .ARM.Collect$$rtentry$$00000009          0x0000031e   Section        0  rtentry2.o(.ARM.Collect$$rtentry$$00000009)
    .ARM.Collect$$rtentry$$0000000A          0x0000031e   Section        4  rtentry2.o(.ARM.Collect$$rtentry$$0000000A)
    .ARM.Collect$$rtentry$$0000000C          0x00000322   Section        0  rtentry2.o(.ARM.Collect$$rtentry$$0000000C)
    .ARM.Collect$$rtentry$$0000000D          0x00000322   Section        8  rtentry2.o(.ARM.Collect$$rtentry$$0000000D)
    .ARM.Collect$$rtexit$$00000000           0x0000032a   Section        2  rtexit.o(.ARM.Collect$$rtexit$$00000000)
    .ARM.Collect$$rtexit$$00000002           0x0000032c   Section        0  rtexit2.o(.ARM.Collect$$rtexit$$00000002)
    .ARM.Collect$$rtexit$$00000003           0x0000032c   Section        4  rtexit2.o(.ARM.Collect$$rtexit$$00000003)
    .ARM.Collect$$rtexit$$00000004           0x00000330   Section        6  rtexit2.o(.ARM.Collect$$rtexit$$00000004)
    .emb_text                                0x00000338   Section        6  sysctl.o(.emb_text)
    $v0                                      0x00000338   Number         0  sysctl.o(.emb_text)
    .emb_text                                0x00000340   Section       38  cpu.o(.emb_text)
    $v0                                      0x00000340   Number         0  cpu.o(.emb_text)
    .text                                    0x00000368   Section       24  startup_rvmdk.o(.text)
    $v0                                      0x00000368   Number         0  startup_rvmdk.o(.text)
    .text                                    0x00000380   Section        2  use_no_semi.o(.text)
    .text                                    0x00000384   Section        0  noretval__2printf.o(.text)
    .text                                    0x0000039c   Section        0  __printf.o(.text)
    .text                                    0x00000404   Section        0  _printf_str.o(.text)
    .text                                    0x00000458   Section        0  _printf_dec.o(.text)
    .text                                    0x000004cc   Section        0  getc.o(.text)
    .text                                    0x000004d0   Section        0  puts.o(.text)
    .text                                    0x000004fc   Section        0  heapauxi.o(.text)
    .text                                    0x00000502   Section        0  _printf_intcommon.o(.text)
    .text                                    0x000005b4   Section        0  _printf_char.o(.text)
    .text                                    0x000005e0   Section        0  _printf_char_file.o(.text)
    .text                                    0x00000604   Section        0  _printf_char_common.o(.text)
    _printf_input_char                       0x00000605   Thumb Code    10  _printf_char_common.o(.text)
    .text                                    0x00000634   Section       74  sys_stackheap_outer.o(.text)
    .text                                    0x0000067e   Section        0  exit.o(.text)
    .text                                    0x0000068c   Section        8  libspace.o(.text)
    i.ADC_MultiInit                          0x00000694   Section        0  admulti.o(i.ADC_MultiInit)
    i.CPUgetPRIMASK_cpsid                    0x0000075c   Section        0  es_port.o(i.CPUgetPRIMASK_cpsid)
    i.CPUsetPRIMASK                          0x00000764   Section        0  es_port.o(i.CPUsetPRIMASK)
    i.Check4Keystroke                        0x0000076c   Section        0  eventcheckers.o(i.Check4Keystroke)
    i.ES_CheckUserEvents                     0x00000784   Section        0  es_checkevents.o(i.ES_CheckUserEvents)
    i.ES_DeQueue                             0x000007ac   Section        0  es_queue.o(i.ES_DeQueue)
    i.ES_EnQueueFIFO                         0x00000800   Section        0  es_queue.o(i.ES_EnQueueFIFO)
    i.ES_GetMSBitSet                         0x00000848   Section        0  es_lookuptables.o(i.ES_GetMSBitSet)
    i.ES_InitQueue                           0x0000087c   Section        0  es_queue.o(i.ES_InitQueue)
    i.ES_Initialize                          0x0000088c   Section        0  es_framework.o(i.ES_Initialize)
    i.ES_PostToService                       0x000008d8   Section        0  es_framework.o(i.ES_PostToService)
    i.ES_Run                                 0x00000908   Section        0  es_framework.o(i.ES_Run)
    i.ES_Timer_Init                          0x00000968   Section        0  es_timers.o(i.ES_Timer_Init)
    i.ES_Timer_InitTimer                     0x0000096c   Section        0  es_timers.o(i.ES_Timer_InitTimer)
    i.ES_Timer_Tick_Resp                     0x000009a8   Section        0  es_timers.o(i.ES_Timer_Tick_Resp)
    i.GPIODirModeSet                         0x00000a14   Section        0  gpio.o(i.GPIODirModeSet)
    i.GPIOPadConfigSet                       0x00000a3c   Section        0  gpio.o(i.GPIOPadConfigSet)
    i.GPIOPinConfigure                       0x00000b78   Section        0  gpio.o(i.GPIOPinConfigure)
    i.GPIOPinTypeUART                        0x00000bc0   Section        0  gpio.o(i.GPIOPinTypeUART)
    i.Hardware_Init                          0x00000bdc   Section        0  hardware.o(i.Hardware_Init)
    i.I2C_Init                               0x00000c50   Section        0  hardware.o(i.I2C_Init)
    I2C_Init                                 0x00000c51   Thumb Code   134  hardware.o(i.I2C_Init)
    i.Init_I2C                               0x00000ce8   Section        0  i2c_service.o(i.Init_I2C)
    i.IntMasterEnable                        0x00000d00   Section        0  interrupt.o(i.IntMasterEnable)
    i.PWM_Init                               0x00000d10   Section        0  hardware.o(i.PWM_Init)
    PWM_Init                                 0x00000d11   Thumb Code   164  hardware.o(i.PWM_Init)
    i.Post_I2C                               0x00000dd0   Section        0  i2c_service.o(i.Post_I2C)
    i.Read_I2C                               0x00000de0   Section        0  i2c_service.o(i.Read_I2C)
    Read_I2C                                 0x00000de1   Thumb Code    92  i2c_service.o(i.Read_I2C)
    i.Run_I2C                                0x00000e40   Section        0  i2c_service.o(i.Run_I2C)
    i.ShortTimerAHandler                     0x00000e84   Section        0  es_shorttimer.o(i.ShortTimerAHandler)
    i.ShortTimerBHandler                     0x00000eb8   Section        0  es_shorttimer.o(i.ShortTimerBHandler)
    i.SysCtlClockSet                         0x00000ef0   Section        0  sysctl.o(i.SysCtlClockSet)
    i.SysCtlPeripheralEnable                 0x00001010   Section        0  sysctl.o(i.SysCtlPeripheralEnable)
    i.SysTickEnable                          0x00001038   Section        0  systick.o(i.SysTickEnable)
    i.SysTickIntEnable                       0x00001046   Section        0  systick.o(i.SysTickIntEnable)
    i.SysTickIntHandler                      0x00001054   Section        0  es_port.o(i.SysTickIntHandler)
    i.SysTickPeriodSet                       0x00001068   Section        0  systick.o(i.SysTickPeriodSet)
    i.TERMIO_GetChar                         0x00001072   Section        0  termio.o(i.TERMIO_GetChar)
    i.TERMIO_Init                            0x00001078   Section        0  termio.o(i.TERMIO_Init)
    i.TERMIO_PutChar                         0x000010c8   Section        0  termio.o(i.TERMIO_PutChar)
    i.TimerIntClear                          0x000010d4   Section        0  timer.o(i.TimerIntClear)
    i.UARTCharPut                            0x000010d8   Section        0  uart.o(i.UARTCharPut)
    i.UARTClockSourceSet                     0x000010e4   Section        0  uart.o(i.UARTClockSourceSet)
    i.UARTStdioConfig                        0x000010ec   Section        0  uartstdio.o(i.UARTStdioConfig)
    i.UARTgetc                               0x00001148   Section        0  uartstdio.o(i.UARTgetc)
    i._HW_Process_Pending_Ints               0x00001160   Section        0  es_port.o(i._HW_Process_Pending_Ints)
    i._HW_Timer_Init                         0x00001180   Section        0  es_port.o(i._HW_Timer_Init)
    i._sys_exit                              0x00001196   Section        0  retarget.o(i._sys_exit)
    i.ferror                                 0x00001198   Section        0  retarget.o(i.ferror)
    i.fgetc                                  0x0000119e   Section        0  retarget.o(i.fgetc)
    i.fputc                                  0x000011a2   Section        0  retarget.o(i.fputc)
    i.kbhit                                  0x000011b0   Section        0  termio.o(i.kbhit)
    i.main                                   0x000011c4   Section        0  main.o(i.main)
    x$fpl$fpinit                             0x00001398   Section       10  fpinit.o(x$fpl$fpinit)
    $v0                                      0x00001398   Number         0  fpinit.o(x$fpl$fpinit)
    .constdata                               0x000013a4   Section       48  admulti.o(.constdata)
    HowMany2Mask                             0x000013a4   Data          16  admulti.o(.constdata)
    HowMany2Mux                              0x000013b4   Data          16  admulti.o(.constdata)
    HowMany2CTL                              0x000013c4   Data          16  admulti.o(.constdata)
    .constdata                               0x000013d4   Section        4  es_checkevents.o(.constdata)
    ES_EventList                             0x000013d4   Data           4  es_checkevents.o(.constdata)
    .constdata                               0x000013d8   Section       16  es_framework.o(.constdata)
    ServDescList                             0x000013d8   Data           8  es_framework.o(.constdata)
    EventQueues                              0x000013e0   Data           8  es_framework.o(.constdata)
    .constdata                               0x000013e8   Section       32  es_lookuptables.o(.constdata)
    .constdata                               0x00001408   Section       15  es_lookuptables.o(.constdata)
    .constdata                               0x00001418   Section       64  es_timers.o(.constdata)
    Timer2PostFunc                           0x00001418   Data          64  es_timers.o(.constdata)
    .constdata                               0x00001458   Section       28  uartstdio.o(.constdata)
    g_pcHex                                  0x00001458   Data           4  uartstdio.o(.constdata)
    g_ui32UARTBase                           0x0000145c   Data          12  uartstdio.o(.constdata)
    g_ui32UARTPeriph                         0x00001468   Data          12  uartstdio.o(.constdata)
    .constdata                               0x00001474   Section      528  gpio.o(.constdata)
    g_ppui32GPIOIntMapBlizzard               0x00001474   Data         192  gpio.o(.constdata)
    g_ppui32GPIOIntMapSnowflake              0x00001534   Data         192  gpio.o(.constdata)
    g_pui32GPIOBaseAddrs                     0x000015f4   Data         144  gpio.o(.constdata)
    .conststring                             0x00001684   Section       17  uartstdio.o(.conststring)
    .data                                    0x20000000   Section        2  es_shorttimer.o(.data)
    Timer_A_Priority                         0x20000000   Data           1  es_shorttimer.o(.data)
    Timer_B_Priority                         0x20000001   Data           1  es_shorttimer.o(.data)
    .data                                    0x20000002   Section        1  admulti.o(.data)
    NumChannelsConverting                    0x20000002   Data           1  admulti.o(.data)
    .data                                    0x20000003   Section        2  i2c_service.o(.data)
    CurrentState                             0x20000003   Data           1  i2c_service.o(.data)
    MyPriority                               0x20000004   Data           1  i2c_service.o(.data)
    .data                                    0x20000006   Section        6  es_framework.o(.data)
    ThisEvent                                0x20000008   Data           4  es_framework.o(.data)
    .data                                    0x2000000c   Section        4  es_port.o(.data)
    TickCount                                0x2000000c   Data           1  es_port.o(.data)
    SysTickCounter                           0x2000000e   Data           2  es_port.o(.data)
    .data                                    0x20000010   Section        4  es_queue.o(.data)
    .data                                    0x20000014   Section       10  es_timers.o(.data)
    NextTimer2Process                        0x20000014   Data           1  es_timers.o(.data)
    NeedsProcessing                          0x20000016   Data           2  es_timers.o(.data)
    TMR_ActiveFlags                          0x20000018   Data           2  es_timers.o(.data)
    NewEvent                                 0x2000001a   Data           4  es_timers.o(.data)
    .data                                    0x20000020   Section        4  retarget.o(.data)
    .data                                    0x20000024   Section        4  retarget.o(.data)
    .data                                    0x20000028   Section        8  uartstdio.o(.data)
    bLastWasCR                               0x20000028   Data           1  uartstdio.o(.data)
    g_ui32Base                               0x2000002c   Data           4  uartstdio.o(.data)
    .bss                                     0x20000030   Section       24  es_framework.o(.bss)
    Queue0                                   0x20000030   Data          24  es_framework.o(.bss)
    .bss                                     0x20000048   Section       32  es_timers.o(.bss)
    TMR_TimerArray                           0x20000048   Data          32  es_timers.o(.bss)
    .bss                                     0x20000068   Section       96  libspace.o(.bss)
    HEAP                                     0x200000c8   Section        0  startup_rvmdk.o(HEAP)
    STACK                                    0x200000c8   Section     2048  startup_rvmdk.o(STACK)
    HeapMem                                  0x200000c8   Data           0  startup_rvmdk.o(HEAP)
    StackMem                                 0x200000c8   Data           0  startup_rvmdk.o(STACK)

    Global Symbols

    Symbol Name                              Value     Ov Type        Size  Object(Section)

    BuildAttributes$$THM_ISAv4$E$P$D$K$B$S$7EM$VFPi3$EXTD16$VFPS$VFMA$PE$A:L22UL41UL21$X:L11$S22US41US21$IEEE1$IW$USESV6$~STKCKD$USESV7$~SHL$OTIME$ROPI$EBA8$UX$STANDARDLIB$REQ8$PRES8$EABIv2 0x00000000   Number         0  anon$$obj.o ABSOLUTE
    __ARM_use_no_argv                        0x00000000   Number         0  main.o ABSOLUTE
    __Vectors                                0x00000000   Data           0  startup_rvmdk.o(RESET)
    __ARM_exceptions_init                     - Undefined Weak Reference
    __alloca_initialize                       - Undefined Weak Reference
    __cpp_initialize__aeabi_                  - Undefined Weak Reference
    __cxa_finalize                            - Undefined Weak Reference
    __rt_locale                               - Undefined Weak Reference
    __sigvec_lookup                           - Undefined Weak Reference
    _atexit_init                              - Undefined Weak Reference
    _call_atexit_fns                          - Undefined Weak Reference
    _clock_init                               - Undefined Weak Reference
    _fp_trap_init                             - Undefined Weak Reference
    _fp_trap_shutdown                         - Undefined Weak Reference
    _get_lc_collate                           - Undefined Weak Reference
    _get_lc_ctype                             - Undefined Weak Reference
    _get_lc_monetary                          - Undefined Weak Reference
    _get_lc_numeric                           - Undefined Weak Reference
    _get_lc_time                              - Undefined Weak Reference
    _getenv_init                              - Undefined Weak Reference
    _handle_redirection                       - Undefined Weak Reference
    _init_alloc                               - Undefined Weak Reference
    _init_user_alloc                          - Undefined Weak Reference
    _initio                                   - Undefined Weak Reference
    _printf_mbtowc                            - Undefined Weak Reference
    _printf_post_padding                      - Undefined Weak Reference
    _printf_pre_padding                       - Undefined Weak Reference
    _printf_truncate_signed                   - Undefined Weak Reference
    _printf_truncate_unsigned                 - Undefined Weak Reference
    _rand_init                                - Undefined Weak Reference
    _signal_finish                            - Undefined Weak Reference
    _signal_init                              - Undefined Weak Reference
    _terminate_alloc                          - Undefined Weak Reference
    _terminate_user_alloc                     - Undefined Weak Reference
    _terminateio                              - Undefined Weak Reference
    Reset_Handler                            0x0000026d   Thumb Code     0  startup_rvmdk.o(RESET)
    __main                                   0x00000289   Thumb Code     8  __main.o(!!!main)
    __scatterload                            0x00000291   Thumb Code     0  __scatter.o(!!!scatter)
    __scatterload_rt2                        0x00000291   Thumb Code    44  __scatter.o(!!!scatter)
    __scatterload_rt2_thumb_only             0x00000291   Thumb Code     0  __scatter.o(!!!scatter)
    __scatterload_null                       0x0000029f   Thumb Code     0  __scatter.o(!!!scatter)
    __scatterload_copy                       0x000002c5   Thumb Code    26  __scatter_copy.o(!!handler_copy)
    __scatterload_zeroinit                   0x000002e1   Thumb Code    28  __scatter_zi.o(!!handler_zi)
    _printf_d                                0x000002fd   Thumb Code     0  _printf_d.o(.ARM.Collect$$_printf_percent$$00000009)
    _printf_percent                          0x000002fd   Thumb Code     0  _printf_percent.o(.ARM.Collect$$_printf_percent$$00000000)
    _printf_s                                0x00000303   Thumb Code     0  _printf_s.o(.ARM.Collect$$_printf_percent$$00000014)
    _printf_percent_end                      0x00000309   Thumb Code     0  _printf_percent_end.o(.ARM.Collect$$_printf_percent$$00000017)
    __rt_lib_init                            0x0000030d   Thumb Code     0  libinit.o(.ARM.Collect$$libinit$$00000000)
    __rt_lib_init_fp_1                       0x0000030f   Thumb Code     0  libinit2.o(.ARM.Collect$$libinit$$00000001)
    __rt_lib_init_alloca_1                   0x00000313   Thumb Code     0  libinit2.o(.ARM.Collect$$libinit$$0000002C)
    __rt_lib_init_argv_1                     0x00000313   Thumb Code     0  libinit2.o(.ARM.Collect$$libinit$$0000002A)
    __rt_lib_init_atexit_1                   0x00000313   Thumb Code     0  libinit2.o(.ARM.Collect$$libinit$$00000019)
    __rt_lib_init_clock_1                    0x00000313   Thumb Code     0  libinit2.o(.ARM.Collect$$libinit$$0000001F)
    __rt_lib_init_cpp_1                      0x00000313   Thumb Code     0  libinit2.o(.ARM.Collect$$libinit$$00000030)
    __rt_lib_init_exceptions_1               0x00000313   Thumb Code     0  libinit2.o(.ARM.Collect$$libinit$$0000002E)
    __rt_lib_init_fp_trap_1                  0x00000313   Thumb Code     0  libinit2.o(.ARM.Collect$$libinit$$0000001D)
    __rt_lib_init_getenv_1                   0x00000313   Thumb Code     0  libinit2.o(.ARM.Collect$$libinit$$00000021)
    __rt_lib_init_heap_1                     0x00000313   Thumb Code     0  libinit2.o(.ARM.Collect$$libinit$$00000008)
    __rt_lib_init_lc_collate_1               0x00000313   Thumb Code     0  libinit2.o(.ARM.Collect$$libinit$$0000000F)
    __rt_lib_init_lc_ctype_1                 0x00000313   Thumb Code     0  libinit2.o(.ARM.Collect$$libinit$$00000011)
    __rt_lib_init_lc_monetary_1              0x00000313   Thumb Code     0  libinit2.o(.ARM.Collect$$libinit$$00000013)
    __rt_lib_init_lc_numeric_1               0x00000313   Thumb Code     0  libinit2.o(.ARM.Collect$$libinit$$00000015)
    __rt_lib_init_lc_time_1                  0x00000313   Thumb Code     0  libinit2.o(.ARM.Collect$$libinit$$00000017)
    __rt_lib_init_rand_1                     0x00000313   Thumb Code     0  libinit2.o(.ARM.Collect$$libinit$$0000000C)
    __rt_lib_init_return                     0x00000313   Thumb Code     0  libinit2.o(.ARM.Collect$$libinit$$00000031)
    __rt_lib_init_signal_1                   0x00000313   Thumb Code     0  libinit2.o(.ARM.Collect$$libinit$$0000001B)
    __rt_lib_init_stdio_1                    0x00000313   Thumb Code     0  libinit2.o(.ARM.Collect$$libinit$$00000023)
    __rt_lib_init_user_alloc_1               0x00000313   Thumb Code     0  libinit2.o(.ARM.Collect$$libinit$$0000000A)
    __rt_lib_shutdown                        0x00000315   Thumb Code     0  libshutdown.o(.ARM.Collect$$libshutdown$$00000000)
    __rt_lib_shutdown_fp_trap_1              0x00000317   Thumb Code     0  libshutdown2.o(.ARM.Collect$$libshutdown$$00000006)
    __rt_lib_shutdown_heap_1                 0x00000317   Thumb Code     0  libshutdown2.o(.ARM.Collect$$libshutdown$$0000000E)
    __rt_lib_shutdown_return                 0x00000317   Thumb Code     0  libshutdown2.o(.ARM.Collect$$libshutdown$$0000000F)
    __rt_lib_shutdown_signal_1               0x00000317   Thumb Code     0  libshutdown2.o(.ARM.Collect$$libshutdown$$00000009)
    __rt_lib_shutdown_stdio_1                0x00000317   Thumb Code     0  libshutdown2.o(.ARM.Collect$$libshutdown$$00000003)
    __rt_lib_shutdown_user_alloc_1           0x00000317   Thumb Code     0  libshutdown2.o(.ARM.Collect$$libshutdown$$0000000B)
    __rt_entry                               0x00000319   Thumb Code     0  rtentry.o(.ARM.Collect$$rtentry$$00000000)
    __rt_entry_presh_1                       0x00000319   Thumb Code     0  rtentry2.o(.ARM.Collect$$rtentry$$00000002)
    __rt_entry_sh                            0x00000319   Thumb Code     0  rtentry4.o(.ARM.Collect$$rtentry$$00000004)
    __rt_entry_li                            0x0000031f   Thumb Code     0  rtentry2.o(.ARM.Collect$$rtentry$$0000000A)
    __rt_entry_postsh_1                      0x0000031f   Thumb Code     0  rtentry2.o(.ARM.Collect$$rtentry$$00000009)
    __rt_entry_main                          0x00000323   Thumb Code     0  rtentry2.o(.ARM.Collect$$rtentry$$0000000D)
    __rt_entry_postli_1                      0x00000323   Thumb Code     0  rtentry2.o(.ARM.Collect$$rtentry$$0000000C)
    __rt_exit                                0x0000032b   Thumb Code     0  rtexit.o(.ARM.Collect$$rtexit$$00000000)
    __rt_exit_ls                             0x0000032d   Thumb Code     0  rtexit2.o(.ARM.Collect$$rtexit$$00000003)
    __rt_exit_prels_1                        0x0000032d   Thumb Code     0  rtexit2.o(.ARM.Collect$$rtexit$$00000002)
    __rt_exit_exit                           0x00000331   Thumb Code     0  rtexit2.o(.ARM.Collect$$rtexit$$00000004)
    SysCtlDelay                              0x00000339   Thumb Code     6  sysctl.o(.emb_text)
    CPUcpsid                                 0x00000341   Thumb Code     8  cpu.o(.emb_text)
    CPUprimask                               0x00000349   Thumb Code     6  cpu.o(.emb_text)
    CPUcpsie                                 0x0000034f   Thumb Code     8  cpu.o(.emb_text)
    CPUwfi                                   0x00000357   Thumb Code     4  cpu.o(.emb_text)
    CPUbasepriSet                            0x0000035b   Thumb Code     6  cpu.o(.emb_text)
    CPUbasepriGet                            0x00000361   Thumb Code     6  cpu.o(.emb_text)
    __user_initial_stackheap                 0x00000369   Thumb Code     0  startup_rvmdk.o(.text)
    __I$use$semihosting                      0x00000381   Thumb Code     0  use_no_semi.o(.text)
    __use_no_semihosting_swi                 0x00000381   Thumb Code     2  use_no_semi.o(.text)
    __2printf                                0x00000385   Thumb Code    20  noretval__2printf.o(.text)
    __printf                                 0x0000039d   Thumb Code   104  __printf.o(.text)
    _printf_str                              0x00000405   Thumb Code    82  _printf_str.o(.text)
    _printf_int_dec                          0x00000459   Thumb Code   100  _printf_dec.o(.text)
    getc                                     0x000004cd   Thumb Code     4  getc.o(.text)
    puts                                     0x000004d1   Thumb Code    40  puts.o(.text)
    __use_two_region_memory                  0x000004fd   Thumb Code     2  heapauxi.o(.text)
    __rt_heap_escrow$2region                 0x000004ff   Thumb Code     2  heapauxi.o(.text)
    __rt_heap_expand$2region                 0x00000501   Thumb Code     2  heapauxi.o(.text)
    _printf_int_common                       0x00000503   Thumb Code   178  _printf_intcommon.o(.text)
    _printf_cs_common                        0x000005b5   Thumb Code    20  _printf_char.o(.text)
    _printf_char                             0x000005c9   Thumb Code    16  _printf_char.o(.text)
    _printf_string                           0x000005d9   Thumb Code     8  _printf_char.o(.text)
    _printf_char_file                        0x000005e1   Thumb Code    32  _printf_char_file.o(.text)
    _printf_char_common                      0x0000060f   Thumb Code    32  _printf_char_common.o(.text)
    __user_setup_stackheap                   0x00000635   Thumb Code    74  sys_stackheap_outer.o(.text)
    exit                                     0x0000067f   Thumb Code    12  exit.o(.text)
    __user_libspace                          0x0000068d   Thumb Code     8  libspace.o(.text)
    __user_perproc_libspace                  0x0000068d   Thumb Code     0  libspace.o(.text)
    __user_perthread_libspace                0x0000068d   Thumb Code     0  libspace.o(.text)
    ADC_MultiInit                            0x00000695   Thumb Code   170  admulti.o(i.ADC_MultiInit)
    CPUgetPRIMASK_cpsid                      0x0000075d   Thumb Code     8  es_port.o(i.CPUgetPRIMASK_cpsid)
    CPUsetPRIMASK                            0x00000765   Thumb Code     6  es_port.o(i.CPUsetPRIMASK)
    Check4Keystroke                          0x0000076d   Thumb Code    20  eventcheckers.o(i.Check4Keystroke)
    ES_CheckUserEvents                       0x00000785   Thumb Code    34  es_checkevents.o(i.ES_CheckUserEvents)
    ES_DeQueue                               0x000007ad   Thumb Code    80  es_queue.o(i.ES_DeQueue)
    ES_EnQueueFIFO                           0x00000801   Thumb Code    66  es_queue.o(i.ES_EnQueueFIFO)
    ES_GetMSBitSet                           0x00000849   Thumb Code    48  es_lookuptables.o(i.ES_GetMSBitSet)
    ES_InitQueue                             0x0000087d   Thumb Code    16  es_queue.o(i.ES_InitQueue)
    ES_Initialize                            0x0000088d   Thumb Code    72  es_framework.o(i.ES_Initialize)
    ES_PostToService                         0x000008d9   Thumb Code    34  es_framework.o(i.ES_PostToService)
    ES_Run                                   0x00000909   Thumb Code    84  es_framework.o(i.ES_Run)
    ES_Timer_Init                            0x00000969   Thumb Code     4  es_timers.o(i.ES_Timer_Init)
    ES_Timer_InitTimer                       0x0000096d   Thumb Code    44  es_timers.o(i.ES_Timer_InitTimer)
    ES_Timer_Tick_Resp                       0x000009a9   Thumb Code    90  es_timers.o(i.ES_Timer_Tick_Resp)
    GPIODirModeSet                           0x00000a15   Thumb Code    40  gpio.o(i.GPIODirModeSet)
    GPIOPadConfigSet                         0x00000a3d   Thumb Code   314  gpio.o(i.GPIOPadConfigSet)
    GPIOPinConfigure                         0x00000b79   Thumb Code    64  gpio.o(i.GPIOPinConfigure)
    GPIOPinTypeUART                          0x00000bc1   Thumb Code    28  gpio.o(i.GPIOPinTypeUART)
    Hardware_Init                            0x00000bdd   Thumb Code    92  hardware.o(i.Hardware_Init)
    Init_I2C                                 0x00000ce9   Thumb Code    20  i2c_service.o(i.Init_I2C)
    IntMasterEnable                          0x00000d01   Thumb Code    14  interrupt.o(i.IntMasterEnable)
    Post_I2C                                 0x00000dd1   Thumb Code    10  i2c_service.o(i.Post_I2C)
    Run_I2C                                  0x00000e41   Thumb Code    44  i2c_service.o(i.Run_I2C)
    ShortTimerAHandler                       0x00000e85   Thumb Code    42  es_shorttimer.o(i.ShortTimerAHandler)
    ShortTimerBHandler                       0x00000eb9   Thumb Code    46  es_shorttimer.o(i.ShortTimerBHandler)
    SysCtlClockSet                           0x00000ef1   Thumb Code   270  sysctl.o(i.SysCtlClockSet)
    SysCtlPeripheralEnable                   0x00001011   Thumb Code    36  sysctl.o(i.SysCtlPeripheralEnable)
    SysTickEnable                            0x00001039   Thumb Code    14  systick.o(i.SysTickEnable)
    SysTickIntEnable                         0x00001047   Thumb Code    14  systick.o(i.SysTickIntEnable)
    SysTickIntHandler                        0x00001055   Thumb Code    16  es_port.o(i.SysTickIntHandler)
    SysTickPeriodSet                         0x00001069   Thumb Code    10  systick.o(i.SysTickPeriodSet)
    TERMIO_GetChar                           0x00001073   Thumb Code     4  termio.o(i.TERMIO_GetChar)
    TERMIO_Init                              0x00001079   Thumb Code    62  termio.o(i.TERMIO_Init)
    TERMIO_PutChar                           0x000010c9   Thumb Code     8  termio.o(i.TERMIO_PutChar)
    TimerIntClear                            0x000010d5   Thumb Code     4  timer.o(i.TimerIntClear)
    UARTCharPut                              0x000010d9   Thumb Code    12  uart.o(i.UARTCharPut)
    UARTClockSourceSet                       0x000010e5   Thumb Code     6  uart.o(i.UARTClockSourceSet)
    UARTStdioConfig                          0x000010ed   Thumb Code    82  uartstdio.o(i.UARTStdioConfig)
    UARTgetc                                 0x00001149   Thumb Code    20  uartstdio.o(i.UARTgetc)
    _HW_Process_Pending_Ints                 0x00001161   Thumb Code    26  es_port.o(i._HW_Process_Pending_Ints)
    _HW_Timer_Init                           0x00001181   Thumb Code    22  es_port.o(i._HW_Timer_Init)
    _sys_exit                                0x00001197   Thumb Code     2  retarget.o(i._sys_exit)
    ferror                                   0x00001199   Thumb Code     6  retarget.o(i.ferror)
    fgetc                                    0x0000119f   Thumb Code     4  retarget.o(i.fgetc)
    fputc                                    0x000011a3   Thumb Code    14  retarget.o(i.fputc)
    kbhit                                    0x000011b1   Thumb Code    16  termio.o(i.kbhit)
    main                                     0x000011c5   Thumb Code   112  main.o(i.main)
    _fp_init                                 0x00001399   Thumb Code    10  fpinit.o(x$fpl$fpinit)
    __fplib_config_fpu_vfp                   0x000013a1   Thumb Code     0  fpinit.o(x$fpl$fpinit)
    __fplib_config_pureend_doubles           0x000013a1   Thumb Code     0  fpinit.o(x$fpl$fpinit)
    BitNum2SetMask                           0x000013e8   Data          32  es_lookuptables.o(.constdata)
    Nybble2MSBitNum                          0x00001408   Data          15  es_lookuptables.o(.constdata)
    Region$$Table$$Base                      0x00001698   Number         0  anon$$obj.o(Region$$Table)
    Region$$Table$$Limit                     0x000016b8   Number         0  anon$$obj.o(Region$$Table)
    Ready                                    0x20000006   Data           2  es_framework.o(.data)
    _PRIMASK_temp                            0x20000010   Data           4  es_queue.o(.data)
    __stdout                                 0x20000020   Data           4  retarget.o(.data)
    __stdin                                  0x20000024   Data           4  retarget.o(.data)
    __libspace_start                         0x20000068   Data          96  libspace.o(.bss)
    __temporary_stack_top$libspace           0x200000c8   Data           0  libspace.o(.bss)



==============================================================================

Memory Map of the image

  Image Entry point : 0x0000026d

  Load Region LR_IROM1 (Base: 0x00000000, Size: 0x000016e8, Max: 0x00040000, ABSOLUTE)

    Execution Region ER_IROM1 (Base: 0x00000000, Size: 0x000016b8, Max: 0x00040000, ABSOLUTE)

    Base Addr    Size         Type   Attr      Idx    E Section Name        Object

    0x00000000   0x00000288   Code   RO          347  * RESET               startup_rvmdk.o
    0x00000288   0x00000008   Code   RO         2174  * !!!main             c_w.l(__main.o)
    0x00000290   0x00000034   Code   RO         2333    !!!scatter          c_w.l(__scatter.o)
    0x000002c4   0x0000001a   Code   RO         2335    !!handler_copy      c_w.l(__scatter_copy.o)
    0x000002de   0x00000002   PAD
    0x000002e0   0x0000001c   Code   RO         2337    !!handler_zi        c_w.l(__scatter_zi.o)
    0x000002fc   0x00000000   Code   RO         2167    .ARM.Collect$$_printf_percent$$00000000  c_w.l(_printf_percent.o)
    0x000002fc   0x00000006   Code   RO         2166    .ARM.Collect$$_printf_percent$$00000009  c_w.l(_printf_d.o)
    0x00000302   0x00000006   Code   RO         2165    .ARM.Collect$$_printf_percent$$00000014  c_w.l(_printf_s.o)
    0x00000308   0x00000004   Code   RO         2183    .ARM.Collect$$_printf_percent$$00000017  c_w.l(_printf_percent_end.o)
    0x0000030c   0x00000002   Code   RO         2212    .ARM.Collect$$libinit$$00000000  c_w.l(libinit.o)
    0x0000030e   0x00000004   Code   RO         2218    .ARM.Collect$$libinit$$00000001  c_w.l(libinit2.o)
    0x00000312   0x00000000   Code   RO         2222    .ARM.Collect$$libinit$$00000008  c_w.l(libinit2.o)
    0x00000312   0x00000000   Code   RO         2224    .ARM.Collect$$libinit$$0000000A  c_w.l(libinit2.o)
    0x00000312   0x00000000   Code   RO         2226    .ARM.Collect$$libinit$$0000000C  c_w.l(libinit2.o)
    0x00000312   0x00000000   Code   RO         2229    .ARM.Collect$$libinit$$0000000F  c_w.l(libinit2.o)
    0x00000312   0x00000000   Code   RO         2231    .ARM.Collect$$libinit$$00000011  c_w.l(libinit2.o)
    0x00000312   0x00000000   Code   RO         2233    .ARM.Collect$$libinit$$00000013  c_w.l(libinit2.o)
    0x00000312   0x00000000   Code   RO         2235    .ARM.Collect$$libinit$$00000015  c_w.l(libinit2.o)
    0x00000312   0x00000000   Code   RO         2237    .ARM.Collect$$libinit$$00000017  c_w.l(libinit2.o)
    0x00000312   0x00000000   Code   RO         2239    .ARM.Collect$$libinit$$00000019  c_w.l(libinit2.o)
    0x00000312   0x00000000   Code   RO         2241    .ARM.Collect$$libinit$$0000001B  c_w.l(libinit2.o)
    0x00000312   0x00000000   Code   RO         2243    .ARM.Collect$$libinit$$0000001D  c_w.l(libinit2.o)
    0x00000312   0x00000000   Code   RO         2245    .ARM.Collect$$libinit$$0000001F  c_w.l(libinit2.o)
    0x00000312   0x00000000   Code   RO         2247    .ARM.Collect$$libinit$$00000021  c_w.l(libinit2.o)
    0x00000312   0x00000000   Code   RO         2249    .ARM.Collect$$libinit$$00000023  c_w.l(libinit2.o)
    0x00000312   0x00000000   Code   RO         2253    .ARM.Collect$$libinit$$0000002A  c_w.l(libinit2.o)
    0x00000312   0x00000000   Code   RO         2255    .ARM.Collect$$libinit$$0000002C  c_w.l(libinit2.o)
    0x00000312   0x00000000   Code   RO         2257    .ARM.Collect$$libinit$$0000002E  c_w.l(libinit2.o)
    0x00000312   0x00000000   Code   RO         2259    .ARM.Collect$$libinit$$00000030  c_w.l(libinit2.o)
    0x00000312   0x00000002   Code   RO         2260    .ARM.Collect$$libinit$$00000031  c_w.l(libinit2.o)
    0x00000314   0x00000002   Code   RO         2278    .ARM.Collect$$libshutdown$$00000000  c_w.l(libshutdown.o)
    0x00000316   0x00000000   Code   RO         2289    .ARM.Collect$$libshutdown$$00000003  c_w.l(libshutdown2.o)
    0x00000316   0x00000000   Code   RO         2292    .ARM.Collect$$libshutdown$$00000006  c_w.l(libshutdown2.o)
    0x00000316   0x00000000   Code   RO         2295    .ARM.Collect$$libshutdown$$00000009  c_w.l(libshutdown2.o)
    0x00000316   0x00000000   Code   RO         2297    .ARM.Collect$$libshutdown$$0000000B  c_w.l(libshutdown2.o)
    0x00000316   0x00000000   Code   RO         2300    .ARM.Collect$$libshutdown$$0000000E  c_w.l(libshutdown2.o)
    0x00000316   0x00000002   Code   RO         2301    .ARM.Collect$$libshutdown$$0000000F  c_w.l(libshutdown2.o)
    0x00000318   0x00000000   Code   RO         2176    .ARM.Collect$$rtentry$$00000000  c_w.l(rtentry.o)
    0x00000318   0x00000000   Code   RO         2185    .ARM.Collect$$rtentry$$00000002  c_w.l(rtentry2.o)
    0x00000318   0x00000006   Code   RO         2197    .ARM.Collect$$rtentry$$00000004  c_w.l(rtentry4.o)
    0x0000031e   0x00000000   Code   RO         2187    .ARM.Collect$$rtentry$$00000009  c_w.l(rtentry2.o)
    0x0000031e   0x00000004   Code   RO         2188    .ARM.Collect$$rtentry$$0000000A  c_w.l(rtentry2.o)
    0x00000322   0x00000000   Code   RO         2190    .ARM.Collect$$rtentry$$0000000C  c_w.l(rtentry2.o)
    0x00000322   0x00000008   Code   RO         2191    .ARM.Collect$$rtentry$$0000000D  c_w.l(rtentry2.o)
    0x0000032a   0x00000002   Code   RO         2216    .ARM.Collect$$rtexit$$00000000  c_w.l(rtexit.o)
    0x0000032c   0x00000000   Code   RO         2262    .ARM.Collect$$rtexit$$00000002  c_w.l(rtexit2.o)
    0x0000032c   0x00000004   Code   RO         2263    .ARM.Collect$$rtexit$$00000003  c_w.l(rtexit2.o)
    0x00000330   0x00000006   Code   RO         2264    .ARM.Collect$$rtexit$$00000004  c_w.l(rtexit2.o)
    0x00000336   0x00000002   PAD
    0x00000338   0x00000006   Code   RO         1185    .emb_text           driverlib.lib(sysctl.o)
    0x0000033e   0x00000002   PAD
    0x00000340   0x00000026   Code   RO         2121    .emb_text           driverlib.lib(cpu.o)
    0x00000366   0x00000002   PAD
    0x00000368   0x00000018   Code   RO          348    .text               startup_rvmdk.o
    0x00000380   0x00000002   Code   RO         2133    .text               c_w.l(use_no_semi.o)
    0x00000382   0x00000002   PAD
    0x00000384   0x00000018   Code   RO         2137    .text               c_w.l(noretval__2printf.o)
    0x0000039c   0x00000068   Code   RO         2139    .text               c_w.l(__printf.o)
    0x00000404   0x00000052   Code   RO         2141    .text               c_w.l(_printf_str.o)
    0x00000456   0x00000002   PAD
    0x00000458   0x00000074   Code   RO         2143    .text               c_w.l(_printf_dec.o)
    0x000004cc   0x00000004   Code   RO         2168    .text               c_w.l(getc.o)
    0x000004d0   0x0000002c   Code   RO         2170    .text               c_w.l(puts.o)
    0x000004fc   0x00000006   Code   RO         2172    .text               c_w.l(heapauxi.o)
    0x00000502   0x000000b2   Code   RO         2177    .text               c_w.l(_printf_intcommon.o)
    0x000005b4   0x0000002c   Code   RO         2179    .text               c_w.l(_printf_char.o)
    0x000005e0   0x00000024   Code   RO         2181    .text               c_w.l(_printf_char_file.o)
    0x00000604   0x00000030   Code   RO         2199    .text               c_w.l(_printf_char_common.o)
    0x00000634   0x0000004a   Code   RO         2201    .text               c_w.l(sys_stackheap_outer.o)
    0x0000067e   0x0000000c   Code   RO         2205    .text               c_w.l(exit.o)
    0x0000068a   0x00000002   PAD
    0x0000068c   0x00000008   Code   RO         2213    .text               c_w.l(libspace.o)
    0x00000694   0x000000c8   Code   RO          209    i.ADC_MultiInit     admulti.o
    0x0000075c   0x00000008   Code   RO          476    i.CPUgetPRIMASK_cpsid  es_port.o
    0x00000764   0x00000006   Code   RO          482    i.CPUsetPRIMASK     es_port.o
    0x0000076a   0x00000002   PAD
    0x0000076c   0x00000018   Code   RO           98    i.Check4Keystroke   eventcheckers.o
    0x00000784   0x00000028   Code   RO          354    i.ES_CheckUserEvents  es_checkevents.o
    0x000007ac   0x00000054   Code   RO          504    i.ES_DeQueue        es_queue.o
    0x00000800   0x00000048   Code   RO          505    i.ES_EnQueueFIFO    es_queue.o
    0x00000848   0x00000034   Code   RO          425    i.ES_GetMSBitSet    es_lookuptables.o
    0x0000087c   0x00000010   Code   RO          507    i.ES_InitQueue      es_queue.o
    0x0000088c   0x0000004c   Code   RO          380    i.ES_Initialize     es_framework.o
    0x000008d8   0x00000030   Code   RO          382    i.ES_PostToService  es_framework.o
    0x00000908   0x00000060   Code   RO          384    i.ES_Run            es_framework.o
    0x00000968   0x00000004   Code   RO          547    i.ES_Timer_Init     es_timers.o
    0x0000096c   0x0000003c   Code   RO          548    i.ES_Timer_InitTimer  es_timers.o
    0x000009a8   0x0000006c   Code   RO          552    i.ES_Timer_Tick_Resp  es_timers.o
    0x00000a14   0x00000028   Code   RO          748    i.GPIODirModeSet    driverlib.lib(gpio.o)
    0x00000a3c   0x0000013a   Code   RO          758    i.GPIOPadConfigSet  driverlib.lib(gpio.o)
    0x00000b76   0x00000002   PAD
    0x00000b78   0x00000048   Code   RO          759    i.GPIOPinConfigure  driverlib.lib(gpio.o)
    0x00000bc0   0x0000001c   Code   RO          784    i.GPIOPinTypeUART   driverlib.lib(gpio.o)
    0x00000bdc   0x00000074   Code   RO          236    i.Hardware_Init     hardware.o
    0x00000c50   0x00000098   Code   RO          237    i.I2C_Init          hardware.o
    0x00000ce8   0x00000018   Code   RO          314    i.Init_I2C          i2c_service.o
    0x00000d00   0x0000000e   Code   RO         1073    i.IntMasterEnable   driverlib.lib(interrupt.o)
    0x00000d0e   0x00000002   PAD
    0x00000d10   0x000000c0   Code   RO          238    i.PWM_Init          hardware.o
    0x00000dd0   0x00000010   Code   RO          315    i.Post_I2C          i2c_service.o
    0x00000de0   0x00000060   Code   RO          316    i.Read_I2C          i2c_service.o
    0x00000e40   0x00000044   Code   RO          317    i.Run_I2C           i2c_service.o
    0x00000e84   0x00000034   Code   RO          156    i.ShortTimerAHandler  es_shorttimer.o
    0x00000eb8   0x00000038   Code   RO          157    i.ShortTimerBHandler  es_shorttimer.o
    0x00000ef0   0x00000120   Code   RO         1190    i.SysCtlClockSet    driverlib.lib(sysctl.o)
    0x00001010   0x00000028   Code   RO         1219    i.SysCtlPeripheralEnable  driverlib.lib(sysctl.o)
    0x00001038   0x0000000e   Code   RO         1528    i.SysTickEnable     driverlib.lib(systick.o)
    0x00001046   0x0000000e   Code   RO         1530    i.SysTickIntEnable  driverlib.lib(systick.o)
    0x00001054   0x00000014   Code   RO          442    i.SysTickIntHandler  es_port.o
    0x00001068   0x0000000a   Code   RO         1534    i.SysTickPeriodSet  driverlib.lib(systick.o)
    0x00001072   0x00000004   Code   RO          648    i.TERMIO_GetChar    termio.o
    0x00001076   0x00000002   PAD
    0x00001078   0x00000050   Code   RO          649    i.TERMIO_Init       termio.o
    0x000010c8   0x0000000c   Code   RO          650    i.TERMIO_PutChar    termio.o
    0x000010d4   0x00000004   Code   RO         1604    i.TimerIntClear     driverlib.lib(timer.o)
    0x000010d8   0x0000000c   Code   RO         1840    i.UARTCharPut       driverlib.lib(uart.o)
    0x000010e4   0x00000006   Code   RO         1844    i.UARTClockSourceSet  driverlib.lib(uart.o)
    0x000010ea   0x00000002   PAD
    0x000010ec   0x0000005c   Code   RO          691    i.UARTStdioConfig   uartstdio.o
    0x00001148   0x00000018   Code   RO          692    i.UARTgetc          uartstdio.o
    0x00001160   0x00000020   Code   RO          444    i._HW_Process_Pending_Ints  es_port.o
    0x00001180   0x00000016   Code   RO          445    i._HW_Timer_Init    es_port.o
    0x00001196   0x00000002   Code   RO          598    i._sys_exit         retarget.o
    0x00001198   0x00000006   Code   RO          600    i.ferror            retarget.o
    0x0000119e   0x00000004   Code   RO          601    i.fgetc             retarget.o
    0x000011a2   0x0000000e   Code   RO          602    i.fputc             retarget.o
    0x000011b0   0x00000014   Code   RO          651    i.kbhit             termio.o
    0x000011c4   0x000001d4   Code   RO            1    i.main              main.o
    0x00001398   0x0000000a   Code   RO         2270    x$fpl$fpinit        fz_wm.l(fpinit.o)
    0x000013a2   0x00000002   PAD
    0x000013a4   0x00000030   Data   RO          211    .constdata          admulti.o
    0x000013d4   0x00000004   Data   RO          355    .constdata          es_checkevents.o
    0x000013d8   0x00000010   Data   RO          386    .constdata          es_framework.o
    0x000013e8   0x00000020   Data   RO          426    .constdata          es_lookuptables.o
    0x00001408   0x0000000f   Data   RO          427    .constdata          es_lookuptables.o
    0x00001417   0x00000001   PAD
    0x00001418   0x00000040   Data   RO          554    .constdata          es_timers.o
    0x00001458   0x0000001c   Data   RO          697    .constdata          uartstdio.o
    0x00001474   0x00000210   Data   RO          791    .constdata          driverlib.lib(gpio.o)
    0x00001684   0x00000011   Data   RO          698    .conststring        uartstdio.o
    0x00001695   0x00000003   PAD
    0x00001698   0x00000020   Data   RO         2331    Region$$Table       anon$$obj.o


    Execution Region RW_IRAM1 (Base: 0x20000000, Size: 0x000008c8, Max: 0x00008000, ABSOLUTE)

    Base Addr    Size         Type   Attr      Idx    E Section Name        Object

    0x20000000   0x00000002   Data   RW          158    .data               es_shorttimer.o
    0x20000002   0x00000001   Data   RW          212    .data               admulti.o
    0x20000003   0x00000002   Data   RW          318    .data               i2c_service.o
    0x20000005   0x00000001   PAD
    0x20000006   0x00000006   Data   RW          387    .data               es_framework.o
    0x2000000c   0x00000004   Data   RW          446    .data               es_port.o
    0x20000010   0x00000004   Data   RW          509    .data               es_queue.o
    0x20000014   0x0000000a   Data   RW          555    .data               es_timers.o
    0x2000001e   0x00000002   PAD
    0x20000020   0x00000004   Data   RW          603    .data               retarget.o
    0x20000024   0x00000004   Data   RW          604    .data               retarget.o
    0x20000028   0x00000008   Data   RW          699    .data               uartstdio.o
    0x20000030   0x00000018   Zero   RW          385    .bss                es_framework.o
    0x20000048   0x00000020   Zero   RW          553    .bss                es_timers.o
    0x20000068   0x00000060   Zero   RW         2214    .bss                c_w.l(libspace.o)
    0x200000c8   0x00000000   Zero   RW          346    HEAP                startup_rvmdk.o
    0x200000c8   0x00000800   Zero   RW          345    STACK               startup_rvmdk.o


==============================================================================

Image component sizes


      Code (inc. data)   RO Data    RW Data    ZI Data      Debug   Object Name

       200         30         48          1          0       1384   admulti.o
        40          6          4          0          0       1213   es_checkevents.o
       220         30         16          6         24       2912   es_framework.o
        52          4         47          0          0       1322   es_lookuptables.o
        88         10          0          4          0       3658   es_port.o
       172         10          0          4          0       2497   es_queue.o
       108         20          0          2          0       2144   es_shorttimer.o
       172         34         64         10         32       2454   es_timers.o
        24          4          0          0          0        906   eventcheckers.o
       460         70          0          0          0       2488   hardware.o
       204         38          0          2          0       3256   i2c_service.o
       468        356          0          0          0       9015   main.o
        26          0          0          8          0       3731   retarget.o
       672        636          0          0       2048        580   startup_rvmdk.o
       116         26          0          0          0       2008   termio.o
       116         14         45          8          0       2788   uartstdio.o

    ----------------------------------------------------------------------
      3142       1288        260         48       2104      42356   Object Totals
         0          0         32          0          0          0   (incl. Generated)
         4          0          4          3          0          0   (incl. Padding)

    ----------------------------------------------------------------------

      Code (inc. data)   RO Data    RW Data    ZI Data      Debug   Library Member Name

         8          0          0          0          0         68   __main.o
       104          0          0          0          0         84   __printf.o
        52          8          0          0          0          0   __scatter.o
        26          0          0          0          0          0   __scatter_copy.o
        28          0          0          0          0          0   __scatter_zi.o
        44          0          0          0          0        108   _printf_char.o
        48          6          0          0          0         96   _printf_char_common.o
        36          4          0          0          0         80   _printf_char_file.o
         6          0          0          0          0          0   _printf_d.o
       116         16          0          0          0         92   _printf_dec.o
       178          0          0          0          0         88   _printf_intcommon.o
         0          0          0          0          0          0   _printf_percent.o
         4          0          0          0          0          0   _printf_percent_end.o
         6          0          0          0          0          0   _printf_s.o
        82          0          0          0          0         80   _printf_str.o
        12          0          0          0          0         72   exit.o
         4          0          0          0          0         68   getc.o
         6          0          0          0          0        152   heapauxi.o
         2          0          0          0          0          0   libinit.o
         6          0          0          0          0          0   libinit2.o
         2          0          0          0          0          0   libshutdown.o
         2          0          0          0          0          0   libshutdown2.o
         8          4          0          0         96         68   libspace.o
        24          4          0          0          0         84   noretval__2printf.o
        44          4          0          0          0         84   puts.o
         0          0          0          0          0          0   rtentry.o
        12          0          0          0          0          0   rtentry2.o
         6          0          0          0          0          0   rtentry4.o
         2          0          0          0          0          0   rtexit.o
        10          0          0          0          0          0   rtexit2.o
        74          0          0          0          0         80   sys_stackheap_outer.o
         2          0          0          0          0         68   use_no_semi.o
        38          0          0          0          0        504   cpu.o
       454          8        528          0          0       5929   gpio.o
        14          0          0          0          0        450   interrupt.o
       334         22          0          0          0       1550   sysctl.o
        38          0          0          0          0       1218   systick.o
         4          0          0          0          0        424   timer.o
        18          0          0          0          0        867   uart.o
        10          0          0          0          0        116   fpinit.o

    ----------------------------------------------------------------------
      1886         76        528          0         96      12430   Library Totals
        22          0          0          0          0          0   (incl. Padding)

    ----------------------------------------------------------------------

      Code (inc. data)   RO Data    RW Data    ZI Data      Debug   Library Name

       954         46          0          0         96       1372   c_w.l
       900         30        528          0          0      10942   driverlib.lib
        10          0          0          0          0        116   fz_wm.l

    ----------------------------------------------------------------------
      1886         76        528          0         96      12430   Library Totals

    ----------------------------------------------------------------------

==============================================================================


      Code (inc. data)   RO Data    RW Data    ZI Data      Debug   

      5028       1364        788         48       2200      49562   Grand Totals
      5028       1364        788         48       2200      49562   ELF Image Totals
      5028       1364        788         48          0          0   ROM Totals

==============================================================================

    Total RO  Size (Code + RO Data)                 5816 (   5.68kB)
    Total RW  Size (RW Data + ZI Data)              2248 (   2.20kB)
    Total ROM Size (Code + RO Data + RW Data)       5864 (   5.73kB)

==============================================================================

