<html>
<body>
<pre>
<h1>µVision Build Log</h1>
<h2>Project:</h2>
U:\_ME218cTeams\Team 1\Project\Code\HardwareTesting\DOG\UVFrameworkTemplate.uvprojx
Project File Date:  05/24/2017

<h2>Output:</h2>
Build target 'BaseFrameworkTarget'
linking...
Program Size: Code=5036 RO-data=788 RW-data=48 ZI-data=2384  
After Build - User command #1: fromelf --bin --output .\Outputs\BaseTarget.bin .\Outputs\BaseTarget.axf
".\Outputs\BaseTarget.axf" - 0 Error(s), 0 Warning(s).
" - 0 Error(s), 0 Warning(s).
Timer.c...
compiling ADMulti.c...
compiling Hardware.c...
compiling I2C_Service.c...
compiling HardwareTestService.c...
assembling startup_rvmdk.S...
compiling ES_CheckEvents.c...
compiling ES_DeferRecall.c...
compiling ES_Framework.c...
compiling ES_LookupTables.c...
compiling ES_Port.c...
compiling ES_PostList.c...
compiling ES_Queue.c...
compiling ES_Timers.c...
compiling retarget.c...
compiling termio.c...
compiling uartstdio.c...
linking...
.\Outputs\BaseTarget.axf: Error: L6218E: Undefined symbol RXTX_ISR (referred from startup_rvmdk.o).
Not enough information to list image symbols.
Finished: 1 information, 0 warning and 1 error messages.
".\Outputs\BaseTarget.axf" - 1 Error(s), 1 Warning(s).
Target not created
);
Source\EventCheckers.c(91): warning:  #223-D: function "PostDogTXSM" declared implicitly
                        PostDogTXSM(ReturnEvent);
Source\EventCheckers.c(93): warning:  #223-D: function "setDogDataHeader" declared implicitly
                        setDogDataHeader(STATUS);
Source\EventCheckers.c(96): warning:  #223-D: function "PostDogTXSM" declared implicitly
                        PostDogTXSM(ReturnEvent);
Source\EventCheckers.c(101): warning:  #223-D: function "setDogDataHeader" declared implicitly
                        setDogDataHeader(PAIR_ACK);
Source\EventCheckers.c(104): warning:  #223-D: function "PostDogTXSM" declared implicitly
                        PostDogTXSM(ReturnEvent);
Source\EventCheckers.c(106): warning:  #223-D: function "setDogDataHeader" declared implicitly
                        setDogDataHeader(ENCR_RESET);
Source\EventCheckers.c(109): warning:  #223-D: function "PostDogTXSM" declared implicitly
                        PostDogTXSM(ReturnEvent);
Source\EventCheckers.c(111): warning:  #223-D: function "setDogDataHeader" declared implicitly
                        setDogDataHeader(STATUS);
Source\EventCheckers.c(114): warning:  #223-D: function "PostDogTXSM" declared implicitly
                        PostDogTXSM(ReturnEvent);
Source\EventCheckers.c: 16 warnings, 0 errors
compiling TemplateFSM.c...
compiling ES_ShortTimer.c...
compiling Hardware.c...
compiling I2C_Service.c...
compiling HardwareTestService.c...
compiling ES_CheckEvents.c...
compiling ES_DeferRecall.c...
compiling ES_Framework.c...
compiling ES_PostList.c...
compiling ES_Queue.c...
compiling ES_Timers.c...
linking...
.\Outputs\BaseTarget.axf: Error: L6218E: Undefined symbol PostDogMasterSM (referred from eventcheckers.o).
.\Outputs\BaseTarget.axf: Error: L6218E: Undefined symbol PostDogRXSM (referred from eventcheckers.o).
.\Outputs\BaseTarget.axf: Error: L6218E: Undefined symbol PostDogTXSM (referred from eventcheckers.o).
.\Outputs\BaseTarget.axf: Error: L6218E: Undefined symbol sendToPIC (referred from eventcheckers.o).
.\Outputs\BaseTarget.axf: Error: L6218E: Undefined symbol setDogDataHeader (referred from eventcheckers.o).
.\Outputs\BaseTarget.axf: Error: L6218E: Undefined symbol RXTX_ISR (referred from startup_rvmdk.o).
Not enough information to list image symbols.
Finished: 1 information, 0 warning and 6 error messages.
".\Outputs\BaseTarget.axf" - 6 Error(s), 16 Warning(s).
Target not created
et.axf" 
_____^
*** error 56: cannot open file
Error: Flash Download failed  -  Could not load file 'U:\_ME218cTeams\Team 1\Project\Code\HardwareTesting\DOG\Outputs\BaseTarget.axf'
