<html>
<body>
<pre>
<h1>µVision Build Log</h1>
<h2>Project:</h2>
U:\bglasner\My Documents\pics_before_chicks\DOG\UVFrameworkTemplate.uvprojx
Project File Date:  05/28/2017

<h2>Output:</h2>
Rebuild target 'BaseFrameworkTarget'
compiling main.c...
compiling EventCheckers.c...
compiling TemplateFSM.c...
compiling ES_ShortTimer.c...
compiling ADMulti.c...
compiling Hardware.c...
Source\Hardware.c(228): warning:  #186-D: pointless comparison of unsigned integer with zero
        if((DriveCtrl >= 0) && (DriveCtrl < 127)) //If we are less than 127, we are going in reverse
Source\Hardware.c(121): warning:  #177-D: function "UART_Init" was declared but never referenced
  static void UART_Init(void)
Source\Hardware.c: 2 warnings, 0 errors
compiling HardwareTestService.c...
assembling startup_rvmdk.S...
compiling ES_CheckEvents.c...
compiling ES_DeferRecall.c...
compiling ES_Framework.c...
compiling ES_LookupTables.c...
compiling ES_Port.c...
compiling ES_PostList.c...
compiling ES_Queue.c...
compiling ES_Timers.c...
compiling retarget.c...
compiling termio.c...
compiling uartstdio.c...
linking...
Program Size: Code=7012 RO-data=788 RW-data=68 ZI-data=2380  
After Build - User command #1: fromelf --bin --output .\Outputs\BaseTarget.bin .\Outputs\BaseTarget.axf
".\Outputs\BaseTarget.axf" - 0 Error(s), 2 Warning(s).
</pre>
</body>
</html>
uments\\pics_before_chicks\\DOG\\Outputs\\BaseTarget.axf" 
Connecting: Mode=JTAG, Speed=1000000Hz
Erase Done.
Programming Done.
Verify OK.

Source\DogTXSM.c(78): warning:  #177-D: variable "GyroX_LSB" was declared but never referenced
  static uint8_t GyroX_LSB;
Source\DogTXSM.c(79): warning:  #177-D: variable "GyroY_MSB" was declared but never referenced
  static uint8_t GyroY_MSB;
Source\DogTXSM.c(80): warning:  #177-D: variable "GyroY_LSB" was declared but never referenced
  static uint8_t GyroY_LSB;
Source\DogTXSM.c(81): warning:  #177-D: variable "GyroZ_MSB" was declared but never referenced
  static uint8_t GyroZ_MSB;
Source\DogTXSM.c(82): warning:  #177-D: variable "GyroZ_LSB" was declared but never referenced
  static uint8_t GyroZ_LSB;
Source\DogTXSM.c: 12 warnings, 0 errors
compiling DogMasterSM.c...
Source\DogMasterSM.c(59): warning:  #177-D: variable "DogSelect" was declared but never referenced
  static uint8_t DogSelect;
Source\DogMasterSM.c: 1 warning, 0 errors
compiling DiscoBallSM.c...
assembling startup_rvmdk.S...
compiling ES_CheckEvents.c...
compiling ES_DeferRecall.c...
compiling ES_Framework.c...
compiling ES_LookupTables.c...
compiling ES_Port.c...
compiling ES_PostList.c...
compiling ES_Queue.c...
compiling ES_Timers.c...
compiling retarget.c...
compiling termio.c...
compiling uartstdio.c...
linking...
Program Size: Code=11324 RO-data=992 RW-data=144 ZI-data=2800  
After Build - User command #1: fromelf --bin --output .\Outputs\BaseTarget.bin .\Outputs\BaseTarget.axf
".\Outputs\BaseTarget.axf" - 0 Error(s), 14 Warning(s).
bol ClearDataArray (referred from dogmastersm.o).
.\Outputs\BaseTarget.axf: Error: L6218E: Undefined symbol DecryptData (referred from dogmastersm.o).
.\Outputs\BaseTarget.axf: Error: L6218E: Undefined symbol PostDogRXSM (referred from dogmastersm.o).
.\Outputs\BaseTarget.axf: Error: L6218E: Undefined symbol ResetEncr (referred from dogmastersm.o).
.\Outputs\BaseTarget.axf: Error: L6218E: Undefined symbol StoreEncr (referred from dogmastersm.o).
.\Outputs\BaseTarget.axf: Error: L6218E: Undefined symbol getBrakeData (referred from dogmastersm.o).
.\Outputs\BaseTarget.axf: Error: L6218E: Undefined symbol getHeader (referred from dogmastersm.o).
.\Outputs\BaseTarget.axf: Error: L6218E: Undefined symbol getLSBAddress (referred from dogmastersm.o).
.\Outputs\BaseTarget.axf: Error: L6218E: Undefined symbol getMSBAddress (referred from dogmastersm.o).
.\Outputs\BaseTarget.axf: Error: L6218E: Undefined symbol getMoveData (referred from dogmastersm.o).
.\Outputs\BaseTarget.axf: Error: L6218E: Undefined symbol getPerData (referred from dogmastersm.o).
.\Outputs\BaseTarget.axf: Error: L6218E: Undefined symbol getSoftwareDogTag (referred from dogmastersm.o).
.\Outputs\BaseTarget.axf: Error: L6218E: Undefined symbol getTurnData (referred from dogmastersm.o).
Not enough information to list image symbols.
Finished: 1 information, 0 warning and 13 error messages.
".\Outputs\BaseTarget.axf" - 13 Error(s), 15 Warning(s).
Target not created
