<html>
<body>
<pre>
<h1>µVision Build Log</h1>
<h2>Project:</h2>
U:\dvlaming\My Documents\C\Code\Project\pics_before_chicks\DOG\UVFrameworkTemplate.uvprojx
Project File Date:  05/13/2017

<h2>Output:</h2>
Rebuild target 'BaseFrameworkTarget'
compiling main.c...
compiling EventCheckers.c...
compiling TestHarnessService0.c...
compiling TemplateFSM.c...
compiling ES_ShortTimer.c...
compiling ADMulti.c...
compiling Hardware.c...
Source\Hardware.c(292): warning:  #1-D: last line of file ends without a newline
  #endif
Source\Hardware.c: 1 warning, 0 errors
assembling startup_rvmdk.S...
compiling ES_CheckEvents.c...
compiling ES_DeferRecall.c...
compiling ES_Framework.c...
compiling ES_LookupTables.c...
compiling ES_Port.c...
compiling ES_PostList.c...
compiling ES_Queue.c...
compiling ES_Timers.c...
compiling retarget.c...
compiling termio.c...
compiling uartstdio.c...
linking...
Program Size: Code=6156 RO-data=1064 RW-data=48 ZI-data=2216  
After Build - User command #1: fromelf --bin --output .\Outputs\BaseTarget.bin .\Outputs\BaseTarget.axf
".\Outputs\BaseTarget.axf" - 0 Error(s), 1 Warning(s).
