<html>
<body>
<pre>
<h1>µVision Build Log</h1>
<h2>Project:</h2>
U:\dvlaming\My Documents\C\Code\Project\pics_before_chicks\DOG\UVFrameworkTemplate.uvprojx
Project File Date:  05/15/2017

<h2>Output:</h2>
</pre>
</body>
</html>
orkTarget'
compiling main.c...
compiling EventCheckers.c...
.\Headers\DogTXSM.h(30): warning:  #1-D: last line of file ends without a newline
                                                        
Source\EventCheckers.c(72): warning:  #1-D: last line of file ends without a newline
  }
Source\EventCheckers.c: 2 warnings, 0 errors
compiling TemplateFSM.c...
compiling ES_ShortTimer.c...
compiling ADMulti.c...
compiling Hardware.c...
compiling I2C_Service.c...
compiling DogRXSM.c...
.\Headers\DogTXSM.h(30): warning:  #1-D: last line of file ends without a newline
                                                        
Source\DogRXSM.c: 1 warning, 0 errors
compiling DogTXSM.c...
.\Headers\DogTXSM.h(30): warning:  #1-D: last line of file ends without a newline
                                                        
Source\DogTXSM.c(296): warning:  #177-D: function "ClearMessageArray" was declared but never referenced
  static void ClearMessageArray( void ){
Source\DogTXSM.c: 2 warnings, 0 errors
assembling startup_rvmdk.S...
compiling ES_CheckEvents.c...
compiling ES_DeferRecall.c...
compiling ES_Framework.c...
.\Headers\DogTXSM.h(30): warning:  #1-D: last line of file ends without a newline
                                                        
Source\ES_Framework.c: 1 warning, 0 errors
compiling ES_LookupTables.c...
compiling ES_Port.c...
compiling ES_PostList.c...
.\Headers\DogTXSM.h(30): warning:  #1-D: last line of file ends without a newline
                                                        
Source\ES_PostList.c: 1 warning, 0 errors
compiling ES_Queue.c...
compiling ES_Timers.c...
.\Headers\DogTXSM.h(30): warning:  #1-D: last line of file ends without a newline
                                                        
Source\ES_Timers.c: 1 warning, 0 errors
compiling retarget.c...
compiling termio.c...
compiling uartstdio.c...
linking...
Program Size: Code=11592 RO-data=1044 RW-data=88 ZI-data=2288  
After Build - User command #1: fromelf --bin --output .\Outputs\BaseTarget.bin .\Outputs\BaseTarget.axf
".\Outputs\BaseTarget.axf" - 0 Error(s), 8 Warning(s).
