<html>
<body>
<pre>
<h1>µVision Build Log</h1>
<h2>Project:</h2>
U:\dvlaming\My Documents\C\Code\Project\pics_before_chicks\DOG\UVFrameworkTemplate.uvprojx
Project File Date:  05/14/2017

<h2>Output:</h2>
Build target 'BaseFrameworkTarget'
compiling main.c...
compiling Hardware.c...
compiling I2C_Service.c...
Source\I2C_Service.c(44): warning:  #177-D: variable "NextState" was declared but never referenced
        I2C_State NextState = CurrentState;
Source\I2C_Service.c(104): warning:  #1-D: last line of file ends without a newline
  }
Source\I2C_Service.c: 2 warnings, 0 errors
linking...
Program Size: Code=5028 RO-data=788 RW-data=48 ZI-data=2200  
After Build - User command #1: fromelf --bin --output .\Outputs\BaseTarget.bin .\Outputs\BaseTarget.axf
".\Outputs\BaseTarget.axf" - 0 Error(s), 2 Warning(s).
Load "U:\\dvlaming\\My Documents\\C\\Code\\Project\\pics_before_chicks\\DOG\\Outputs\\BaseTarget.axf" 
Connecting: Mode=JTAG, Speed=1000000Hz
Erase Done.
Programming Done.
Verify OK.
</pre>
</body>
</html>
uments\\C\\Code\\Project\\pics_before_chicks\\DOG\\Outputs\\BaseTarget.axf" 
Connecting: Mode=JTAG, Speed=1000000Hz
Erase Done.
Programming Done.
Verify OK.
iling retarget.c...
compiling termio.c...
compiling uartstdio.c...
linking...
Program Size: Code=5032 RO-data=788 RW-data=48 ZI-data=2200  
After Build - User command #1: fromelf --bin --output .\Outputs\BaseTarget.bin .\Outputs\BaseTarget.axf
".\Outputs\BaseTarget.axf" - 0 Error(s), 3 Warning(s).
Load "U:\\dvlaming\\My Documents\\C\\Code\\Project\\pics_before_chicks\\DOG\\Outputs\\BaseTarget.axf" 
Connecting: Mode=JTAG, Speed=1000000Hz
Erase Done.
Programming Done.
Verify OK.
ash Download failed  -  Target DLL has been cancelled
Load "U:\\dvlaming\\My Documents\\C\\Code\\Project\\pics_before_chicks\\DOG\\Outputs\\BaseTarget.axf" 
Connecting: Mode=JTAG, Speed=1000000Hz
Erase Done.
Programming Done.
Verify OK.
