<html>
<body>
<pre>
<h1>µVision Build Log</h1>
<h2>Project:</h2>
U:\millerm2\My Documents\ME218C\Project\Matthew Branch\pics_before_chicks\DOG\UVFrameworkTemplate.uvprojx
Project File Date:  05/14/2017

<h2>Output:</h2>
Rebuild target 'BaseFrameworkTarget'
compiling main.c...
compiling EventCheckers.c...
compiling TemplateFSM.c...
compiling ES_ShortTimer.c...
compiling Hardware.c...
compiling ADMulti.c...
compiling DogRXSM.c...
assembling startup_rvmdk.S...
compiling ES_CheckEvents.c...
compiling ES_DeferRecall.c...
compiling ES_Framework.c...
compiling ES_LookupTables.c...
compiling ES_Port.c...
compiling ES_PostList.c...
compiling ES_Queue.c...
compiling ES_Timers.c...
compiling retarget.c...
compiling termio.c...
compiling uartstdio.c...
linking...
Program Size: Code=6052 RO-data=788 RW-data=56 ZI-data=2232  
After Build - User command #1: fromelf --bin --output .\Outputs\BaseTarget.bin .\Outputs\BaseTarget.axf
".\Outputs\BaseTarget.axf" - 0 Error(s), 0 Warning(s).
</pre>
</body>
</html>
d - User command #1: fromelf --bin --output .\Outputs\BaseTarget.bin .\Outputs\BaseTarget.axf
".\Outputs\BaseTarget.axf" - 0 Error(s), 1 Warning(s).
.
compiling uartstdio.c...
linking...
Program Size: Code=6068 RO-data=788 RW-data=56 ZI-data=2232  
After Build - User command #1: fromelf --bin --output .\Outputs\BaseTarget.bin .\Outputs\BaseTarget.axf
".\Outputs\BaseTarget.axf" - 0 Error(s), 3 Warning(s).

linking...
Program Size: Code=6068 RO-data=788 RW-data=56 ZI-data=2232  
After Build - User command #1: fromelf --bin --output .\Outputs\BaseTarget.bin .\Outputs\BaseTarget.axf
".\Outputs\BaseTarget.axf" - 0 Error(s), 4 Warning(s).
