<html>
<body>
<pre>
<h1>µVision Build Log</h1>
<h2>Project:</h2>
U:\bglasner\My Documents\pics_before_chicks\DOG\UVFrameworkTemplate.uvprojx
Project File Date:  05/29/2017

<h2>Output:</h2>
Build target 'BaseFrameworkTarget'
linking...
Program Size: Code=11392 RO-data=992 RW-data=144 ZI-data=2800  
After Build - User command #1: fromelf --bin --output .\Outputs\BaseTarget.bin .\Outputs\BaseTarget.axf
".\Outputs\BaseTarget.axf" - 0 Error(s), 0 Warning(s).
Load "U:\\bglasner\\My Documents\\pics_before_chicks\\DOG\\Outputs\\BaseTarget.axf" 
Connecting: Mode=JTAG, Speed=1000000Hz
Erase Done.
Programming Done.
Verify OK.
Load "U:\\bglasner\\My Documents\\pics_before_chicks\\DOG\\Outputs\\BaseTarget.axf" 
Connecting: Mode=JTAG, Speed=1000000Hz
Erase Done.
Programming Done.
Verify OK.
Load "U:\\bglasner\\My Documents\\pics_before_chicks\\DOG\\Outputs\\BaseTarget.axf" 
Connecting: Mode=JTAG, Speed=1000000Hz
Erase Done.
Programming Done.
Verify OK.
</pre>
</body>
</html>
s declared but never referenced
  static uint8_t AccelY_LSB;
Source\DogTXSM.c(74): warning:  #177-D: variable "AccelZ_MSB" was declared but never referenced
  static uint8_t AccelZ_MSB;
Source\DogTXSM.c(75): warning:  #177-D: variable "AccelZ_LSB" was declared but never referenced
  static uint8_t AccelZ_LSB;
Source\DogTXSM.c(77): warning:  #177-D: variable "GyroX_MSB" was declared but never referenced
  static uint8_t GyroX_MSB;
Source\DogTXSM.c(78): warning:  #177-D: variable "GyroX_LSB" was declared but never referenced
  static uint8_t GyroX_LSB;
Source\DogTXSM.c(79): warning:  #177-D: variable "GyroY_MSB" was declared but never referenced
  static uint8_t GyroY_MSB;
Source\DogTXSM.c(80): warning:  #177-D: variable "GyroY_LSB" was declared but never referenced
  static uint8_t GyroY_LSB;
Source\DogTXSM.c(81): warning:  #177-D: variable "GyroZ_MSB" was declared but never referenced
  static uint8_t GyroZ_MSB;
Source\DogTXSM.c(82): warning:  #177-D: variable "GyroZ_LSB" was declared but never referenced
  static uint8_t GyroZ_LSB;
Source\DogTXSM.c: 12 warnings, 0 errors
compiling DogMasterSM.c...
Source\DogMasterSM.c(59): warning:  #177-D: variable "DogSelect" was declared but never referenced
  static uint8_t DogSelect;
Source\DogMasterSM.c: 1 warning, 0 errors
compiling DiscoBallSM.c...
linking...
Program Size: Code=11392 RO-data=992 RW-data=144 ZI-data=2800  
After Build - User command #1: fromelf --bin --output .\Outputs\BaseTarget.bin .\Outputs\BaseTarget.axf
".\Outputs\BaseTarget.axf" - 0 Error(s), 14 Warning(s).
Load "U:\\bglasner\\My Documents\\pics_before_chicks\\DOG\\Outputs\\BaseTarget.axf" 
Connecting: Mode=JTAG, Speed=1000000Hz
Erase Done.
Programming Done.
Error: Flash Download failed  -  "Cortex-M4"
 has been cancelled
Load "U:\\bglasner\\My Documents\\pics_before_chicks\\DOG\\Outputs\\BaseTarget.axf" 
Connecting: Mode=JTAG, Speed=1000000Hz
Erase Done.
Programming Done.
Verify OK.
s), 14 Warning(s).
Load "U:\\bglasner\\My Documents\\pics_before_chicks\\DOG\\Outputs\\BaseTarget.axf" 
Connecting: Mode=JTAG, Speed=1000000Hz
Erase Done.
Programming Done.
Verify OK.
